[     214ms] [INFO] %cDownload the React DevTools for a better development experience: https://react.dev/link/react-devtools font-weight:bold @ webpack-internal:///(app-pages-browser)/./node_modules/next/dist/compiled/react-dom/cjs/react-dom-client.development.js:24514
[     353ms] [LOG] useLayoutEffect running. showLoading: true @ webpack-internal:///(app-pages-browser)/./src/components/sections/FullScreenSlideshow.tsx:198
[     386ms] [WARNING] Image with src "/logo/logo.webp" has either width or height modified, but not the other. If you use CSS to change the size of your image, also include the styles 'width: "auto"' or 'height: "auto"' to maintain the aspect ratio. @ webpack-internal:///(app-pages-browser)/./node_modules/next/dist/shared/lib/utils/warn-once.js:15
[    1838ms] [LOG] useLayoutEffect running. showLoading: false @ webpack-internal:///(app-pages-browser)/./src/components/sections/FullScreenSlideshow.tsx:198
[    1838ms] [LOG] Loading finished, initializing ScrollTrigger @ webpack-internal:///(app-pages-browser)/./src/components/sections/FullScreenSlideshow.tsx:201
[    1838ms] [LOG] Refs check: {wrapRef: true, fixedSection: true, fixedContainer: true, bgContainer: true, header: true} @ webpack-internal:///(app-pages-browser)/./src/components/sections/FullScreenSlideshow.tsx:217
[    3435ms] [WARNING] The resource http://localhost:3000/_next/image?url=%2Fbest%20shots%2FProduct%20image%2Fproduct-bodywash.webp&w=3840&q=75 was preloaded using link preload but not used within a few seconds from the window's load event. Please make sure it has an appropriate `as` value and it is preloaded intentionally. @ http://localhost:3000/:0
[    3435ms] [WARNING] The resource http://localhost:3000/_next/image?url=%2Flogo%2Flogo.webp&w=384&q=75 was preloaded using link preload but not used within a few seconds from the window's load event. Please make sure it has an appropriate `as` value and it is preloaded intentionally. @ http://localhost:3000/:0
[    8638ms] [WARNING] The resource http://localhost:3000/_next/image?url=%2Fbest%20shots%2FProduct%20image%2Fproduct-bodywash.webp&w=3840&q=75 was preloaded using link preload but not used within a few seconds from the window's load event. Please make sure it has an appropriate `as` value and it is preloaded intentionally. @ http://localhost:3000/:0
[    8638ms] [WARNING] The resource http://localhost:3000/_next/image?url=%2Flogo%2Flogo.webp&w=384&q=75 was preloaded using link preload but not used within a few seconds from the window's load event. Please make sure it has an appropriate `as` value and it is preloaded intentionally. @ http://localhost:3000/:0
[   18388ms] [WARNING] The resource http://localhost:3000/_next/image?url=%2Fbest%20shots%2FProduct%20image%2Fproduct-bodywash.webp&w=3840&q=75 was preloaded using link preload but not used within a few seconds from the window's load event. Please make sure it has an appropriate `as` value and it is preloaded intentionally. @ http://localhost:3000/:0
[   18388ms] [WARNING] The resource http://localhost:3000/_next/image?url=%2Flogo%2Flogo.webp&w=384&q=75 was preloaded using link preload but not used within a few seconds from the window's load event. Please make sure it has an appropriate `as` value and it is preloaded intentionally. @ http://localhost:3000/:0
[   23639ms] [WARNING] The resource http://localhost:3000/_next/image?url=%2Fbest%20shots%2FProduct%20image%2Fproduct-bodywash.webp&w=3840&q=75 was preloaded using link preload but not used within a few seconds from the window's load event. Please make sure it has an appropriate `as` value and it is preloaded intentionally. @ http://localhost:3000/:0
[   23639ms] [WARNING] The resource http://localhost:3000/_next/image?url=%2Flogo%2Flogo.webp&w=384&q=75 was preloaded using link preload but not used within a few seconds from the window's load event. Please make sure it has an appropriate `as` value and it is preloaded intentionally. @ http://localhost:3000/:0
[   33466ms] [WARNING] The resource http://localhost:3000/_next/image?url=%2Fbest%20shots%2FProduct%20image%2Fproduct-bodywash.webp&w=3840&q=75 was preloaded using link preload but not used within a few seconds from the window's load event. Please make sure it has an appropriate `as` value and it is preloaded intentionally. @ http://localhost:3000/:0
[   33466ms] [WARNING] The resource http://localhost:3000/_next/image?url=%2Flogo%2Flogo.webp&w=384&q=75 was preloaded using link preload but not used within a few seconds from the window's load event. Please make sure it has an appropriate `as` value and it is preloaded intentionally. @ http://localhost:3000/:0
[   38717ms] [WARNING] The resource http://localhost:3000/_next/image?url=%2Fbest%20shots%2FProduct%20image%2Fproduct-bodywash.webp&w=3840&q=75 was preloaded using link preload but not used within a few seconds from the window's load event. Please make sure it has an appropriate `as` value and it is preloaded intentionally. @ http://localhost:3000/:0
[   38717ms] [WARNING] The resource http://localhost:3000/_next/image?url=%2Flogo%2Flogo.webp&w=384&q=75 was preloaded using link preload but not used within a few seconds from the window's load event. Please make sure it has an appropriate `as` value and it is preloaded intentionally. @ http://localhost:3000/:0
[   39989ms] [LOG] mainST onUpdate fired! Progress: 0.004046858359957401 @ webpack-internal:///(app-pages-browser)/./src/components/sections/FullScreenSlideshow.tsx:555
[   40005ms] [LOG] mainST onUpdate fired! Progress: 0.008200212992545261 @ webpack-internal:///(app-pages-browser)/./src/components/sections/FullScreenSlideshow.tsx:555
[   40022ms] [LOG] mainST onUpdate fired! Progress: 0.012034078807241746 @ webpack-internal:///(app-pages-browser)/./src/components/sections/FullScreenSlideshow.tsx:555
[   40039ms] [LOG] mainST onUpdate fired! Progress: 0.015548455804046858 @ webpack-internal:///(app-pages-browser)/./src/components/sections/FullScreenSlideshow.tsx:555
[   40055ms] [LOG] mainST onUpdate fired! Progress: 0.018849840255591055 @ webpack-internal:///(app-pages-browser)/./src/components/sections/FullScreenSlideshow.tsx:555
[   40072ms] [LOG] mainST onUpdate fired! Progress: 0.021831735889243878 @ webpack-internal:///(app-pages-browser)/./src/components/sections/FullScreenSlideshow.tsx:555
[   40089ms] [LOG] mainST onUpdate fired! Progress: 0.024600638977635782 @ webpack-internal:///(app-pages-browser)/./src/components/sections/FullScreenSlideshow.tsx:555
[   40105ms] [LOG] mainST onUpdate fired! Progress: 0.027156549520766772 @ webpack-internal:///(app-pages-browser)/./src/components/sections/FullScreenSlideshow.tsx:555
[   40122ms] [LOG] mainST onUpdate fired! Progress: 0.029499467518636847 @ webpack-internal:///(app-pages-browser)/./src/components/sections/FullScreenSlideshow.tsx:555
[   40139ms] [LOG] mainST onUpdate fired! Progress: 0.031735889243876464 @ webpack-internal:///(app-pages-browser)/./src/components/sections/FullScreenSlideshow.tsx:555
[   40155ms] [LOG] mainST onUpdate fired! Progress: 0.03375931842385516 @ webpack-internal:///(app-pages-browser)/./src/components/sections/FullScreenSlideshow.tsx:555
[   40172ms] [LOG] mainST onUpdate fired! Progress: 0.03567625133120341 @ webpack-internal:///(app-pages-browser)/./src/components/sections/FullScreenSlideshow.tsx:555
[   40189ms] [LOG] mainST onUpdate fired! Progress: 0.03738019169329074 @ webpack-internal:///(app-pages-browser)/./src/components/sections/FullScreenSlideshow.tsx:555
[   40205ms] [LOG] mainST onUpdate fired! Progress: 0.038977635782747606 @ webpack-internal:///(app-pages-browser)/./src/components/sections/FullScreenSlideshow.tsx:555
[   40222ms] [LOG] mainST onUpdate fired! Progress: 0.04046858359957402 @ webpack-internal:///(app-pages-browser)/./src/components/sections/FullScreenSlideshow.tsx:555
[   40239ms] [LOG] mainST onUpdate fired! Progress: 0.042598509052183174 @ webpack-internal:///(app-pages-browser)/./src/components/sections/FullScreenSlideshow.tsx:555
[   40255ms] [LOG] mainST onUpdate fired! Progress: 0.04536741214057508 @ webpack-internal:///(app-pages-browser)/./src/components/sections/FullScreenSlideshow.tsx:555
[   40272ms] [LOG] mainST onUpdate fired! Progress: 0.04888178913738019 @ webpack-internal:///(app-pages-browser)/./src/components/sections/FullScreenSlideshow.tsx:555
[   40289ms] [LOG] mainST onUpdate fired! Progress: 0.05282215122470713 @ webpack-internal:///(app-pages-browser)/./src/components/sections/FullScreenSlideshow.tsx:555
[   40305ms] [LOG] mainST onUpdate fired! Progress: 0.05729499467518637 @ webpack-internal:///(app-pages-browser)/./src/components/sections/FullScreenSlideshow.tsx:555
[   40322ms] [LOG] mainST onUpdate fired! Progress: 0.06144834930777423 @ webpack-internal:///(app-pages-browser)/./src/components/sections/FullScreenSlideshow.tsx:555
[   40339ms] [LOG] mainST onUpdate fired! Progress: 0.06528221512247072 @ webpack-internal:///(app-pages-browser)/./src/components/sections/FullScreenSlideshow.tsx:555
[   40355ms] [LOG] mainST onUpdate fired! Progress: 0.06879659211927583 @ webpack-internal:///(app-pages-browser)/./src/components/sections/FullScreenSlideshow.tsx:555
[   40372ms] [LOG] mainST onUpdate fired! Progress: 0.07209797657082002 @ webpack-internal:///(app-pages-browser)/./src/components/sections/FullScreenSlideshow.tsx:555
[   40389ms] [LOG] mainST onUpdate fired! Progress: 0.0751863684771033 @ webpack-internal:///(app-pages-browser)/./src/components/sections/FullScreenSlideshow.tsx:555
[   40405ms] [LOG] mainST onUpdate fired! Progress: 0.07784877529286476 @ webpack-internal:///(app-pages-browser)/./src/components/sections/FullScreenSlideshow.tsx:555
[   40422ms] [LOG] mainST onUpdate fired! Progress: 0.08040468583599573 @ webpack-internal:///(app-pages-browser)/./src/components/sections/FullScreenSlideshow.tsx:555
[   40439ms] [LOG] mainST onUpdate fired! Progress: 0.08285410010649627 @ webpack-internal:///(app-pages-browser)/./src/components/sections/FullScreenSlideshow.tsx:555
[   40455ms] [LOG] mainST onUpdate fired! Progress: 0.08498402555910543 @ webpack-internal:///(app-pages-browser)/./src/components/sections/FullScreenSlideshow.tsx:555
[   40472ms] [LOG] mainST onUpdate fired! Progress: 0.08700745473908413 @ webpack-internal:///(app-pages-browser)/./src/components/sections/FullScreenSlideshow.tsx:555
[   40489ms] [LOG] mainST onUpdate fired! Progress: 0.08892438764643237 @ webpack-internal:///(app-pages-browser)/./src/components/sections/FullScreenSlideshow.tsx:555
[   40505ms] [LOG] mainST onUpdate fired! Progress: 0.0906283280085197 @ webpack-internal:///(app-pages-browser)/./src/components/sections/FullScreenSlideshow.tsx:555
[   40522ms] [LOG] mainST onUpdate fired! Progress: 0.09222577209797657 @ webpack-internal:///(app-pages-browser)/./src/components/sections/FullScreenSlideshow.tsx:555
[   40539ms] [LOG] mainST onUpdate fired! Progress: 0.09446219382321619 @ webpack-internal:///(app-pages-browser)/./src/components/sections/FullScreenSlideshow.tsx:555
[   40555ms] [LOG] mainST onUpdate fired! Progress: 0.09744408945686901 @ webpack-internal:///(app-pages-browser)/./src/components/sections/FullScreenSlideshow.tsx:555
[   40572ms] [LOG] mainST onUpdate fired! Progress: 0.10095846645367412 @ webpack-internal:///(app-pages-browser)/./src/components/sections/FullScreenSlideshow.tsx:555
[   40572ms] [LOG] Changing to section: 1 @ webpack-internal:///(app-pages-browser)/./src/components/sections/FullScreenSlideshow.tsx:561
[   40589ms] [LOG] mainST onUpdate fired! Progress: 0.10500532481363152 @ webpack-internal:///(app-pages-browser)/./src/components/sections/FullScreenSlideshow.tsx:555
[   40605ms] [LOG] mainST onUpdate fired! Progress: 0.10958466453674122 @ webpack-internal:///(app-pages-browser)/./src/components/sections/FullScreenSlideshow.tsx:555
[   40622ms] [LOG] mainST onUpdate fired! Progress: 0.11384451544195953 @ webpack-internal:///(app-pages-browser)/./src/components/sections/FullScreenSlideshow.tsx:555
[   40639ms] [LOG] mainST onUpdate fired! Progress: 0.11767838125665601 @ webpack-internal:///(app-pages-browser)/./src/components/sections/FullScreenSlideshow.tsx:555
[   40656ms] [LOG] mainST onUpdate fired! Progress: 0.12129925452609158 @ webpack-internal:///(app-pages-browser)/./src/components/sections/FullScreenSlideshow.tsx:555
[   40672ms] [LOG] mainST onUpdate fired! Progress: 0.12460063897763578 @ webpack-internal:///(app-pages-browser)/./src/components/sections/FullScreenSlideshow.tsx:555
[   40689ms] [LOG] mainST onUpdate fired! Progress: 0.12768903088391906 @ webpack-internal:///(app-pages-browser)/./src/components/sections/FullScreenSlideshow.tsx:555
[   40706ms] [LOG] mainST onUpdate fired! Progress: 0.13056443024494144 @ webpack-internal:///(app-pages-browser)/./src/components/sections/FullScreenSlideshow.tsx:555
[   40722ms] [LOG] mainST onUpdate fired! Progress: 0.13312034078807242 @ webpack-internal:///(app-pages-browser)/./src/components/sections/FullScreenSlideshow.tsx:555
[   40739ms] [LOG] mainST onUpdate fired! Progress: 0.13556975505857294 @ webpack-internal:///(app-pages-browser)/./src/components/sections/FullScreenSlideshow.tsx:555
[   40755ms] [LOG] mainST onUpdate fired! Progress: 0.13780617678381257 @ webpack-internal:///(app-pages-browser)/./src/components/sections/FullScreenSlideshow.tsx:555
[   40772ms] [LOG] mainST onUpdate fired! Progress: 0.13982960596379126 @ webpack-internal:///(app-pages-browser)/./src/components/sections/FullScreenSlideshow.tsx:555
[   40789ms] [LOG] mainST onUpdate fired! Progress: 0.1417465388711395 @ webpack-internal:///(app-pages-browser)/./src/components/sections/FullScreenSlideshow.tsx:555
[   40805ms] [LOG] mainST onUpdate fired! Progress: 0.14345047923322685 @ webpack-internal:///(app-pages-browser)/./src/components/sections/FullScreenSlideshow.tsx:555
[   40822ms] [LOG] mainST onUpdate fired! Progress: 0.14589989350372737 @ webpack-internal:///(app-pages-browser)/./src/components/sections/FullScreenSlideshow.tsx:555
[   40839ms] [LOG] mainST onUpdate fired! Progress: 0.14813631522896697 @ webpack-internal:///(app-pages-browser)/./src/components/sections/FullScreenSlideshow.tsx:555
[   40856ms] [LOG] mainST onUpdate fired! Progress: 0.1511182108626198 @ webpack-internal:///(app-pages-browser)/./src/components/sections/FullScreenSlideshow.tsx:555
[   40872ms] [LOG] mainST onUpdate fired! Progress: 0.15452609158679445 @ webpack-internal:///(app-pages-browser)/./src/components/sections/FullScreenSlideshow.tsx:555
[   40889ms] [LOG] mainST onUpdate fired! Progress: 0.15857294994675186 @ webpack-internal:///(app-pages-browser)/./src/components/sections/FullScreenSlideshow.tsx:555
[   40906ms] [LOG] mainST onUpdate fired! Progress: 0.16400425985090522 @ webpack-internal:///(app-pages-browser)/./src/components/sections/FullScreenSlideshow.tsx:555
[   40922ms] [LOG] mainST onUpdate fired! Progress: 0.1689030883919063 @ webpack-internal:///(app-pages-browser)/./src/components/sections/FullScreenSlideshow.tsx:555
[   40939ms] [LOG] mainST onUpdate fired! Progress: 0.17348242811501596 @ webpack-internal:///(app-pages-browser)/./src/components/sections/FullScreenSlideshow.tsx:555
[   40956ms] [LOG] mainST onUpdate fired! Progress: 0.1777422790202343 @ webpack-internal:///(app-pages-browser)/./src/components/sections/FullScreenSlideshow.tsx:555
[   40972ms] [LOG] mainST onUpdate fired! Progress: 0.18157614483493079 @ webpack-internal:///(app-pages-browser)/./src/components/sections/FullScreenSlideshow.tsx:555
[   40989ms] [LOG] mainST onUpdate fired! Progress: 0.18519701810436634 @ webpack-internal:///(app-pages-browser)/./src/components/sections/FullScreenSlideshow.tsx:555
[   41005ms] [LOG] mainST onUpdate fired! Progress: 0.18849840255591055 @ webpack-internal:///(app-pages-browser)/./src/components/sections/FullScreenSlideshow.tsx:555
[   41022ms] [LOG] mainST onUpdate fired! Progress: 0.19158679446219382 @ webpack-internal:///(app-pages-browser)/./src/components/sections/FullScreenSlideshow.tsx:555
[   41039ms] [LOG] mainST onUpdate fired! Progress: 0.1944621938232162 @ webpack-internal:///(app-pages-browser)/./src/components/sections/FullScreenSlideshow.tsx:555
[   41055ms] [LOG] mainST onUpdate fired! Progress: 0.19701810436634717 @ webpack-internal:///(app-pages-browser)/./src/components/sections/FullScreenSlideshow.tsx:555
[   41072ms] [LOG] mainST onUpdate fired! Progress: 0.19946751863684772 @ webpack-internal:///(app-pages-browser)/./src/components/sections/FullScreenSlideshow.tsx:555
[   41089ms] [LOG] mainST onUpdate fired! Progress: 0.20170394036208733 @ webpack-internal:///(app-pages-browser)/./src/components/sections/FullScreenSlideshow.tsx:555
[   41089ms] [LOG] Changing to section: 2 @ webpack-internal:///(app-pages-browser)/./src/components/sections/FullScreenSlideshow.tsx:561
[   41105ms] [LOG] mainST onUpdate fired! Progress: 0.20372736954206602 @ webpack-internal:///(app-pages-browser)/./src/components/sections/FullScreenSlideshow.tsx:555
[   41105ms] [LOG] Changing to section: 2 @ webpack-internal:///(app-pages-browser)/./src/components/sections/FullScreenSlideshow.tsx:561
[   41122ms] [LOG] mainST onUpdate fired! Progress: 0.20564430244941426 @ webpack-internal:///(app-pages-browser)/./src/components/sections/FullScreenSlideshow.tsx:555
[   41122ms] [LOG] Changing to section: 2 @ webpack-internal:///(app-pages-browser)/./src/components/sections/FullScreenSlideshow.tsx:561
[   41139ms] [LOG] mainST onUpdate fired! Progress: 0.20820021299254526 @ webpack-internal:///(app-pages-browser)/./src/components/sections/FullScreenSlideshow.tsx:555
[   41139ms] [LOG] Changing to section: 2 @ webpack-internal:///(app-pages-browser)/./src/components/sections/FullScreenSlideshow.tsx:561
[   41155ms] [LOG] mainST onUpdate fired! Progress: 0.211395101171459 @ webpack-internal:///(app-pages-browser)/./src/components/sections/FullScreenSlideshow.tsx:555
[   41156ms] [LOG] Changing to section: 2 @ webpack-internal:///(app-pages-browser)/./src/components/sections/FullScreenSlideshow.tsx:561
[   41172ms] [LOG] mainST onUpdate fired! Progress: 0.21522896698615548 @ webpack-internal:///(app-pages-browser)/./src/components/sections/FullScreenSlideshow.tsx:555
[   41172ms] [LOG] Changing to section: 2 @ webpack-internal:///(app-pages-browser)/./src/components/sections/FullScreenSlideshow.tsx:561
[   41189ms] [LOG] mainST onUpdate fired! Progress: 0.2194888178913738 @ webpack-internal:///(app-pages-browser)/./src/components/sections/FullScreenSlideshow.tsx:555
[   41189ms] [LOG] Changing to section: 2 @ webpack-internal:///(app-pages-browser)/./src/components/sections/FullScreenSlideshow.tsx:561
[   41205ms] [LOG] mainST onUpdate fired! Progress: 0.2242811501597444 @ webpack-internal:///(app-pages-browser)/./src/components/sections/FullScreenSlideshow.tsx:555
[   41205ms] [LOG] Changing to section: 2 @ webpack-internal:///(app-pages-browser)/./src/components/sections/FullScreenSlideshow.tsx:561
[   41222ms] [LOG] mainST onUpdate fired! Progress: 0.22864749733759318 @ webpack-internal:///(app-pages-browser)/./src/components/sections/FullScreenSlideshow.tsx:555
[   41222ms] [LOG] Changing to section: 2 @ webpack-internal:///(app-pages-browser)/./src/components/sections/FullScreenSlideshow.tsx:561
[   41239ms] [LOG] mainST onUpdate fired! Progress: 0.2326943556975506 @ webpack-internal:///(app-pages-browser)/./src/components/sections/FullScreenSlideshow.tsx:555
[   41255ms] [LOG] mainST onUpdate fired! Progress: 0.23652822151224706 @ webpack-internal:///(app-pages-browser)/./src/components/sections/FullScreenSlideshow.tsx:555
[   41272ms] [LOG] mainST onUpdate fired! Progress: 0.23993610223642173 @ webpack-internal:///(app-pages-browser)/./src/components/sections/FullScreenSlideshow.tsx:555
[   41289ms] [LOG] mainST onUpdate fired! Progress: 0.24313099041533545 @ webpack-internal:///(app-pages-browser)/./src/components/sections/FullScreenSlideshow.tsx:555
[   41306ms] [LOG] mainST onUpdate fired! Progress: 0.2461128860489883 @ webpack-internal:///(app-pages-browser)/./src/components/sections/FullScreenSlideshow.tsx:555
[   41322ms] [LOG] mainST onUpdate fired! Progress: 0.24888178913738018 @ webpack-internal:///(app-pages-browser)/./src/components/sections/FullScreenSlideshow.tsx:555
[   41339ms] [LOG] mainST onUpdate fired! Progress: 0.25143769968051116 @ webpack-internal:///(app-pages-browser)/./src/components/sections/FullScreenSlideshow.tsx:555
[   41356ms] [LOG] mainST onUpdate fired! Progress: 0.2537806176783813 @ webpack-internal:///(app-pages-browser)/./src/components/sections/FullScreenSlideshow.tsx:555
[   41372ms] [LOG] mainST onUpdate fired! Progress: 0.25591054313099043 @ webpack-internal:///(app-pages-browser)/./src/components/sections/FullScreenSlideshow.tsx:555
[   41389ms] [LOG] mainST onUpdate fired! Progress: 0.25782747603833867 @ webpack-internal:///(app-pages-browser)/./src/components/sections/FullScreenSlideshow.tsx:555
[   41406ms] [LOG] mainST onUpdate fired! Progress: 0.2597444089456869 @ webpack-internal:///(app-pages-browser)/./src/components/sections/FullScreenSlideshow.tsx:555
[   41422ms] [LOG] mainST onUpdate fired! Progress: 0.26219382321618745 @ webpack-internal:///(app-pages-browser)/./src/components/sections/FullScreenSlideshow.tsx:555
[   41439ms] [LOG] mainST onUpdate fired! Progress: 0.2653887113951012 @ webpack-internal:///(app-pages-browser)/./src/components/sections/FullScreenSlideshow.tsx:555
[   41456ms] [LOG] mainST onUpdate fired! Progress: 0.2690095846645367 @ webpack-internal:///(app-pages-browser)/./src/components/sections/FullScreenSlideshow.tsx:555
[   41472ms] [LOG] mainST onUpdate fired! Progress: 0.2732694355697551 @ webpack-internal:///(app-pages-browser)/./src/components/sections/FullScreenSlideshow.tsx:555
[   41489ms] [LOG] mainST onUpdate fired! Progress: 0.27806176783812564 @ webpack-internal:///(app-pages-browser)/./src/components/sections/FullScreenSlideshow.tsx:555
[   41506ms] [LOG] mainST onUpdate fired! Progress: 0.2824281150159744 @ webpack-internal:///(app-pages-browser)/./src/components/sections/FullScreenSlideshow.tsx:555
[   41522ms] [LOG] mainST onUpdate fired! Progress: 0.28647497337593186 @ webpack-internal:///(app-pages-browser)/./src/components/sections/FullScreenSlideshow.tsx:555
[   41539ms] [LOG] mainST onUpdate fired! Progress: 0.29020234291799785 @ webpack-internal:///(app-pages-browser)/./src/components/sections/FullScreenSlideshow.tsx:555
[   41555ms] [LOG] mainST onUpdate fired! Progress: 0.29361022364217254 @ webpack-internal:///(app-pages-browser)/./src/components/sections/FullScreenSlideshow.tsx:555
[   41572ms] [LOG] mainST onUpdate fired! Progress: 0.29680511182108626 @ webpack-internal:///(app-pages-browser)/./src/components/sections/FullScreenSlideshow.tsx:555
[   41589ms] [LOG] mainST onUpdate fired! Progress: 0.2997870074547391 @ webpack-internal:///(app-pages-browser)/./src/components/sections/FullScreenSlideshow.tsx:555
[   41605ms] [LOG] mainST onUpdate fired! Progress: 0.30244941427050054 @ webpack-internal:///(app-pages-browser)/./src/components/sections/FullScreenSlideshow.tsx:555
[   41606ms] [LOG] Changing to section: 3 @ webpack-internal:///(app-pages-browser)/./src/components/sections/FullScreenSlideshow.tsx:561
[   41622ms] [LOG] mainST onUpdate fired! Progress: 0.3048988285410011 @ webpack-internal:///(app-pages-browser)/./src/components/sections/FullScreenSlideshow.tsx:555
[   41622ms] [LOG] Changing to section: 3 @ webpack-internal:///(app-pages-browser)/./src/components/sections/FullScreenSlideshow.tsx:561
[   41639ms] [LOG] mainST onUpdate fired! Progress: 0.30724174653887115 @ webpack-internal:///(app-pages-browser)/./src/components/sections/FullScreenSlideshow.tsx:555
[   41639ms] [LOG] Changing to section: 3 @ webpack-internal:///(app-pages-browser)/./src/components/sections/FullScreenSlideshow.tsx:561
[   41655ms] [LOG] mainST onUpdate fired! Progress: 0.3093716719914803 @ webpack-internal:///(app-pages-browser)/./src/components/sections/FullScreenSlideshow.tsx:555
[   41655ms] [LOG] Changing to section: 3 @ webpack-internal:///(app-pages-browser)/./src/components/sections/FullScreenSlideshow.tsx:561
[   41672ms] [LOG] mainST onUpdate fired! Progress: 0.31128860489882854 @ webpack-internal:///(app-pages-browser)/./src/components/sections/FullScreenSlideshow.tsx:555
[   41672ms] [LOG] Changing to section: 3 @ webpack-internal:///(app-pages-browser)/./src/components/sections/FullScreenSlideshow.tsx:561
[   41689ms] [LOG] mainST onUpdate fired! Progress: 0.31309904153354634 @ webpack-internal:///(app-pages-browser)/./src/components/sections/FullScreenSlideshow.tsx:555
[   41689ms] [LOG] Changing to section: 3 @ webpack-internal:///(app-pages-browser)/./src/components/sections/FullScreenSlideshow.tsx:561
[   41705ms] [LOG] mainST onUpdate fired! Progress: 0.31480298189563366 @ webpack-internal:///(app-pages-browser)/./src/components/sections/FullScreenSlideshow.tsx:555
[   41705ms] [LOG] Changing to section: 3 @ webpack-internal:///(app-pages-browser)/./src/components/sections/FullScreenSlideshow.tsx:561
[   41722ms] [LOG] mainST onUpdate fired! Progress: 0.3164004259850905 @ webpack-internal:///(app-pages-browser)/./src/components/sections/FullScreenSlideshow.tsx:555
[   41722ms] [LOG] Changing to section: 3 @ webpack-internal:///(app-pages-browser)/./src/components/sections/FullScreenSlideshow.tsx:561
[   41739ms] [LOG] mainST onUpdate fired! Progress: 0.31778487752928647 @ webpack-internal:///(app-pages-browser)/./src/components/sections/FullScreenSlideshow.tsx:555
[   41739ms] [LOG] Changing to section: 3 @ webpack-internal:///(app-pages-browser)/./src/components/sections/FullScreenSlideshow.tsx:561
[   41756ms] [LOG] mainST onUpdate fired! Progress: 0.3199148029818956 @ webpack-internal:///(app-pages-browser)/./src/components/sections/FullScreenSlideshow.tsx:555
[   41756ms] [LOG] Changing to section: 3 @ webpack-internal:///(app-pages-browser)/./src/components/sections/FullScreenSlideshow.tsx:561
[   41772ms] [LOG] mainST onUpdate fired! Progress: 0.3226837060702875 @ webpack-internal:///(app-pages-browser)/./src/components/sections/FullScreenSlideshow.tsx:555
[   41772ms] [LOG] Changing to section: 3 @ webpack-internal:///(app-pages-browser)/./src/components/sections/FullScreenSlideshow.tsx:561
[   41789ms] [LOG] mainST onUpdate fired! Progress: 0.3260915867944622 @ webpack-internal:///(app-pages-browser)/./src/components/sections/FullScreenSlideshow.tsx:555
[   41789ms] [LOG] Changing to section: 3 @ webpack-internal:///(app-pages-browser)/./src/components/sections/FullScreenSlideshow.tsx:561
[   41806ms] [LOG] mainST onUpdate fired! Progress: 0.3301384451544196 @ webpack-internal:///(app-pages-browser)/./src/components/sections/FullScreenSlideshow.tsx:555
[   41806ms] [LOG] Changing to section: 3 @ webpack-internal:///(app-pages-browser)/./src/components/sections/FullScreenSlideshow.tsx:561
[   41822ms] [LOG] mainST onUpdate fired! Progress: 0.3345047923322684 @ webpack-internal:///(app-pages-browser)/./src/components/sections/FullScreenSlideshow.tsx:555
[   41822ms] [LOG] Changing to section: 3 @ webpack-internal:///(app-pages-browser)/./src/components/sections/FullScreenSlideshow.tsx:561
[   41839ms] [LOG] mainST onUpdate fired! Progress: 0.33865814696485624 @ webpack-internal:///(app-pages-browser)/./src/components/sections/FullScreenSlideshow.tsx:555
[   41839ms] [LOG] Changing to section: 3 @ webpack-internal:///(app-pages-browser)/./src/components/sections/FullScreenSlideshow.tsx:561
[   41855ms] [LOG] mainST onUpdate fired! Progress: 0.3424920127795527 @ webpack-internal:///(app-pages-browser)/./src/components/sections/FullScreenSlideshow.tsx:555
[   41855ms] [LOG] Changing to section: 3 @ webpack-internal:///(app-pages-browser)/./src/components/sections/FullScreenSlideshow.tsx:561
[   41872ms] [LOG] mainST onUpdate fired! Progress: 0.34600638977635784 @ webpack-internal:///(app-pages-browser)/./src/components/sections/FullScreenSlideshow.tsx:555
[   41872ms] [LOG] Changing to section: 3 @ webpack-internal:///(app-pages-browser)/./src/components/sections/FullScreenSlideshow.tsx:561
[   41889ms] [LOG] mainST onUpdate fired! Progress: 0.34920127795527156 @ webpack-internal:///(app-pages-browser)/./src/components/sections/FullScreenSlideshow.tsx:555
[   41906ms] [LOG] mainST onUpdate fired! Progress: 0.35218317358892437 @ webpack-internal:///(app-pages-browser)/./src/components/sections/FullScreenSlideshow.tsx:555
[   41922ms] [LOG] mainST onUpdate fired! Progress: 0.3549520766773163 @ webpack-internal:///(app-pages-browser)/./src/components/sections/FullScreenSlideshow.tsx:555
[   41939ms] [LOG] mainST onUpdate fired! Progress: 0.3575079872204473 @ webpack-internal:///(app-pages-browser)/./src/components/sections/FullScreenSlideshow.tsx:555
[   41956ms] [LOG] mainST onUpdate fired! Progress: 0.35985090521831736 @ webpack-internal:///(app-pages-browser)/./src/components/sections/FullScreenSlideshow.tsx:555
[   41972ms] [LOG] mainST onUpdate fired! Progress: 0.362087326943557 @ webpack-internal:///(app-pages-browser)/./src/components/sections/FullScreenSlideshow.tsx:555
[   41989ms] [LOG] mainST onUpdate fired! Progress: 0.36411075612353566 @ webpack-internal:///(app-pages-browser)/./src/components/sections/FullScreenSlideshow.tsx:555
[   42006ms] [LOG] mainST onUpdate fired! Progress: 0.36592119275825347 @ webpack-internal:///(app-pages-browser)/./src/components/sections/FullScreenSlideshow.tsx:555
[   42022ms] [LOG] mainST onUpdate fired! Progress: 0.3676251331203408 @ webpack-internal:///(app-pages-browser)/./src/components/sections/FullScreenSlideshow.tsx:555
[   42039ms] [LOG] mainST onUpdate fired! Progress: 0.3692225772097977 @ webpack-internal:///(app-pages-browser)/./src/components/sections/FullScreenSlideshow.tsx:555
[   42056ms] [LOG] mainST onUpdate fired! Progress: 0.3707135250266241 @ webpack-internal:///(app-pages-browser)/./src/components/sections/FullScreenSlideshow.tsx:555
[   42072ms] [LOG] mainST onUpdate fired! Progress: 0.37199148029818957 @ webpack-internal:///(app-pages-browser)/./src/components/sections/FullScreenSlideshow.tsx:555
[   42089ms] [LOG] mainST onUpdate fired! Progress: 0.3741214057507987 @ webpack-internal:///(app-pages-browser)/./src/components/sections/FullScreenSlideshow.tsx:555
[   42106ms] [LOG] mainST onUpdate fired! Progress: 0.3767838125665602 @ webpack-internal:///(app-pages-browser)/./src/components/sections/FullScreenSlideshow.tsx:555
[   42122ms] [LOG] mainST onUpdate fired! Progress: 0.3800851970181044 @ webpack-internal:///(app-pages-browser)/./src/components/sections/FullScreenSlideshow.tsx:555
[   42139ms] [LOG] mainST onUpdate fired! Progress: 0.3840255591054313 @ webpack-internal:///(app-pages-browser)/./src/components/sections/FullScreenSlideshow.tsx:555
[   42155ms] [LOG] mainST onUpdate fired! Progress: 0.3876464323748669 @ webpack-internal:///(app-pages-browser)/./src/components/sections/FullScreenSlideshow.tsx:555
[   42172ms] [LOG] mainST onUpdate fired! Progress: 0.39094781682641105 @ webpack-internal:///(app-pages-browser)/./src/components/sections/FullScreenSlideshow.tsx:555
[   42189ms] [LOG] mainST onUpdate fired! Progress: 0.39403620873269435 @ webpack-internal:///(app-pages-browser)/./src/components/sections/FullScreenSlideshow.tsx:555
[   42206ms] [LOG] mainST onUpdate fired! Progress: 0.39680511182108624 @ webpack-internal:///(app-pages-browser)/./src/components/sections/FullScreenSlideshow.tsx:555
[   42222ms] [LOG] mainST onUpdate fired! Progress: 0.3994675186368477 @ webpack-internal:///(app-pages-browser)/./src/components/sections/FullScreenSlideshow.tsx:555
[   42239ms] [LOG] mainST onUpdate fired! Progress: 0.40181043663471777 @ webpack-internal:///(app-pages-browser)/./src/components/sections/FullScreenSlideshow.tsx:555
[   42239ms] [LOG] Changing to section: 4 @ webpack-internal:///(app-pages-browser)/./src/components/sections/FullScreenSlideshow.tsx:561
[   42255ms] [LOG] mainST onUpdate fired! Progress: 0.4040468583599574 @ webpack-internal:///(app-pages-browser)/./src/components/sections/FullScreenSlideshow.tsx:555
[   42255ms] [LOG] Changing to section: 4 @ webpack-internal:///(app-pages-browser)/./src/components/sections/FullScreenSlideshow.tsx:561
[   42272ms] [LOG] mainST onUpdate fired! Progress: 0.40617678381256656 @ webpack-internal:///(app-pages-browser)/./src/components/sections/FullScreenSlideshow.tsx:555
[   42272ms] [LOG] Changing to section: 4 @ webpack-internal:///(app-pages-browser)/./src/components/sections/FullScreenSlideshow.tsx:561
[   42289ms] [LOG] mainST onUpdate fired! Progress: 0.40798722044728436 @ webpack-internal:///(app-pages-browser)/./src/components/sections/FullScreenSlideshow.tsx:555
[   42289ms] [LOG] Changing to section: 4 @ webpack-internal:///(app-pages-browser)/./src/components/sections/FullScreenSlideshow.tsx:561
[   42306ms] [LOG] mainST onUpdate fired! Progress: 0.4097976570820021 @ webpack-internal:///(app-pages-browser)/./src/components/sections/FullScreenSlideshow.tsx:555
[   42306ms] [LOG] Changing to section: 4 @ webpack-internal:///(app-pages-browser)/./src/components/sections/FullScreenSlideshow.tsx:561
[   42322ms] [LOG] mainST onUpdate fired! Progress: 0.411395101171459 @ webpack-internal:///(app-pages-browser)/./src/components/sections/FullScreenSlideshow.tsx:555
[   42322ms] [LOG] Changing to section: 4 @ webpack-internal:///(app-pages-browser)/./src/components/sections/FullScreenSlideshow.tsx:561
[   42339ms] [LOG] mainST onUpdate fired! Progress: 0.4128860489882854 @ webpack-internal:///(app-pages-browser)/./src/components/sections/FullScreenSlideshow.tsx:555
[   42339ms] [LOG] Changing to section: 4 @ webpack-internal:///(app-pages-browser)/./src/components/sections/FullScreenSlideshow.tsx:561
[   42356ms] [LOG] mainST onUpdate fired! Progress: 0.4142705005324814 @ webpack-internal:///(app-pages-browser)/./src/components/sections/FullScreenSlideshow.tsx:555
[   42356ms] [LOG] Changing to section: 4 @ webpack-internal:///(app-pages-browser)/./src/components/sections/FullScreenSlideshow.tsx:561
[   42372ms] [LOG] mainST onUpdate fired! Progress: 0.41554845580404687 @ webpack-internal:///(app-pages-browser)/./src/components/sections/FullScreenSlideshow.tsx:555
[   42372ms] [LOG] Changing to section: 4 @ webpack-internal:///(app-pages-browser)/./src/components/sections/FullScreenSlideshow.tsx:561
[   42389ms] [LOG] mainST onUpdate fired! Progress: 0.4167199148029819 @ webpack-internal:///(app-pages-browser)/./src/components/sections/FullScreenSlideshow.tsx:555
[   42389ms] [LOG] Changing to section: 4 @ webpack-internal:///(app-pages-browser)/./src/components/sections/FullScreenSlideshow.tsx:561
[   42405ms] [LOG] mainST onUpdate fired! Progress: 0.4177848775292865 @ webpack-internal:///(app-pages-browser)/./src/components/sections/FullScreenSlideshow.tsx:555
[   42406ms] [LOG] Changing to section: 4 @ webpack-internal:///(app-pages-browser)/./src/components/sections/FullScreenSlideshow.tsx:561
[   42422ms] [LOG] mainST onUpdate fired! Progress: 0.41959531416400425 @ webpack-internal:///(app-pages-browser)/./src/components/sections/FullScreenSlideshow.tsx:555
[   42422ms] [LOG] Changing to section: 4 @ webpack-internal:///(app-pages-browser)/./src/components/sections/FullScreenSlideshow.tsx:561
[   42439ms] [LOG] mainST onUpdate fired! Progress: 0.42129925452609157 @ webpack-internal:///(app-pages-browser)/./src/components/sections/FullScreenSlideshow.tsx:555
[   42439ms] [LOG] Changing to section: 4 @ webpack-internal:///(app-pages-browser)/./src/components/sections/FullScreenSlideshow.tsx:561
[   42455ms] [LOG] mainST onUpdate fired! Progress: 0.42364217252396164 @ webpack-internal:///(app-pages-browser)/./src/components/sections/FullScreenSlideshow.tsx:555
[   42456ms] [LOG] Changing to section: 4 @ webpack-internal:///(app-pages-browser)/./src/components/sections/FullScreenSlideshow.tsx:561
[   42472ms] [LOG] mainST onUpdate fired! Progress: 0.4266240681576145 @ webpack-internal:///(app-pages-browser)/./src/components/sections/FullScreenSlideshow.tsx:555
[   42472ms] [LOG] Changing to section: 4 @ webpack-internal:///(app-pages-browser)/./src/components/sections/FullScreenSlideshow.tsx:561
[   42489ms] [LOG] mainST onUpdate fired! Progress: 0.43024494142705005 @ webpack-internal:///(app-pages-browser)/./src/components/sections/FullScreenSlideshow.tsx:555
[   42489ms] [LOG] Changing to section: 4 @ webpack-internal:///(app-pages-browser)/./src/components/sections/FullScreenSlideshow.tsx:561
[   42505ms] [LOG] mainST onUpdate fired! Progress: 0.4343982960596379 @ webpack-internal:///(app-pages-browser)/./src/components/sections/FullScreenSlideshow.tsx:555
[   42506ms] [LOG] Changing to section: 4 @ webpack-internal:///(app-pages-browser)/./src/components/sections/FullScreenSlideshow.tsx:561
[   42522ms] [LOG] mainST onUpdate fired! Progress: 0.4382321618743344 @ webpack-internal:///(app-pages-browser)/./src/components/sections/FullScreenSlideshow.tsx:555
[   42522ms] [LOG] Changing to section: 4 @ webpack-internal:///(app-pages-browser)/./src/components/sections/FullScreenSlideshow.tsx:561
[   42539ms] [LOG] mainST onUpdate fired! Progress: 0.4417465388711395 @ webpack-internal:///(app-pages-browser)/./src/components/sections/FullScreenSlideshow.tsx:555
[   42556ms] [LOG] mainST onUpdate fired! Progress: 0.44494142705005324 @ webpack-internal:///(app-pages-browser)/./src/components/sections/FullScreenSlideshow.tsx:555
[   42572ms] [LOG] mainST onUpdate fired! Progress: 0.44792332268370605 @ webpack-internal:///(app-pages-browser)/./src/components/sections/FullScreenSlideshow.tsx:555
[   42589ms] [LOG] mainST onUpdate fired! Progress: 0.45079872204472843 @ webpack-internal:///(app-pages-browser)/./src/components/sections/FullScreenSlideshow.tsx:555
[   42606ms] [LOG] mainST onUpdate fired! Progress: 0.4533546325878594 @ webpack-internal:///(app-pages-browser)/./src/components/sections/FullScreenSlideshow.tsx:555
[   42622ms] [LOG] mainST onUpdate fired! Progress: 0.4556975505857295 @ webpack-internal:///(app-pages-browser)/./src/components/sections/FullScreenSlideshow.tsx:555
[   42639ms] [LOG] mainST onUpdate fired! Progress: 0.4578274760383387 @ webpack-internal:///(app-pages-browser)/./src/components/sections/FullScreenSlideshow.tsx:555
[   42656ms] [LOG] mainST onUpdate fired! Progress: 0.45985090521831734 @ webpack-internal:///(app-pages-browser)/./src/components/sections/FullScreenSlideshow.tsx:555
[   42672ms] [LOG] mainST onUpdate fired! Progress: 0.4617678381256656 @ webpack-internal:///(app-pages-browser)/./src/components/sections/FullScreenSlideshow.tsx:555
[   42689ms] [LOG] mainST onUpdate fired! Progress: 0.46347177848775295 @ webpack-internal:///(app-pages-browser)/./src/components/sections/FullScreenSlideshow.tsx:555
[   42705ms] [LOG] mainST onUpdate fired! Progress: 0.46496272630457935 @ webpack-internal:///(app-pages-browser)/./src/components/sections/FullScreenSlideshow.tsx:555
[   42722ms] [LOG] mainST onUpdate fired! Progress: 0.46645367412140576 @ webpack-internal:///(app-pages-browser)/./src/components/sections/FullScreenSlideshow.tsx:555
[   42739ms] [LOG] mainST onUpdate fired! Progress: 0.4678381256656017 @ webpack-internal:///(app-pages-browser)/./src/components/sections/FullScreenSlideshow.tsx:555
[   42756ms] [LOG] mainST onUpdate fired! Progress: 0.4691160809371672 @ webpack-internal:///(app-pages-browser)/./src/components/sections/FullScreenSlideshow.tsx:555
[   42772ms] [LOG] mainST onUpdate fired! Progress: 0.4701810436634718 @ webpack-internal:///(app-pages-browser)/./src/components/sections/FullScreenSlideshow.tsx:555
[   42789ms] [LOG] mainST onUpdate fired! Progress: 0.4712460063897764 @ webpack-internal:///(app-pages-browser)/./src/components/sections/FullScreenSlideshow.tsx:555
[   42806ms] [LOG] mainST onUpdate fired! Progress: 0.4730564430244941 @ webpack-internal:///(app-pages-browser)/./src/components/sections/FullScreenSlideshow.tsx:555
[   42822ms] [LOG] mainST onUpdate fired! Progress: 0.47561235356762516 @ webpack-internal:///(app-pages-browser)/./src/components/sections/FullScreenSlideshow.tsx:555
[   42839ms] [LOG] mainST onUpdate fired! Progress: 0.4787007454739084 @ webpack-internal:///(app-pages-browser)/./src/components/sections/FullScreenSlideshow.tsx:555
[   42856ms] [LOG] mainST onUpdate fired! Progress: 0.482321618743344 @ webpack-internal:///(app-pages-browser)/./src/components/sections/FullScreenSlideshow.tsx:555
[   42872ms] [LOG] mainST onUpdate fired! Progress: 0.4865814696485623 @ webpack-internal:///(app-pages-browser)/./src/components/sections/FullScreenSlideshow.tsx:555
[   42889ms] [LOG] mainST onUpdate fired! Progress: 0.4904153354632588 @ webpack-internal:///(app-pages-browser)/./src/components/sections/FullScreenSlideshow.tsx:555
[   42905ms] [LOG] mainST onUpdate fired! Progress: 0.4940362087326944 @ webpack-internal:///(app-pages-browser)/./src/components/sections/FullScreenSlideshow.tsx:555
[   42922ms] [LOG] mainST onUpdate fired! Progress: 0.497444089456869 @ webpack-internal:///(app-pages-browser)/./src/components/sections/FullScreenSlideshow.tsx:555
[   42939ms] [LOG] mainST onUpdate fired! Progress: 0.5004259850905218 @ webpack-internal:///(app-pages-browser)/./src/components/sections/FullScreenSlideshow.tsx:555
[   42939ms] [LOG] Changing to section: 5 @ webpack-internal:///(app-pages-browser)/./src/components/sections/FullScreenSlideshow.tsx:561
[   42955ms] [LOG] mainST onUpdate fired! Progress: 0.5033013844515442 @ webpack-internal:///(app-pages-browser)/./src/components/sections/FullScreenSlideshow.tsx:555
[   42955ms] [LOG] Changing to section: 5 @ webpack-internal:///(app-pages-browser)/./src/components/sections/FullScreenSlideshow.tsx:561
[   42972ms] [LOG] mainST onUpdate fired! Progress: 0.5058572949946751 @ webpack-internal:///(app-pages-browser)/./src/components/sections/FullScreenSlideshow.tsx:555
[   42972ms] [LOG] Changing to section: 5 @ webpack-internal:///(app-pages-browser)/./src/components/sections/FullScreenSlideshow.tsx:561
[   42989ms] [LOG] mainST onUpdate fired! Progress: 0.5083067092651757 @ webpack-internal:///(app-pages-browser)/./src/components/sections/FullScreenSlideshow.tsx:555
[   42989ms] [LOG] Changing to section: 5 @ webpack-internal:///(app-pages-browser)/./src/components/sections/FullScreenSlideshow.tsx:561
[   43005ms] [LOG] mainST onUpdate fired! Progress: 0.5105431309904154 @ webpack-internal:///(app-pages-browser)/./src/components/sections/FullScreenSlideshow.tsx:555
[   43005ms] [LOG] Changing to section: 5 @ webpack-internal:///(app-pages-browser)/./src/components/sections/FullScreenSlideshow.tsx:561
[   43022ms] [LOG] mainST onUpdate fired! Progress: 0.512566560170394 @ webpack-internal:///(app-pages-browser)/./src/components/sections/FullScreenSlideshow.tsx:555
[   43022ms] [LOG] Changing to section: 5 @ webpack-internal:///(app-pages-browser)/./src/components/sections/FullScreenSlideshow.tsx:561
[   43039ms] [LOG] mainST onUpdate fired! Progress: 0.5144834930777423 @ webpack-internal:///(app-pages-browser)/./src/components/sections/FullScreenSlideshow.tsx:555
[   43039ms] [LOG] Changing to section: 5 @ webpack-internal:///(app-pages-browser)/./src/components/sections/FullScreenSlideshow.tsx:561
[   43055ms] [LOG] mainST onUpdate fired! Progress: 0.51629392971246 @ webpack-internal:///(app-pages-browser)/./src/components/sections/FullScreenSlideshow.tsx:555
[   43056ms] [LOG] Changing to section: 5 @ webpack-internal:///(app-pages-browser)/./src/components/sections/FullScreenSlideshow.tsx:561
[   43072ms] [LOG] mainST onUpdate fired! Progress: 0.517891373801917 @ webpack-internal:///(app-pages-browser)/./src/components/sections/FullScreenSlideshow.tsx:555
[   43072ms] [LOG] Changing to section: 5 @ webpack-internal:///(app-pages-browser)/./src/components/sections/FullScreenSlideshow.tsx:561
[   43089ms] [LOG] mainST onUpdate fired! Progress: 0.5193823216187433 @ webpack-internal:///(app-pages-browser)/./src/components/sections/FullScreenSlideshow.tsx:555
[   43089ms] [LOG] Changing to section: 5 @ webpack-internal:///(app-pages-browser)/./src/components/sections/FullScreenSlideshow.tsx:561
[   43105ms] [LOG] mainST onUpdate fired! Progress: 0.5207667731629393 @ webpack-internal:///(app-pages-browser)/./src/components/sections/FullScreenSlideshow.tsx:555
[   43105ms] [LOG] Changing to section: 5 @ webpack-internal:///(app-pages-browser)/./src/components/sections/FullScreenSlideshow.tsx:561
[   43122ms] [LOG] mainST onUpdate fired! Progress: 0.5220447284345048 @ webpack-internal:///(app-pages-browser)/./src/components/sections/FullScreenSlideshow.tsx:555
[   43122ms] [LOG] Changing to section: 5 @ webpack-internal:///(app-pages-browser)/./src/components/sections/FullScreenSlideshow.tsx:561
[   43139ms] [LOG] mainST onUpdate fired! Progress: 0.5232161874334398 @ webpack-internal:///(app-pages-browser)/./src/components/sections/FullScreenSlideshow.tsx:555
[   43139ms] [LOG] Changing to section: 5 @ webpack-internal:///(app-pages-browser)/./src/components/sections/FullScreenSlideshow.tsx:561
[   43156ms] [LOG] mainST onUpdate fired! Progress: 0.5242811501597444 @ webpack-internal:///(app-pages-browser)/./src/components/sections/FullScreenSlideshow.tsx:555
[   43156ms] [LOG] Changing to section: 5 @ webpack-internal:///(app-pages-browser)/./src/components/sections/FullScreenSlideshow.tsx:561
[   43172ms] [LOG] mainST onUpdate fired! Progress: 0.5260915867944622 @ webpack-internal:///(app-pages-browser)/./src/components/sections/FullScreenSlideshow.tsx:555
[   43172ms] [LOG] Changing to section: 5 @ webpack-internal:///(app-pages-browser)/./src/components/sections/FullScreenSlideshow.tsx:561
[   43189ms] [LOG] mainST onUpdate fired! Progress: 0.5277955271565495 @ webpack-internal:///(app-pages-browser)/./src/components/sections/FullScreenSlideshow.tsx:555
[   43206ms] [LOG] mainST onUpdate fired! Progress: 0.5301384451544195 @ webpack-internal:///(app-pages-browser)/./src/components/sections/FullScreenSlideshow.tsx:555
[   43222ms] [LOG] mainST onUpdate fired! Progress: 0.5331203407880725 @ webpack-internal:///(app-pages-browser)/./src/components/sections/FullScreenSlideshow.tsx:555
[   43239ms] [LOG] mainST onUpdate fired! Progress: 0.536741214057508 @ webpack-internal:///(app-pages-browser)/./src/components/sections/FullScreenSlideshow.tsx:555
[   43255ms] [LOG] mainST onUpdate fired! Progress: 0.5400425985090522 @ webpack-internal:///(app-pages-browser)/./src/components/sections/FullScreenSlideshow.tsx:555
[   43272ms] [LOG] mainST onUpdate fired! Progress: 0.5431309904153354 @ webpack-internal:///(app-pages-browser)/./src/components/sections/FullScreenSlideshow.tsx:555
[   43289ms] [LOG] mainST onUpdate fired! Progress: 0.5458998935037274 @ webpack-internal:///(app-pages-browser)/./src/components/sections/FullScreenSlideshow.tsx:555
[   43306ms] [LOG] mainST onUpdate fired! Progress: 0.5485623003194888 @ webpack-internal:///(app-pages-browser)/./src/components/sections/FullScreenSlideshow.tsx:555
[   43322ms] [LOG] mainST onUpdate fired! Progress: 0.550905218317359 @ webpack-internal:///(app-pages-browser)/./src/components/sections/FullScreenSlideshow.tsx:555
[   43339ms] [LOG] mainST onUpdate fired! Progress: 0.5531416400425985 @ webpack-internal:///(app-pages-browser)/./src/components/sections/FullScreenSlideshow.tsx:555
[   43355ms] [LOG] mainST onUpdate fired! Progress: 0.5551650692225772 @ webpack-internal:///(app-pages-browser)/./src/components/sections/FullScreenSlideshow.tsx:555
[   43372ms] [LOG] mainST onUpdate fired! Progress: 0.5570820021299254 @ webpack-internal:///(app-pages-browser)/./src/components/sections/FullScreenSlideshow.tsx:555
[   43389ms] [LOG] mainST onUpdate fired! Progress: 0.5588924387646432 @ webpack-internal:///(app-pages-browser)/./src/components/sections/FullScreenSlideshow.tsx:555
[   43406ms] [LOG] mainST onUpdate fired! Progress: 0.5604898828541001 @ webpack-internal:///(app-pages-browser)/./src/components/sections/FullScreenSlideshow.tsx:555
[   43422ms] [LOG] mainST onUpdate fired! Progress: 0.5619808306709265 @ webpack-internal:///(app-pages-browser)/./src/components/sections/FullScreenSlideshow.tsx:555
[   43439ms] [LOG] mainST onUpdate fired! Progress: 0.5633652822151225 @ webpack-internal:///(app-pages-browser)/./src/components/sections/FullScreenSlideshow.tsx:555
[   43456ms] [LOG] mainST onUpdate fired! Progress: 0.564643237486688 @ webpack-internal:///(app-pages-browser)/./src/components/sections/FullScreenSlideshow.tsx:555
[   43472ms] [LOG] mainST onUpdate fired! Progress: 0.565814696485623 @ webpack-internal:///(app-pages-browser)/./src/components/sections/FullScreenSlideshow.tsx:555
[   43489ms] [LOG] mainST onUpdate fired! Progress: 0.5668796592119276 @ webpack-internal:///(app-pages-browser)/./src/components/sections/FullScreenSlideshow.tsx:555
[   43506ms] [LOG] mainST onUpdate fired! Progress: 0.5678381256656017 @ webpack-internal:///(app-pages-browser)/./src/components/sections/FullScreenSlideshow.tsx:555
[   43522ms] [LOG] mainST onUpdate fired! Progress: 0.5696485623003195 @ webpack-internal:///(app-pages-browser)/./src/components/sections/FullScreenSlideshow.tsx:555
[   43539ms] [LOG] mainST onUpdate fired! Progress: 0.5712460063897764 @ webpack-internal:///(app-pages-browser)/./src/components/sections/FullScreenSlideshow.tsx:555
[   43556ms] [LOG] mainST onUpdate fired! Progress: 0.5735889243876464 @ webpack-internal:///(app-pages-browser)/./src/components/sections/FullScreenSlideshow.tsx:555
[   43572ms] [LOG] mainST onUpdate fired! Progress: 0.5764643237486688 @ webpack-internal:///(app-pages-browser)/./src/components/sections/FullScreenSlideshow.tsx:555
[   43589ms] [LOG] mainST onUpdate fired! Progress: 0.5799787007454739 @ webpack-internal:///(app-pages-browser)/./src/components/sections/FullScreenSlideshow.tsx:555
[   43606ms] [LOG] mainST onUpdate fired! Progress: 0.5841320553780618 @ webpack-internal:///(app-pages-browser)/./src/components/sections/FullScreenSlideshow.tsx:555
[   43622ms] [LOG] mainST onUpdate fired! Progress: 0.5878594249201278 @ webpack-internal:///(app-pages-browser)/./src/components/sections/FullScreenSlideshow.tsx:555
[   43639ms] [LOG] mainST onUpdate fired! Progress: 0.5913738019169329 @ webpack-internal:///(app-pages-browser)/./src/components/sections/FullScreenSlideshow.tsx:555
[   43655ms] [LOG] mainST onUpdate fired! Progress: 0.5945686900958467 @ webpack-internal:///(app-pages-browser)/./src/components/sections/FullScreenSlideshow.tsx:555
[   43672ms] [LOG] mainST onUpdate fired! Progress: 0.5975505857294995 @ webpack-internal:///(app-pages-browser)/./src/components/sections/FullScreenSlideshow.tsx:555
[   43689ms] [LOG] mainST onUpdate fired! Progress: 0.600212992545261 @ webpack-internal:///(app-pages-browser)/./src/components/sections/FullScreenSlideshow.tsx:555
[   43689ms] [LOG] Changing to section: 6 @ webpack-internal:///(app-pages-browser)/./src/components/sections/FullScreenSlideshow.tsx:561
[   43706ms] [LOG] mainST onUpdate fired! Progress: 0.6027689030883919 @ webpack-internal:///(app-pages-browser)/./src/components/sections/FullScreenSlideshow.tsx:555
[   43706ms] [LOG] Changing to section: 6 @ webpack-internal:///(app-pages-browser)/./src/components/sections/FullScreenSlideshow.tsx:561
[   43714ms] [LOG] [Fast Refresh] rebuilding @ webpack-internal:///(app-pages-browser)/./node_modules/next/dist/client/components/react-dev-overlay/app/hot-reloader-client.js:239
[   43722ms] [LOG] mainST onUpdate fired! Progress: 0.6051118210862619 @ webpack-internal:///(app-pages-browser)/./src/components/sections/FullScreenSlideshow.tsx:555
[   43722ms] [LOG] Changing to section: 6 @ webpack-internal:///(app-pages-browser)/./src/components/sections/FullScreenSlideshow.tsx:561
[   43739ms] [LOG] mainST onUpdate fired! Progress: 0.6072417465388711 @ webpack-internal:///(app-pages-browser)/./src/components/sections/FullScreenSlideshow.tsx:555
[   43739ms] [LOG] Changing to section: 6 @ webpack-internal:///(app-pages-browser)/./src/components/sections/FullScreenSlideshow.tsx:561
[   43756ms] [LOG] mainST onUpdate fired! Progress: 0.6092651757188499 @ webpack-internal:///(app-pages-browser)/./src/components/sections/FullScreenSlideshow.tsx:555
[   43756ms] [LOG] Changing to section: 6 @ webpack-internal:///(app-pages-browser)/./src/components/sections/FullScreenSlideshow.tsx:561
[   43772ms] [LOG] mainST onUpdate fired! Progress: 0.6110756123535677 @ webpack-internal:///(app-pages-browser)/./src/components/sections/FullScreenSlideshow.tsx:555
[   43772ms] [LOG] Changing to section: 6 @ webpack-internal:///(app-pages-browser)/./src/components/sections/FullScreenSlideshow.tsx:561
[   43789ms] [LOG] mainST onUpdate fired! Progress: 0.612779552715655 @ webpack-internal:///(app-pages-browser)/./src/components/sections/FullScreenSlideshow.tsx:555
[   43789ms] [LOG] Changing to section: 6 @ webpack-internal:///(app-pages-browser)/./src/components/sections/FullScreenSlideshow.tsx:561
[   43805ms] [LOG] mainST onUpdate fired! Progress: 0.6143769968051118 @ webpack-internal:///(app-pages-browser)/./src/components/sections/FullScreenSlideshow.tsx:555
[   43806ms] [LOG] Changing to section: 6 @ webpack-internal:///(app-pages-browser)/./src/components/sections/FullScreenSlideshow.tsx:561
[   43822ms] [LOG] mainST onUpdate fired! Progress: 0.6157614483493078 @ webpack-internal:///(app-pages-browser)/./src/components/sections/FullScreenSlideshow.tsx:555
[   43822ms] [LOG] Changing to section: 6 @ webpack-internal:///(app-pages-browser)/./src/components/sections/FullScreenSlideshow.tsx:561
[   43839ms] [LOG] mainST onUpdate fired! Progress: 0.6171458998935038 @ webpack-internal:///(app-pages-browser)/./src/components/sections/FullScreenSlideshow.tsx:555
[   43856ms] [LOG] mainST onUpdate fired! Progress: 0.6183173588924388 @ webpack-internal:///(app-pages-browser)/./src/components/sections/FullScreenSlideshow.tsx:555
[   43872ms] [LOG] mainST onUpdate fired! Progress: 0.6194888178913738 @ webpack-internal:///(app-pages-browser)/./src/components/sections/FullScreenSlideshow.tsx:555
[   43889ms] [LOG] mainST onUpdate fired! Progress: 0.6205537806176784 @ webpack-internal:///(app-pages-browser)/./src/components/sections/FullScreenSlideshow.tsx:555
[   43906ms] [LOG] mainST onUpdate fired! Progress: 0.6215122470713526 @ webpack-internal:///(app-pages-browser)/./src/components/sections/FullScreenSlideshow.tsx:555
[   43922ms] [LOG] mainST onUpdate fired! Progress: 0.6232161874334399 @ webpack-internal:///(app-pages-browser)/./src/components/sections/FullScreenSlideshow.tsx:555
[   43939ms] [LOG] mainST onUpdate fired! Progress: 0.6256656017039404 @ webpack-internal:///(app-pages-browser)/./src/components/sections/FullScreenSlideshow.tsx:555
[   43956ms] [LOG] mainST onUpdate fired! Progress: 0.6286474973375932 @ webpack-internal:///(app-pages-browser)/./src/components/sections/FullScreenSlideshow.tsx:555
[   43972ms] [LOG] mainST onUpdate fired! Progress: 0.6322683706070288 @ webpack-internal:///(app-pages-browser)/./src/components/sections/FullScreenSlideshow.tsx:555
[   43989ms] [LOG] mainST onUpdate fired! Progress: 0.6355697550585729 @ webpack-internal:///(app-pages-browser)/./src/components/sections/FullScreenSlideshow.tsx:555
[   44010ms] [LOG] mainST onUpdate fired! Progress: 0.6386581469648562 @ webpack-internal:///(app-pages-browser)/./src/components/sections/FullScreenSlideshow.tsx:555
[   44015ms] [LOG] [Fast Refresh] done in 302ms @ webpack-internal:///(app-pages-browser)/./node_modules/next/dist/client/components/react-dev-overlay/app/hot-reloader-client.js:66
[   44022ms] [LOG] mainST onUpdate fired! Progress: 0.6415335463258786 @ webpack-internal:///(app-pages-browser)/./src/components/sections/FullScreenSlideshow.tsx:555
[   44057ms] [LOG] useLayoutEffect running. showLoading: true @ webpack-internal:///(app-pages-browser)/./src/components/sections/FullScreenSlideshow.tsx:200
[   44058ms] [LOG] useLayoutEffect running. showLoading: true @ webpack-internal:///(app-pages-browser)/./src/components/sections/FullScreenSlideshow.tsx:200
[   44066ms] [ERROR] %o

%s

%s
 NotFoundError: Failed to execute 'insertBefore' on 'Node': The node before which the new node is to be inserted is not a child of this node.
    at insertOrAppendPlacementNode (webpack-internal:///(app-pages-browser)/./node_modules/next/dist/compiled/react-dom/cjs/react-dom-client.development.js:11200:27)
    at insertOrAppendPlacementNode (webpack-internal:///(app-pages-browser)/./node_modules/next/dist/compiled/react-dom/cjs/react-dom-client.development.js:11203:11)
    at commitPlacement (webpack-internal:///(app-pages-browser)/./node_modules/next/dist/compiled/react-dom/cjs/react-dom-client.development.js:11236:13)
    at runWithFiberInDEV (webpack-internal:///(app-pages-browser)/./node_modules/next/dist/compiled/react-dom/cjs/react-dom-client.development.js:544:16)
    at commitReconciliationEffects (webpack-internal:///(app-pages-browser)/./node_modules/next/dist/compiled/react-dom/cjs/react-dom-client.development.js:12370:11)
    at commitMutationEffectsOnFiber (webpack-internal:///(app-pages-browser)/./node_modules/next/dist/compiled/react-dom/cjs/react-dom-client.development.js:11916:11)
    at recursivelyTraverseMutationEffects (webpack-internal:///(app-pages-browser)/./node_modules/next/dist/compiled/react-dom/cjs/react-dom-client.development.js:11904:11)
    at commitMutationEffectsOnFiber (webpack-internal:///(app-pages-browser)/./node_modules/next/dist/compiled/react-dom/cjs/react-dom-client.development.js:12139:11)
    at recursivelyTraverseMutationEffects (webpack-internal:///(app-pages-browser)/./node_modules/next/dist/compiled/react-dom/cjs/react-dom-client.development.js:11904:11)
    at commitMutationEffectsOnFiber (webpack-internal:///(app-pages-browser)/./node_modules/next/dist/compiled/react-dom/cjs/react-dom-client.development.js:12362:11)
    at recursivelyTraverseMutationEffects (webpack-internal:///(app-pages-browser)/./node_modules/next/dist/compiled/react-dom/cjs/react-dom-client.development.js:11904:11)
    at commitMutationEffectsOnFiber (webpack-internal:///(app-pages-browser)/./node_modules/next/dist/compiled/react-dom/cjs/react-dom-client.development.js:12362:11)
    at recursivelyTraverseMutationEffects (webpack-internal:///(app-pages-browser)/./node_modules/next/dist/compiled/react-dom/cjs/react-dom-client.development.js:11904:11)
    at commitMutationEffectsOnFiber (webpack-internal:///(app-pages-browser)/./node_modules/next/dist/compiled/react-dom/cjs/react-dom-client.development.js:11915:11)
    at recursivelyTraverseMutationEffects (webpack-internal:///(app-pages-browser)/./node_modules/next/dist/compiled/react-dom/cjs/react-dom-client.development.js:11904:11)
    at commitMutationEffectsOnFiber (webpack-internal:///(app-pages-browser)/./node_modules/next/dist/compiled/react-dom/cjs/react-dom-client.development.js:11931:11)
    at recursivelyTraverseMutationEffects (webpack-internal:///(app-pages-browser)/./node_modules/next/dist/compiled/react-dom/cjs/react-dom-client.development.js:11904:11)
    at commitMutationEffectsOnFiber (webpack-internal:///(app-pages-browser)/./node_modules/next/dist/compiled/react-dom/cjs/react-dom-client.development.js:11915:11)
    at recursivelyTraverseMutationEffects (webpack-internal:///(app-pages-browser)/./node_modules/next/dist/compiled/react-dom/cjs/react-dom-client.development.js:11904:11)
    at commitMutationEffectsOnFiber (webpack-internal:///(app-pages-browser)/./node_modules/next/dist/compiled/react-dom/cjs/react-dom-client.development.js:11931:11)
    at recursivelyTraverseMutationEffects (webpack-internal:///(app-pages-browser)/./node_modules/next/dist/compiled/react-dom/cjs/react-dom-client.development.js:11904:11)
    at commitMutationEffectsOnFiber (webpack-internal:///(app-pages-browser)/./node_modules/next/dist/compiled/react-dom/cjs/react-dom-client.development.js:11915:11)
    at recursivelyTraverseMutationEffects (webpack-internal:///(app-pages-browser)/./node_modules/next/dist/compiled/react-dom/cjs/react-dom-client.development.js:11904:11)
    at commitMutationEffectsOnFiber (webpack-internal:///(app-pages-browser)/./node_modules/next/dist/compiled/react-dom/cjs/react-dom-client.development.js:11915:11)
    at recursivelyTraverseMutationEffects (webpack-internal:///(app-pages-browser)/./node_modules/next/dist/compiled/react-dom/cjs/react-dom-client.development.js:11904:11)
    at commitMutationEffectsOnFiber (webpack-internal:///(app-pages-browser)/./node_modules/next/dist/compiled/react-dom/cjs/react-dom-client.development.js:11915:11)
    at recursivelyTraverseMutationEffects (webpack-internal:///(app-pages-browser)/./node_modules/next/dist/compiled/react-dom/cjs/react-dom-client.development.js:11904:11)
    at commitMutationEffectsOnFiber (webpack-internal:///(app-pages-browser)/./node_modules/next/dist/compiled/react-dom/cjs/react-dom-client.development.js:11931:11)
    at recursivelyTraverseMutationEffects (webpack-internal:///(app-pages-browser)/./node_modules/next/dist/compiled/react-dom/cjs/react-dom-client.development.js:11904:11)
    at commitMutationEffectsOnFiber (webpack-internal:///(app-pages-browser)/./node_modules/next/dist/compiled/react-dom/cjs/react-dom-client.development.js:11915:11)
    at recursivelyTraverseMutationEffects (webpack-internal:///(app-pages-browser)/./node_modules/next/dist/compiled/react-dom/cjs/react-dom-client.development.js:11904:11)
    at commitMutationEffectsOnFiber (webpack-internal:///(app-pages-browser)/./node_modules/next/dist/compiled/react-dom/cjs/react-dom-client.development.js:11915:11)
    at recursivelyTraverseMutationEffects (webpack-internal:///(app-pages-browser)/./node_modules/next/dist/compiled/react-dom/cjs/react-dom-client.development.js:11904:11)
    at commitMutationEffectsOnFiber (webpack-internal:///(app-pages-browser)/./node_modules/next/dist/compiled/react-dom/cjs/react-dom-client.development.js:12362:11)
    at recursivelyTraverseMutationEffects (webpack-internal:///(app-pages-browser)/./node_modules/next/dist/compiled/react-dom/cjs/react-dom-client.development.js:11904:11)
    at commitMutationEffectsOnFiber (webpack-internal:///(app-pages-browser)/./node_modules/next/dist/compiled/react-dom/cjs/react-dom-client.development.js:11915:11)
    at recursivelyTraverseMutationEffects (webpack-internal:///(app-pages-browser)/./node_modules/next/dist/compiled/react-dom/cjs/react-dom-client.development.js:11904:11)
    at commitMutationEffectsOnFiber (webpack-internal:///(app-pages-browser)/./node_modules/next/dist/compiled/react-dom/cjs/react-dom-client.development.js:12362:11)
    at recursivelyTraverseMutationEffects (webpack-internal:///(app-pages-browser)/./node_modules/next/dist/compiled/react-dom/cjs/react-dom-client.development.js:11904:11)
    at commitMutationEffectsOnFiber (webpack-internal:///(app-pages-browser)/./node_modules/next/dist/compiled/react-dom/cjs/react-dom-client.development.js:12362:11)
    at recursivelyTraverseMutationEffects (webpack-internal:///(app-pages-browser)/./node_modules/next/dist/compiled/react-dom/cjs/react-dom-client.development.js:11904:11)
    at commitMutationEffectsOnFiber (webpack-internal:///(app-pages-browser)/./node_modules/next/dist/compiled/react-dom/cjs/react-dom-client.development.js:11915:11)
    at recursivelyTraverseMutationEffects (webpack-internal:///(app-pages-browser)/./node_modules/next/dist/compiled/react-dom/cjs/react-dom-client.development.js:11904:11)
    at commitMutationEffectsOnFiber (webpack-internal:///(app-pages-browser)/./node_modules/next/dist/compiled/react-dom/cjs/react-dom-client.development.js:11915:11)
    at recursivelyTraverseMutationEffects (webpack-internal:///(app-pages-browser)/./node_modules/next/dist/compiled/react-dom/cjs/react-dom-client.development.js:11904:11)
    at commitMutationEffectsOnFiber (webpack-internal:///(app-pages-browser)/./node_modules/next/dist/compiled/react-dom/cjs/react-dom-client.development.js:12139:11)
    at recursivelyTraverseMutationEffects (webpack-internal:///(app-pages-browser)/./node_modules/next/dist/compiled/react-dom/cjs/react-dom-client.development.js:11904:11)
    at commitMutationEffectsOnFiber (webpack-internal:///(app-pages-browser)/./node_modules/next/dist/compiled/react-dom/cjs/react-dom-client.development.js:12139:11)
    at recursivelyTraverseMutationEffects (webpack-internal:///(app-pages-browser)/./node_modules/next/dist/compiled/react-dom/cjs/react-dom-client.development.js:11904:11)
    at commitMutationEffectsOnFiber (webpack-internal:///(app-pages-browser)/./node_modules/next/dist/compiled/react-dom/cjs/react-dom-client.development.js:12362:11) The above error occurred in the <NotFoundErrorBoundary> component. React will try to recreate this component tree from scratch using the error boundary you provided, ReactDevOverlay. @ webpack-internal:///(app-pages-browser)/./node_modules/next/dist/client/components/globals/intercept-console-error.js:28
[   47289ms] [WARNING] The resource http://localhost:3000/_next/image?url=%2Flogo%2Flogo.webp&w=384&q=75 was preloaded using link preload but not used within a few seconds from the window's load event. Please make sure it has an appropriate `as` value and it is preloaded intentionally. @ http://localhost:3000/:0
