[     234ms] [INFO] %cDownload the React DevTools for a better development experience: https://react.dev/link/react-devtools font-weight:bold @ webpack-internal:///(app-pages-browser)/./node_modules/next/dist/compiled/react-dom/cjs/react-dom-client.development.js:24514
[     365ms] [WARNING] Image with src "/logo/logo.webp" has either width or height modified, but not the other. If you use CSS to change the size of your image, also include the styles 'width: "auto"' or 'height: "auto"' to maintain the aspect ratio. @ webpack-internal:///(app-pages-browser)/./node_modules/next/dist/shared/lib/utils/warn-once.js:15
[    3463ms] [WARNING] The resource http://localhost:3001/_next/image?url=%2Fbest%20shots%2FProduct%20image%2Fproduct-watch-luxury.webp&w=3840&q=75 was preloaded using link preload but not used within a few seconds from the window's load event. Please make sure it has an appropriate `as` value and it is preloaded intentionally. @ http://localhost:3001/:0
[    3463ms] [WARNING] The resource http://localhost:3001/_next/image?url=%2Flogo%2Flogo.webp&w=384&q=75 was preloaded using link preload but not used within a few seconds from the window's load event. Please make sure it has an appropriate `as` value and it is preloaded intentionally. @ http://localhost:3001/:0
[    8621ms] [WARNING] The resource http://localhost:3001/_next/image?url=%2Fbest%20shots%2FProduct%20image%2Fproduct-watch-luxury.webp&w=3840&q=75 was preloaded using link preload but not used within a few seconds from the window's load event. Please make sure it has an appropriate `as` value and it is preloaded intentionally. @ http://localhost:3001/:0
[    8621ms] [WARNING] The resource http://localhost:3001/_next/image?url=%2Flogo%2Flogo.webp&w=384&q=75 was preloaded using link preload but not used within a few seconds from the window's load event. Please make sure it has an appropriate `as` value and it is preloaded intentionally. @ http://localhost:3001/:0
[   18379ms] [WARNING] The resource http://localhost:3001/_next/image?url=%2Fbest%20shots%2FProduct%20image%2Fproduct-watch-luxury.webp&w=3840&q=75 was preloaded using link preload but not used within a few seconds from the window's load event. Please make sure it has an appropriate `as` value and it is preloaded intentionally. @ http://localhost:3001/:0
[   18379ms] [WARNING] The resource http://localhost:3001/_next/image?url=%2Flogo%2Flogo.webp&w=384&q=75 was preloaded using link preload but not used within a few seconds from the window's load event. Please make sure it has an appropriate `as` value and it is preloaded intentionally. @ http://localhost:3001/:0
[   23711ms] [WARNING] The resource http://localhost:3001/_next/image?url=%2Fbest%20shots%2FProduct%20image%2Fproduct-watch-luxury.webp&w=3840&q=75 was preloaded using link preload but not used within a few seconds from the window's load event. Please make sure it has an appropriate `as` value and it is preloaded intentionally. @ http://localhost:3001/:0
[   23712ms] [WARNING] The resource http://localhost:3001/_next/image?url=%2Flogo%2Flogo.webp&w=384&q=75 was preloaded using link preload but not used within a few seconds from the window's load event. Please make sure it has an appropriate `as` value and it is preloaded intentionally. @ http://localhost:3001/:0
[   33462ms] [WARNING] The resource http://localhost:3001/_next/image?url=%2Fbest%20shots%2FProduct%20image%2Fproduct-watch-luxury.webp&w=3840&q=75 was preloaded using link preload but not used within a few seconds from the window's load event. Please make sure it has an appropriate `as` value and it is preloaded intentionally. @ http://localhost:3001/:0
[   33462ms] [WARNING] The resource http://localhost:3001/_next/image?url=%2Flogo%2Flogo.webp&w=384&q=75 was preloaded using link preload but not used within a few seconds from the window's load event. Please make sure it has an appropriate `as` value and it is preloaded intentionally. @ http://localhost:3001/:0
[   38793ms] [WARNING] The resource http://localhost:3001/_next/image?url=%2Fbest%20shots%2FProduct%20image%2Fproduct-watch-luxury.webp&w=3840&q=75 was preloaded using link preload but not used within a few seconds from the window's load event. Please make sure it has an appropriate `as` value and it is preloaded intentionally. @ http://localhost:3001/:0
[   38793ms] [WARNING] The resource http://localhost:3001/_next/image?url=%2Flogo%2Flogo.webp&w=384&q=75 was preloaded using link preload but not used within a few seconds from the window's load event. Please make sure it has an appropriate `as` value and it is preloaded intentionally. @ http://localhost:3001/:0
[   48530ms] [WARNING] The resource http://localhost:3001/_next/image?url=%2Fbest%20shots%2FProduct%20image%2Fproduct-watch-luxury.webp&w=3840&q=75 was preloaded using link preload but not used within a few seconds from the window's load event. Please make sure it has an appropriate `as` value and it is preloaded intentionally. @ http://localhost:3001/:0
[   48530ms] [WARNING] The resource http://localhost:3001/_next/image?url=%2Flogo%2Flogo.webp&w=384&q=75 was preloaded using link preload but not used within a few seconds from the window's load event. Please make sure it has an appropriate `as` value and it is preloaded intentionally. @ http://localhost:3001/:0
[   53811ms] [WARNING] The resource http://localhost:3001/_next/image?url=%2Fbest%20shots%2FProduct%20image%2Fproduct-watch-luxury.webp&w=3840&q=75 was preloaded using link preload but not used within a few seconds from the window's load event. Please make sure it has an appropriate `as` value and it is preloaded intentionally. @ http://localhost:3001/:0
[   53811ms] [WARNING] The resource http://localhost:3001/_next/image?url=%2Flogo%2Flogo.webp&w=384&q=75 was preloaded using link preload but not used within a few seconds from the window's load event. Please make sure it has an appropriate `as` value and it is preloaded intentionally. @ http://localhost:3001/:0
[   63614ms] [WARNING] The resource http://localhost:3001/_next/image?url=%2Fbest%20shots%2FProduct%20image%2Fproduct-watch-luxury.webp&w=3840&q=75 was preloaded using link preload but not used within a few seconds from the window's load event. Please make sure it has an appropriate `as` value and it is preloaded intentionally. @ http://localhost:3001/:0
[   63614ms] [WARNING] The resource http://localhost:3001/_next/image?url=%2Flogo%2Flogo.webp&w=384&q=75 was preloaded using link preload but not used within a few seconds from the window's load event. Please make sure it has an appropriate `as` value and it is preloaded intentionally. @ http://localhost:3001/:0
[   68879ms] [WARNING] The resource http://localhost:3001/_next/image?url=%2Fbest%20shots%2FProduct%20image%2Fproduct-watch-luxury.webp&w=3840&q=75 was preloaded using link preload but not used within a few seconds from the window's load event. Please make sure it has an appropriate `as` value and it is preloaded intentionally. @ http://localhost:3001/:0
[   68879ms] [WARNING] The resource http://localhost:3001/_next/image?url=%2Flogo%2Flogo.webp&w=384&q=75 was preloaded using link preload but not used within a few seconds from the window's load event. Please make sure it has an appropriate `as` value and it is preloaded intentionally. @ http://localhost:3001/:0
[   78683ms] [WARNING] The resource http://localhost:3001/_next/image?url=%2Fbest%20shots%2FProduct%20image%2Fproduct-watch-luxury.webp&w=3840&q=75 was preloaded using link preload but not used within a few seconds from the window's load event. Please make sure it has an appropriate `as` value and it is preloaded intentionally. @ http://localhost:3001/:0
[   78683ms] [WARNING] The resource http://localhost:3001/_next/image?url=%2Flogo%2Flogo.webp&w=384&q=75 was preloaded using link preload but not used within a few seconds from the window's load event. Please make sure it has an appropriate `as` value and it is preloaded intentionally. @ http://localhost:3001/:0
[   84005ms] [WARNING] The resource http://localhost:3001/_next/image?url=%2Fbest%20shots%2FProduct%20image%2Fproduct-watch-luxury.webp&w=3840&q=75 was preloaded using link preload but not used within a few seconds from the window's load event. Please make sure it has an appropriate `as` value and it is preloaded intentionally. @ http://localhost:3001/:0
[   84005ms] [WARNING] The resource http://localhost:3001/_next/image?url=%2Flogo%2Flogo.webp&w=384&q=75 was preloaded using link preload but not used within a few seconds from the window's load event. Please make sure it has an appropriate `as` value and it is preloaded intentionally. @ http://localhost:3001/:0
[   93760ms] [WARNING] The resource http://localhost:3001/_next/image?url=%2Fbest%20shots%2FProduct%20image%2Fproduct-watch-luxury.webp&w=3840&q=75 was preloaded using link preload but not used within a few seconds from the window's load event. Please make sure it has an appropriate `as` value and it is preloaded intentionally. @ http://localhost:3001/:0
[   93760ms] [WARNING] The resource http://localhost:3001/_next/image?url=%2Flogo%2Flogo.webp&w=384&q=75 was preloaded using link preload but not used within a few seconds from the window's load event. Please make sure it has an appropriate `as` value and it is preloaded intentionally. @ http://localhost:3001/:0
[   99014ms] [WARNING] The resource http://localhost:3001/_next/image?url=%2Fbest%20shots%2FProduct%20image%2Fproduct-watch-luxury.webp&w=3840&q=75 was preloaded using link preload but not used within a few seconds from the window's load event. Please make sure it has an appropriate `as` value and it is preloaded intentionally. @ http://localhost:3001/:0
[   99014ms] [WARNING] The resource http://localhost:3001/_next/image?url=%2Flogo%2Flogo.webp&w=384&q=75 was preloaded using link preload but not used within a few seconds from the window's load event. Please make sure it has an appropriate `as` value and it is preloaded intentionally. @ http://localhost:3001/:0
[  107753ms] [WARNING] You are trying to animate backgroundColor from "rgba(0, 0, 0, 0)" to "transparent". "transparent" is not an animatable value.. For more information and steps for solving, visit https://motion.dev/troubleshooting/value-not-animatable @ webpack-internal:///(app-pages-browser)/./node_modules/motion-utils/dist/es/errors.mjs:15
[  108841ms] [WARNING] The resource http://localhost:3001/_next/image?url=%2Fbest%20shots%2FProduct%20image%2Fproduct-watch-luxury.webp&w=3840&q=75 was preloaded using link preload but not used within a few seconds from the window's load event. Please make sure it has an appropriate `as` value and it is preloaded intentionally. @ http://localhost:3001/:0
[  108841ms] [WARNING] The resource http://localhost:3001/_next/image?url=%2Flogo%2Flogo.webp&w=384&q=75 was preloaded using link preload but not used within a few seconds from the window's load event. Please make sure it has an appropriate `as` value and it is preloaded intentionally. @ http://localhost:3001/:0
[  111434ms] [WARNING] You are trying to animate backgroundColor from "rgba(0, 0, 0, 0)" to "transparent". "transparent" is not an animatable value.. For more information and steps for solving, visit https://motion.dev/troubleshooting/value-not-animatable @ webpack-internal:///(app-pages-browser)/./node_modules/motion-utils/dist/es/errors.mjs:15
[  112520ms] [ERROR] Failed to load resource: the server responded with a status of 404 () @ https://cdn.simpleicons.org/casio:0
[  112523ms] [ERROR] Failed to load resource: the server responded with a status of 404 () @ https://cdn.simpleicons.org/gq:0
[  112581ms] [ERROR] Failed to load resource: the server responded with a status of 404 () @ https://cdn.simpleicons.org/asos:0
[  112588ms] [ERROR] Failed to load resource: the server responded with a status of 404 () @ https://cdn.simpleicons.org/a24:0
[  116824ms] [WARNING] The resource http://localhost:3001/_next/image?url=%2Fbest%20shots%2FProduct%20image%2Fproduct-watch-luxury.webp&w=3840&q=75 was preloaded using link preload but not used within a few seconds from the window's load event. Please make sure it has an appropriate `as` value and it is preloaded intentionally. @ http://localhost:3001/:0
[  116824ms] [WARNING] The resource http://localhost:3001/_next/image?url=%2Flogo%2Flogo.webp&w=384&q=75 was preloaded using link preload but not used within a few seconds from the window's load event. Please make sure it has an appropriate `as` value and it is preloaded intentionally. @ http://localhost:3001/:0
[  122317ms] [WARNING] You are trying to animate backgroundColor from "rgba(0, 0, 0, 0)" to "transparent". "transparent" is not an animatable value.. For more information and steps for solving, visit https://motion.dev/troubleshooting/value-not-animatable @ webpack-internal:///(app-pages-browser)/./node_modules/motion-utils/dist/es/errors.mjs:15
[  130553ms] [WARNING] The resource http://localhost:3001/_next/image?url=%2Fbest%20shots%2FProduct%20image%2Fproduct-watch-luxury.webp&w=3840&q=75 was preloaded using link preload but not used within a few seconds from the window's load event. Please make sure it has an appropriate `as` value and it is preloaded intentionally. @ http://localhost:3001/:0
[  130553ms] [WARNING] The resource http://localhost:3001/_next/image?url=%2Flogo%2Flogo.webp&w=384&q=75 was preloaded using link preload but not used within a few seconds from the window's load event. Please make sure it has an appropriate `as` value and it is preloaded intentionally. @ http://localhost:3001/:0
[  137151ms] [WARNING] You are trying to animate backgroundColor from "rgba(0, 0, 0, 0)" to "transparent". "transparent" is not an animatable value.. For more information and steps for solving, visit https://motion.dev/troubleshooting/value-not-animatable @ webpack-internal:///(app-pages-browser)/./node_modules/motion-utils/dist/es/errors.mjs:15
[  138134ms] [WARNING] You are trying to animate backgroundColor from "rgba(0, 0, 0, 0)" to "transparent". "transparent" is not an animatable value.. For more information and steps for solving, visit https://motion.dev/troubleshooting/value-not-animatable @ webpack-internal:///(app-pages-browser)/./node_modules/motion-utils/dist/es/errors.mjs:15
[  289832ms] [LOG] [Fast Refresh] rebuilding @ webpack-internal:///(app-pages-browser)/./node_modules/next/dist/client/components/react-dev-overlay/app/hot-reloader-client.js:239
[  290221ms] [LOG] [Fast Refresh] done in 389ms @ webpack-internal:///(app-pages-browser)/./node_modules/next/dist/client/components/react-dev-overlay/app/hot-reloader-client.js:66
[  329972ms] [WARNING] You are trying to animate backgroundColor from "rgba(0, 0, 0, 0)" to "transparent". "transparent" is not an animatable value.. For more information and steps for solving, visit https://motion.dev/troubleshooting/value-not-animatable @ webpack-internal:///(app-pages-browser)/./node_modules/motion-utils/dist/es/errors.mjs:15
[  334406ms] [INFO] %cDownload the React DevTools for a better development experience: https://react.dev/link/react-devtools font-weight:bold @ webpack-internal:///(app-pages-browser)/./node_modules/next/dist/compiled/react-dom/cjs/react-dom-client.development.js:24514
[  334507ms] [WARNING] Image with src "/logo/logo.webp" has either width or height modified, but not the other. If you use CSS to change the size of your image, also include the styles 'width: "auto"' or 'height: "auto"' to maintain the aspect ratio. @ webpack-internal:///(app-pages-browser)/./node_modules/next/dist/shared/lib/utils/warn-once.js:15
[  334544ms] [WARNING] You are trying to animate backgroundColor from "rgba(0, 0, 0, 0)" to "transparent". "transparent" is not an animatable value.. For more information and steps for solving, visit https://motion.dev/troubleshooting/value-not-animatable @ webpack-internal:///(app-pages-browser)/./node_modules/motion-utils/dist/es/errors.mjs:15
[  334657ms] [WARNING] Image with src "/best shots/Product image/product-serum.webp" was detected as the Largest Contentful Paint (LCP). Please add the "priority" property if this image is above the fold.
Read more: https://nextjs.org/docs/api-reference/next/image#priority @ webpack-internal:///(app-pages-browser)/./node_modules/next/dist/shared/lib/utils/warn-once.js:15
[  335057ms] [ERROR] Failed to load resource: the server responded with a status of 404 () @ https://cdn.simpleicons.org/casio:0
[  335108ms] [ERROR] Failed to load resource: the server responded with a status of 404 () @ https://cdn.simpleicons.org/gq:0
[  335108ms] [ERROR] Failed to load resource: the server responded with a status of 404 () @ https://cdn.simpleicons.org/asos:0
[  335108ms] [ERROR] Failed to load resource: the server responded with a status of 404 () @ https://cdn.simpleicons.org/a24:0
[  335149ms] [ERROR] Failed to load resource: the server responded with a status of 404 () @ https://cdn.simpleicons.org/casio:0
[  335198ms] [ERROR] Failed to load resource: the server responded with a status of 404 () @ https://cdn.simpleicons.org/asos:0
[  335199ms] [ERROR] Failed to load resource: the server responded with a status of 404 () @ https://cdn.simpleicons.org/a24:0
[  335200ms] [ERROR] Failed to load resource: the server responded with a status of 404 () @ https://cdn.simpleicons.org/gq:0
[  340011ms] [WARNING] The resource http://localhost:3001/_next/image?url=%2Fbest%20shots%2FProduct%20image%2Fproduct-watch-luxury.webp&w=3840&q=75 was preloaded using link preload but not used within a few seconds from the window's load event. Please make sure it has an appropriate `as` value and it is preloaded intentionally. @ http://localhost:3001/:0
[  340012ms] [WARNING] The resource http://localhost:3001/_next/image?url=%2Flogo%2Flogo.webp&w=384&q=75 was preloaded using link preload but not used within a few seconds from the window's load event. Please make sure it has an appropriate `as` value and it is preloaded intentionally. @ http://localhost:3001/:0
[  352976ms] [WARNING] The resource http://localhost:3001/_next/image?url=%2Fbest%20shots%2FProduct%20image%2Fproduct-watch-luxury.webp&w=3840&q=75 was preloaded using link preload but not used within a few seconds from the window's load event. Please make sure it has an appropriate `as` value and it is preloaded intentionally. @ http://localhost:3001/:0
[  352977ms] [WARNING] The resource http://localhost:3001/_next/image?url=%2Flogo%2Flogo.webp&w=384&q=75 was preloaded using link preload but not used within a few seconds from the window's load event. Please make sure it has an appropriate `as` value and it is preloaded intentionally. @ http://localhost:3001/:0
[  394007ms] [WARNING] You are trying to animate backgroundColor from "rgba(0, 0, 0, 0)" to "transparent". "transparent" is not an animatable value.. For more information and steps for solving, visit https://motion.dev/troubleshooting/value-not-animatable @ webpack-internal:///(app-pages-browser)/./node_modules/motion-utils/dist/es/errors.mjs:15
[  396391ms] [WARNING] You are trying to animate backgroundColor from "rgba(0, 0, 0, 0)" to "transparent". "transparent" is not an animatable value.. For more information and steps for solving, visit https://motion.dev/troubleshooting/value-not-animatable @ webpack-internal:///(app-pages-browser)/./node_modules/motion-utils/dist/es/errors.mjs:15
[  397424ms] [WARNING] You are trying to animate backgroundColor from "rgba(0, 0, 0, 0)" to "transparent". "transparent" is not an animatable value.. For more information and steps for solving, visit https://motion.dev/troubleshooting/value-not-animatable @ webpack-internal:///(app-pages-browser)/./node_modules/motion-utils/dist/es/errors.mjs:15
[  398607ms] [WARNING] You are trying to animate backgroundColor from "rgba(0, 0, 0, 0)" to "transparent". "transparent" is not an animatable value.. For more information and steps for solving, visit https://motion.dev/troubleshooting/value-not-animatable @ webpack-internal:///(app-pages-browser)/./node_modules/motion-utils/dist/es/errors.mjs:15
[  398757ms] [WARNING] You are trying to animate backgroundColor from "rgba(0, 0, 0, 0)" to "transparent". "transparent" is not an animatable value.. For more information and steps for solving, visit https://motion.dev/troubleshooting/value-not-animatable @ webpack-internal:///(app-pages-browser)/./node_modules/motion-utils/dist/es/errors.mjs:15
[  427443ms] [LOG] [Fast Refresh] rebuilding @ webpack-internal:///(app-pages-browser)/./node_modules/next/dist/client/components/react-dev-overlay/app/hot-reloader-client.js:239
[  427785ms] [LOG] [Fast Refresh] done in 342ms @ webpack-internal:///(app-pages-browser)/./node_modules/next/dist/client/components/react-dev-overlay/app/hot-reloader-client.js:66
[  430803ms] [WARNING] The resource http://localhost:3001/_next/image?url=%2Fbest%20shots%2FProduct%20image%2Fproduct-watch-luxury.webp&w=3840&q=75 was preloaded using link preload but not used within a few seconds from the window's load event. Please make sure it has an appropriate `as` value and it is preloaded intentionally. @ http://localhost:3001/:0
[  430803ms] [WARNING] The resource http://localhost:3001/_next/image?url=%2Flogo%2Flogo.webp&w=384&q=75 was preloaded using link preload but not used within a few seconds from the window's load event. Please make sure it has an appropriate `as` value and it is preloaded intentionally. @ http://localhost:3001/:0
[  482793ms] [WARNING] You are trying to animate backgroundColor from "rgba(0, 0, 0, 0)" to "transparent". "transparent" is not an animatable value.. For more information and steps for solving, visit https://motion.dev/troubleshooting/value-not-animatable @ webpack-internal:///(app-pages-browser)/./node_modules/motion-utils/dist/es/errors.mjs:15
[  485505ms] [INFO] %cDownload the React DevTools for a better development experience: https://react.dev/link/react-devtools font-weight:bold @ webpack-internal:///(app-pages-browser)/./node_modules/next/dist/compiled/react-dom/cjs/react-dom-client.development.js:24514
[  485616ms] [WARNING] Image with src "/logo/logo.webp" has either width or height modified, but not the other. If you use CSS to change the size of your image, also include the styles 'width: "auto"' or 'height: "auto"' to maintain the aspect ratio. @ webpack-internal:///(app-pages-browser)/./node_modules/next/dist/shared/lib/utils/warn-once.js:15
[  485619ms] [ERROR] Failed to load resource: the server responded with a status of 404 () @ https://cdn.simpleicons.org/casio:0
[  485620ms] [ERROR] Failed to load resource: the server responded with a status of 404 () @ https://cdn.simpleicons.org/gq:0
[  485620ms] [ERROR] Failed to load resource: the server responded with a status of 404 () @ https://cdn.simpleicons.org/asos:0
[  485620ms] [ERROR] Failed to load resource: the server responded with a status of 404 () @ https://cdn.simpleicons.org/a24:0
[  485828ms] [WARNING] You are trying to animate backgroundColor from "rgba(0, 0, 0, 0)" to "transparent". "transparent" is not an animatable value.. For more information and steps for solving, visit https://motion.dev/troubleshooting/value-not-animatable @ webpack-internal:///(app-pages-browser)/./node_modules/motion-utils/dist/es/errors.mjs:15
[  486012ms] [ERROR] Failed to load resource: the server responded with a status of 404 () @ https://cdn.simpleicons.org/casio:0
[  486022ms] [ERROR] Failed to load resource: the server responded with a status of 404 () @ https://cdn.simpleicons.org/asos:0
[  486025ms] [ERROR] Failed to load resource: the server responded with a status of 404 () @ https://cdn.simpleicons.org/gq:0
[  486039ms] [ERROR] Failed to load resource: the server responded with a status of 404 () @ https://cdn.simpleicons.org/a24:0
[  489556ms] [WARNING] The resource http://localhost:3001/_next/image?url=%2Fbest%20shots%2FProduct%20image%2Fproduct-watch-luxury.webp&w=3840&q=75 was preloaded using link preload but not used within a few seconds from the window's load event. Please make sure it has an appropriate `as` value and it is preloaded intentionally. @ http://localhost:3001/:0
[  489556ms] [WARNING] The resource http://localhost:3001/_next/image?url=%2Flogo%2Flogo.webp&w=384&q=75 was preloaded using link preload but not used within a few seconds from the window's load event. Please make sure it has an appropriate `as` value and it is preloaded intentionally. @ http://localhost:3001/:0
[  503585ms] [WARNING] The resource http://localhost:3001/_next/image?url=%2Fbest%20shots%2FProduct%20image%2Fproduct-watch-luxury.webp&w=3840&q=75 was preloaded using link preload but not used within a few seconds from the window's load event. Please make sure it has an appropriate `as` value and it is preloaded intentionally. @ http://localhost:3001/:0
[  503585ms] [WARNING] The resource http://localhost:3001/_next/image?url=%2Flogo%2Flogo.webp&w=384&q=75 was preloaded using link preload but not used within a few seconds from the window's load event. Please make sure it has an appropriate `as` value and it is preloaded intentionally. @ http://localhost:3001/:0
[  564345ms] [WARNING] You are trying to animate backgroundColor from "rgba(0, 0, 0, 0)" to "transparent". "transparent" is not an animatable value.. For more information and steps for solving, visit https://motion.dev/troubleshooting/value-not-animatable @ webpack-internal:///(app-pages-browser)/./node_modules/motion-utils/dist/es/errors.mjs:15
[  574663ms] [WARNING] The resource http://localhost:3001/_next/image?url=%2Fbest%20shots%2FProduct%20image%2Fproduct-watch-luxury.webp&w=3840&q=75 was preloaded using link preload but not used within a few seconds from the window's load event. Please make sure it has an appropriate `as` value and it is preloaded intentionally. @ http://localhost:3001/:0
[  574664ms] [WARNING] The resource http://localhost:3001/_next/image?url=%2Flogo%2Flogo.webp&w=384&q=75 was preloaded using link preload but not used within a few seconds from the window's load event. Please make sure it has an appropriate `as` value and it is preloaded intentionally. @ http://localhost:3001/:0
[  579717ms] [WARNING] The resource http://localhost:3001/_next/image?url=%2Fbest%20shots%2FProduct%20image%2Fproduct-watch-luxury.webp&w=3840&q=75 was preloaded using link preload but not used within a few seconds from the window's load event. Please make sure it has an appropriate `as` value and it is preloaded intentionally. @ http://localhost:3001/:0
[  579717ms] [WARNING] The resource http://localhost:3001/_next/image?url=%2Flogo%2Flogo.webp&w=384&q=75 was preloaded using link preload but not used within a few seconds from the window's load event. Please make sure it has an appropriate `as` value and it is preloaded intentionally. @ http://localhost:3001/:0
[  592912ms] [WARNING] You are trying to animate backgroundColor from "rgba(0, 0, 0, 0)" to "transparent". "transparent" is not an animatable value.. For more information and steps for solving, visit https://motion.dev/troubleshooting/value-not-animatable @ webpack-internal:///(app-pages-browser)/./node_modules/motion-utils/dist/es/errors.mjs:15
[  596158ms] [WARNING] The resource http://localhost:3001/_next/image?url=%2Fbest%20shots%2FProduct%20image%2Fproduct-watch-luxury.webp&w=3840&q=75 was preloaded using link preload but not used within a few seconds from the window's load event. Please make sure it has an appropriate `as` value and it is preloaded intentionally. @ http://localhost:3001/:0
[  596158ms] [WARNING] The resource http://localhost:3001/_next/image?url=%2Flogo%2Flogo.webp&w=384&q=75 was preloaded using link preload but not used within a few seconds from the window's load event. Please make sure it has an appropriate `as` value and it is preloaded intentionally. @ http://localhost:3001/:0
[  715332ms] [WARNING] You are trying to animate backgroundColor from "rgba(0, 0, 0, 0)" to "transparent". "transparent" is not an animatable value.. For more information and steps for solving, visit https://motion.dev/troubleshooting/value-not-animatable @ webpack-internal:///(app-pages-browser)/./node_modules/motion-utils/dist/es/errors.mjs:15
[  716841ms] [INFO] %cDownload the React DevTools for a better development experience: https://react.dev/link/react-devtools font-weight:bold @ webpack-internal:///(app-pages-browser)/./node_modules/next/dist/compiled/react-dom/cjs/react-dom-client.development.js:24514
[  716973ms] [WARNING] Image with src "/logo/logo.webp" has either width or height modified, but not the other. If you use CSS to change the size of your image, also include the styles 'width: "auto"' or 'height: "auto"' to maintain the aspect ratio. @ webpack-internal:///(app-pages-browser)/./node_modules/next/dist/shared/lib/utils/warn-once.js:15
[  716976ms] [WARNING] You are trying to animate backgroundColor from "rgba(0, 0, 0, 0)" to "transparent". "transparent" is not an animatable value.. For more information and steps for solving, visit https://motion.dev/troubleshooting/value-not-animatable @ webpack-internal:///(app-pages-browser)/./node_modules/motion-utils/dist/es/errors.mjs:15
[  720050ms] [WARNING] The resource http://localhost:3001/_next/image?url=%2Fbest%20shots%2FProduct%20image%2Fproduct-watch-luxury.webp&w=3840&q=75 was preloaded using link preload but not used within a few seconds from the window's load event. Please make sure it has an appropriate `as` value and it is preloaded intentionally. @ http://localhost:3001/:0
[  720050ms] [WARNING] The resource http://localhost:3001/_next/image?url=%2Flogo%2Flogo.webp&w=384&q=75 was preloaded using link preload but not used within a few seconds from the window's load event. Please make sure it has an appropriate `as` value and it is preloaded intentionally. @ http://localhost:3001/:0
[  725019ms] [ERROR] Failed to load resource: the server responded with a status of 404 () @ https://cdn.simpleicons.org/casio:0
[  725067ms] [ERROR] Failed to load resource: the server responded with a status of 404 () @ https://cdn.simpleicons.org/gq:0
[  725067ms] [ERROR] Failed to load resource: the server responded with a status of 404 () @ https://cdn.simpleicons.org/asos:0
[  725067ms] [ERROR] Failed to load resource: the server responded with a status of 404 () @ https://cdn.simpleicons.org/a24:0
[  725112ms] [ERROR] Failed to load resource: the server responded with a status of 404 () @ https://cdn.simpleicons.org/casio:0
[  725160ms] [ERROR] Failed to load resource: the server responded with a status of 404 () @ https://cdn.simpleicons.org/gq:0
[  725160ms] [ERROR] Failed to load resource: the server responded with a status of 404 () @ https://cdn.simpleicons.org/asos:0
[  725168ms] [ERROR] Failed to load resource: the server responded with a status of 404 () @ https://cdn.simpleicons.org/a24:0
[  729970ms] [WARNING] The resource http://localhost:3001/_next/image?url=%2Fbest%20shots%2FProduct%20image%2Fproduct-watch-luxury.webp&w=3840&q=75 was preloaded using link preload but not used within a few seconds from the window's load event. Please make sure it has an appropriate `as` value and it is preloaded intentionally. @ http://localhost:3001/:0
[  729970ms] [WARNING] The resource http://localhost:3001/_next/image?url=%2Flogo%2Flogo.webp&w=384&q=75 was preloaded using link preload but not used within a few seconds from the window's load event. Please make sure it has an appropriate `as` value and it is preloaded intentionally. @ http://localhost:3001/:0
[  744008ms] [WARNING] The resource http://localhost:3001/_next/image?url=%2Fbest%20shots%2FProduct%20image%2Fproduct-watch-luxury.webp&w=3840&q=75 was preloaded using link preload but not used within a few seconds from the window's load event. Please make sure it has an appropriate `as` value and it is preloaded intentionally. @ http://localhost:3001/:0
[  744008ms] [WARNING] The resource http://localhost:3001/_next/image?url=%2Flogo%2Flogo.webp&w=384&q=75 was preloaded using link preload but not used within a few seconds from the window's load event. Please make sure it has an appropriate `as` value and it is preloaded intentionally. @ http://localhost:3001/:0
[  760730ms] [LOG] [Fast Refresh] rebuilding @ webpack-internal:///(app-pages-browser)/./node_modules/next/dist/client/components/react-dev-overlay/app/hot-reloader-client.js:239
[  760915ms] [LOG] [Fast Refresh] done in 185ms @ webpack-internal:///(app-pages-browser)/./node_modules/next/dist/client/components/react-dev-overlay/app/hot-reloader-client.js:66
[  763933ms] [WARNING] The resource http://localhost:3001/_next/image?url=%2Fbest%20shots%2FProduct%20image%2Fproduct-watch-luxury.webp&w=3840&q=75 was preloaded using link preload but not used within a few seconds from the window's load event. Please make sure it has an appropriate `as` value and it is preloaded intentionally. @ http://localhost:3001/:0
[  763933ms] [WARNING] The resource http://localhost:3001/_next/image?url=%2Flogo%2Flogo.webp&w=384&q=75 was preloaded using link preload but not used within a few seconds from the window's load event. Please make sure it has an appropriate `as` value and it is preloaded intentionally. @ http://localhost:3001/:0
[  774576ms] [LOG] [Fast Refresh] rebuilding @ webpack-internal:///(app-pages-browser)/./node_modules/next/dist/client/components/react-dev-overlay/app/hot-reloader-client.js:239
[  774974ms] [LOG] [Fast Refresh] done in 398ms @ webpack-internal:///(app-pages-browser)/./node_modules/next/dist/client/components/react-dev-overlay/app/hot-reloader-client.js:66
[  775023ms] [WARNING] Image with src "/best shots/ADs/ad-culinary.webp" has "fill" and parent element with invalid "position". Provided "static" should be one of absolute,fixed,relative. @ webpack-internal:///(app-pages-browser)/./node_modules/next/dist/shared/lib/utils/warn-once.js:15
[  775023ms] [WARNING] Image with src "/best shots/ADs/ad-culinary.webp" has "fill" and a height value of 0. This is likely because the parent element of the image has not been styled to have a set height. @ webpack-internal:///(app-pages-browser)/./node_modules/next/dist/shared/lib/utils/warn-once.js:15
[  775023ms] [WARNING] Image with src "/best shots/ADs/ad-popout.webp" has "fill" and parent element with invalid "position". Provided "static" should be one of absolute,fixed,relative. @ webpack-internal:///(app-pages-browser)/./node_modules/next/dist/shared/lib/utils/warn-once.js:15
[  775023ms] [WARNING] Image with src "/best shots/ADs/ad-popout.webp" has "fill" and a height value of 0. This is likely because the parent element of the image has not been styled to have a set height. @ webpack-internal:///(app-pages-browser)/./node_modules/next/dist/shared/lib/utils/warn-once.js:15
[  775023ms] [WARNING] Image with src "/best shots/Product image/product-energy-shot.webp" has "fill" and parent element with invalid "position". Provided "static" should be one of absolute,fixed,relative. @ webpack-internal:///(app-pages-browser)/./node_modules/next/dist/shared/lib/utils/warn-once.js:15
[  775023ms] [WARNING] Image with src "/best shots/Product image/product-energy-shot.webp" has "fill" and a height value of 0. This is likely because the parent element of the image has not been styled to have a set height. @ webpack-internal:///(app-pages-browser)/./node_modules/next/dist/shared/lib/utils/warn-once.js:15
[  775023ms] [WARNING] Image with src "/best shots/Product image/product-serum.webp" has "fill" and parent element with invalid "position". Provided "static" should be one of absolute,fixed,relative. @ webpack-internal:///(app-pages-browser)/./node_modules/next/dist/shared/lib/utils/warn-once.js:15
[  775023ms] [WARNING] Image with src "/best shots/Product image/product-serum.webp" has "fill" and a height value of 0. This is likely because the parent element of the image has not been styled to have a set height. @ webpack-internal:///(app-pages-browser)/./node_modules/next/dist/shared/lib/utils/warn-once.js:15
[  775029ms] [WARNING] Image with src "/best shots/Product image/product-watch-luxury.webp" has "fill" and parent element with invalid "position". Provided "static" should be one of absolute,fixed,relative. @ webpack-internal:///(app-pages-browser)/./node_modules/next/dist/shared/lib/utils/warn-once.js:15
[  775029ms] [WARNING] Image with src "/best shots/Product image/product-watch-luxury.webp" has "fill" and a height value of 0. This is likely because the parent element of the image has not been styled to have a set height. @ webpack-internal:///(app-pages-browser)/./node_modules/next/dist/shared/lib/utils/warn-once.js:15
[  775029ms] [WARNING] Image with src "/best shots/new-images/new-product-blast.jpg" has "fill" and parent element with invalid "position". Provided "static" should be one of absolute,fixed,relative. @ webpack-internal:///(app-pages-browser)/./node_modules/next/dist/shared/lib/utils/warn-once.js:15
[  775029ms] [WARNING] Image with src "/best shots/new-images/new-product-blast.jpg" has "fill" and a height value of 0. This is likely because the parent element of the image has not been styled to have a set height. @ webpack-internal:///(app-pages-browser)/./node_modules/next/dist/shared/lib/utils/warn-once.js:15
[  775029ms] [WARNING] Image with src "/best shots/new-images/new-product-bold.jpg" has "fill" and parent element with invalid "position". Provided "static" should be one of absolute,fixed,relative. @ webpack-internal:///(app-pages-browser)/./node_modules/next/dist/shared/lib/utils/warn-once.js:15
[  775029ms] [WARNING] Image with src "/best shots/new-images/new-product-bold.jpg" has "fill" and a height value of 0. This is likely because the parent element of the image has not been styled to have a set height. @ webpack-internal:///(app-pages-browser)/./node_modules/next/dist/shared/lib/utils/warn-once.js:15
[  775029ms] [WARNING] Image with src "/best shots/new-images/new-product-heel.jpg" has "fill" and parent element with invalid "position". Provided "static" should be one of absolute,fixed,relative. @ webpack-internal:///(app-pages-browser)/./node_modules/next/dist/shared/lib/utils/warn-once.js:15
[  775029ms] [WARNING] Image with src "/best shots/new-images/new-product-heel.jpg" has "fill" and a height value of 0. This is likely because the parent element of the image has not been styled to have a set height. @ webpack-internal:///(app-pages-browser)/./node_modules/next/dist/shared/lib/utils/warn-once.js:15
[  775029ms] [WARNING] Image with src "/best shots/ladies shoe/High-end-shoe.webp" has "fill" and parent element with invalid "position". Provided "static" should be one of absolute,fixed,relative. @ webpack-internal:///(app-pages-browser)/./node_modules/next/dist/shared/lib/utils/warn-once.js:15
[  775029ms] [WARNING] Image with src "/best shots/ladies shoe/High-end-shoe.webp" has "fill" and a height value of 0. This is likely because the parent element of the image has not been styled to have a set height. @ webpack-internal:///(app-pages-browser)/./node_modules/next/dist/shared/lib/utils/warn-once.js:15
[  775029ms] [WARNING] Image with src "/best shots/ladies shoe/shoe-ladies-heels.webp" has "fill" and parent element with invalid "position". Provided "static" should be one of absolute,fixed,relative. @ webpack-internal:///(app-pages-browser)/./node_modules/next/dist/shared/lib/utils/warn-once.js:15
[  775029ms] [WARNING] Image with src "/best shots/ladies shoe/shoe-ladies-heels.webp" has "fill" and a height value of 0. This is likely because the parent element of the image has not been styled to have a set height. @ webpack-internal:///(app-pages-browser)/./node_modules/next/dist/shared/lib/utils/warn-once.js:15
[  775029ms] [WARNING] Image with src "/best shots/ladies shoe/shoe-ladies-slipon.webp" has "fill" and parent element with invalid "position". Provided "static" should be one of absolute,fixed,relative. @ webpack-internal:///(app-pages-browser)/./node_modules/next/dist/shared/lib/utils/warn-once.js:15
[  775029ms] [WARNING] Image with src "/best shots/ladies shoe/shoe-ladies-slipon.webp" has "fill" and a height value of 0. This is likely because the parent element of the image has not been styled to have a set height. @ webpack-internal:///(app-pages-browser)/./node_modules/next/dist/shared/lib/utils/warn-once.js:15
[  775029ms] [WARNING] Image with src "/best shots/mens shoe/shoe-mens-lifestyle.webp" has "fill" and parent element with invalid "position". Provided "static" should be one of absolute,fixed,relative. @ webpack-internal:///(app-pages-browser)/./node_modules/next/dist/shared/lib/utils/warn-once.js:15
[  775029ms] [WARNING] Image with src "/best shots/mens shoe/shoe-mens-lifestyle.webp" has "fill" and a height value of 0. This is likely because the parent element of the image has not been styled to have a set height. @ webpack-internal:///(app-pages-browser)/./node_modules/next/dist/shared/lib/utils/warn-once.js:15
[  775029ms] [WARNING] Image with src "/best shots/new-images/new-food-biriyani.png" has "fill" and parent element with invalid "position". Provided "static" should be one of absolute,fixed,relative. @ webpack-internal:///(app-pages-browser)/./node_modules/next/dist/shared/lib/utils/warn-once.js:15
[  775029ms] [WARNING] Image with src "/best shots/new-images/new-food-biriyani.png" has "fill" and a height value of 0. This is likely because the parent element of the image has not been styled to have a set height. @ webpack-internal:///(app-pages-browser)/./node_modules/next/dist/shared/lib/utils/warn-once.js:15
[  775029ms] [WARNING] Image with src "/best shots/new-images/new-food-ultra.png" has "fill" and parent element with invalid "position". Provided "static" should be one of absolute,fixed,relative. @ webpack-internal:///(app-pages-browser)/./node_modules/next/dist/shared/lib/utils/warn-once.js:15
[  775029ms] [WARNING] Image with src "/best shots/new-images/new-food-ultra.png" has "fill" and a height value of 0. This is likely because the parent element of the image has not been styled to have a set height. @ webpack-internal:///(app-pages-browser)/./node_modules/next/dist/shared/lib/utils/warn-once.js:15
[  775029ms] [WARNING] Image with src "/best shots/new-images/new-juice-01.jpg" has "fill" and parent element with invalid "position". Provided "static" should be one of absolute,fixed,relative. @ webpack-internal:///(app-pages-browser)/./node_modules/next/dist/shared/lib/utils/warn-once.js:15
[  775029ms] [WARNING] Image with src "/best shots/new-images/new-juice-01.jpg" has "fill" and a height value of 0. This is likely because the parent element of the image has not been styled to have a set height. @ webpack-internal:///(app-pages-browser)/./node_modules/next/dist/shared/lib/utils/warn-once.js:15
[  775356ms] [WARNING] Image with src "/best shots/Product image/energy-drink-shot.png" has "fill" and parent element with invalid "position". Provided "static" should be one of absolute,fixed,relative. @ webpack-internal:///(app-pages-browser)/./node_modules/next/dist/shared/lib/utils/warn-once.js:15
[  775356ms] [WARNING] Image with src "/best shots/Product image/energy-drink-shot.png" has "fill" and a height value of 0. This is likely because the parent element of the image has not been styled to have a set height. @ webpack-internal:///(app-pages-browser)/./node_modules/next/dist/shared/lib/utils/warn-once.js:15
[  775523ms] [WARNING] Image with src "/best shots/Food photo/food-cream-macro.webp" has "fill" and a height value of 0. This is likely because the parent element of the image has not been styled to have a set height. @ webpack-internal:///(app-pages-browser)/./node_modules/next/dist/shared/lib/utils/warn-once.js:15
[  775722ms] [WARNING] Image with src "/best shots/Food photo/kashmiri-mutton.png" has "fill" and a height value of 0. This is likely because the parent element of the image has not been styled to have a set height. @ webpack-internal:///(app-pages-browser)/./node_modules/next/dist/shared/lib/utils/warn-once.js:15
[  775938ms] [WARNING] Image with src "/best shots/Food photo/food-chicken.webp" has "fill" and a height value of 0. This is likely because the parent element of the image has not been styled to have a set height. @ webpack-internal:///(app-pages-browser)/./node_modules/next/dist/shared/lib/utils/warn-once.js:15
[  775965ms] [WARNING] Image with src "/best shots/Food photo/indian-buffet.png" has "fill" and a height value of 0. This is likely because the parent element of the image has not been styled to have a set height. @ webpack-internal:///(app-pages-browser)/./node_modules/next/dist/shared/lib/utils/warn-once.js:15
[  776001ms] [WARNING] Image with src "/best shots/Food photo/food-cream.webp" has "fill" and a height value of 0. This is likely because the parent element of the image has not been styled to have a set height. @ webpack-internal:///(app-pages-browser)/./node_modules/next/dist/shared/lib/utils/warn-once.js:15
[  776016ms] [WARNING] Image with src "/best shots/Food photo/food-mutton.webp" has "fill" and a height value of 0. This is likely because the parent element of the image has not been styled to have a set height. @ webpack-internal:///(app-pages-browser)/./node_modules/next/dist/shared/lib/utils/warn-once.js:15
[  776054ms] [WARNING] Image with src "/best shots/Food photo/food-curry.webp" has "fill" and a height value of 0. This is likely because the parent element of the image has not been styled to have a set height. @ webpack-internal:///(app-pages-browser)/./node_modules/next/dist/shared/lib/utils/warn-once.js:15
[  776337ms] [WARNING] Image with src "/best shots/Food photo/indian-curry.png" has "fill" and a height value of 0. This is likely because the parent element of the image has not been styled to have a set height. @ webpack-internal:///(app-pages-browser)/./node_modules/next/dist/shared/lib/utils/warn-once.js:15
[  779781ms] [WARNING] The resource http://localhost:3001/_next/image?url=%2Flogo%2Flogo.webp&w=384&q=75 was preloaded using link preload but not used within a few seconds from the window's load event. Please make sure it has an appropriate `as` value and it is preloaded intentionally. @ http://localhost:3001/:0
[  823968ms] [WARNING] You are trying to animate backgroundColor from "rgba(0, 0, 0, 0)" to "transparent". "transparent" is not an animatable value.. For more information and steps for solving, visit https://motion.dev/troubleshooting/value-not-animatable @ webpack-internal:///(app-pages-browser)/./node_modules/motion-utils/dist/es/errors.mjs:15
[  824418ms] [WARNING] You are trying to animate backgroundColor from "transparent" to "rgba(232, 59, 44, 0.05)". "transparent" is not an animatable value.. For more information and steps for solving, visit https://motion.dev/troubleshooting/value-not-animatable @ webpack-internal:///(app-pages-browser)/./node_modules/motion-utils/dist/es/errors.mjs:15
[  824435ms] [WARNING] You are trying to animate backgroundColor from "rgba(232, 59, 44, 0.05)" to "transparent". "transparent" is not an animatable value.. For more information and steps for solving, visit https://motion.dev/troubleshooting/value-not-animatable @ webpack-internal:///(app-pages-browser)/./node_modules/motion-utils/dist/es/errors.mjs:15
[  825511ms] [ERROR] Failed to load resource: the server responded with a status of 404 (Not Found) @ http://localhost:3001/_next/static/css/app/layout.css?v=1781540316655:0
[  825512ms] [ERROR] Failed to load resource: the server responded with a status of 404 (Not Found) @ http://localhost:3001/_next/static/css/app/page.css?v=1781540316655:0
[  825532ms] [ERROR] Failed to load resource: the server responded with a status of 404 (Not Found) @ http://localhost:3001/_next/static/chunks/main-app.js?v=1781540316655:0
[  825533ms] [ERROR] Failed to load resource: the server responded with a status of 404 (Not Found) @ http://localhost:3001/_next/static/chunks/webpack.js?v=1781540316655:0
[  825533ms] [ERROR] Failed to load resource: the server responded with a status of 404 (Not Found) @ http://localhost:3001/_next/static/chunks/app-pages-internals.js:0
[  825533ms] [ERROR] Failed to load resource: the server responded with a status of 404 (Not Found) @ http://localhost:3001/_next/static/chunks/app/layout.js:0
[  825543ms] [ERROR] Failed to load resource: the server responded with a status of 404 (Not Found) @ http://localhost:3001/_next/static/chunks/app/page.js:0
[  825689ms] [ERROR] Failed to load resource: the server responded with a status of 404 () @ https://cdn.simpleicons.org/casio:0
[  825689ms] [ERROR] Failed to load resource: the server responded with a status of 404 () @ https://cdn.simpleicons.org/gq:0
[  825690ms] [ERROR] Failed to load resource: the server responded with a status of 404 () @ https://cdn.simpleicons.org/asos:0
[  825690ms] [ERROR] Failed to load resource: the server responded with a status of 404 () @ https://cdn.simpleicons.org/a24:0
[  825766ms] [ERROR] Failed to load resource: the server responded with a status of 500 (Internal Server Error) @ http://localhost:3001/favicon.ico:0
[  825782ms] [ERROR] Failed to load resource: the server responded with a status of 404 () @ https://cdn.simpleicons.org/casio:0
[  825783ms] [ERROR] Failed to load resource: the server responded with a status of 404 () @ https://cdn.simpleicons.org/gq:0
[  825784ms] [ERROR] Failed to load resource: the server responded with a status of 404 () @ https://cdn.simpleicons.org/a24:0
[  825785ms] [ERROR] Failed to load resource: the server responded with a status of 404 () @ https://cdn.simpleicons.org/asos:0
[  828792ms] [WARNING] The resource http://localhost:3001/_next/image?url=%2Fbest%20shots%2FProduct%20image%2Fproduct-watch-luxury.webp&w=3840&q=75 was preloaded using link preload but not used within a few seconds from the window's load event. Please make sure it has an appropriate `as` value and it is preloaded intentionally. @ http://localhost:3001/:0
[  828792ms] [WARNING] The resource http://localhost:3001/_next/image?url=%2Flogo%2Flogo.webp&w=384&q=75 was preloaded using link preload but not used within a few seconds from the window's load event. Please make sure it has an appropriate `as` value and it is preloaded intentionally. @ http://localhost:3001/:0
[  834185ms] [WARNING] The resource http://localhost:3001/_next/image?url=%2Fbest%20shots%2FProduct%20image%2Fproduct-watch-luxury.webp&w=3840&q=75 was preloaded using link preload but not used within a few seconds from the window's load event. Please make sure it has an appropriate `as` value and it is preloaded intentionally. @ http://localhost:3001/:0
[  834185ms] [WARNING] The resource http://localhost:3001/_next/image?url=%2Flogo%2Flogo.webp&w=384&q=75 was preloaded using link preload but not used within a few seconds from the window's load event. Please make sure it has an appropriate `as` value and it is preloaded intentionally. @ http://localhost:3001/:0
[  847493ms] Invalid or unexpected token
[  847789ms] [INFO] %cDownload the React DevTools for a better development experience: https://react.dev/link/react-devtools font-weight:bold @ webpack-internal:///(app-pages-browser)/./node_modules/next/dist/compiled/react-dom/cjs/react-dom-client.development.js:24514
[  851177ms] [WARNING] The resource http://localhost:3001/_next/image?url=%2Fbest%20shots%2FProduct%20image%2Fproduct-watch-luxury.webp&w=3840&q=75 was preloaded using link preload but not used within a few seconds from the window's load event. Please make sure it has an appropriate `as` value and it is preloaded intentionally. @ http://localhost:3001/:0
[  851177ms] [WARNING] The resource http://localhost:3001/_next/image?url=%2Flogo%2Flogo.webp&w=384&q=75 was preloaded using link preload but not used within a few seconds from the window's load event. Please make sure it has an appropriate `as` value and it is preloaded intentionally. @ http://localhost:3001/:0
[  851676ms] [ERROR] Failed to load resource: the server responded with a status of 404 () @ https://cdn.simpleicons.org/casio:0
[  851676ms] [ERROR] Failed to load resource: the server responded with a status of 404 () @ https://cdn.simpleicons.org/gq:0
[  851676ms] [ERROR] Failed to load resource: the server responded with a status of 404 () @ https://cdn.simpleicons.org/asos:0
[  851676ms] [ERROR] Failed to load resource: the server responded with a status of 404 () @ https://cdn.simpleicons.org/a24:0
[  851770ms] [ERROR] Failed to load resource: the server responded with a status of 404 () @ https://cdn.simpleicons.org/a24:0
[  851770ms] [ERROR] Failed to load resource: the server responded with a status of 404 () @ https://cdn.simpleicons.org/asos:0
[  851774ms] [ERROR] Failed to load resource: the server responded with a status of 404 () @ https://cdn.simpleicons.org/casio:0
[  851775ms] [ERROR] Failed to load resource: the server responded with a status of 404 () @ https://cdn.simpleicons.org/gq:0
[  854776ms] [WARNING] The resource http://localhost:3001/_next/image?url=%2Fbest%20shots%2FProduct%20image%2Fproduct-watch-luxury.webp&w=3840&q=75 was preloaded using link preload but not used within a few seconds from the window's load event. Please make sure it has an appropriate `as` value and it is preloaded intentionally. @ http://localhost:3001/:0
[  854776ms] [WARNING] The resource http://localhost:3001/_next/image?url=%2Flogo%2Flogo.webp&w=384&q=75 was preloaded using link preload but not used within a few seconds from the window's load event. Please make sure it has an appropriate `as` value and it is preloaded intentionally. @ http://localhost:3001/:0
[  855524ms] [INFO] %cDownload the React DevTools for a better development experience: https://react.dev/link/react-devtools font-weight:bold @ webpack-internal:///(app-pages-browser)/./node_modules/next/dist/compiled/react-dom/cjs/react-dom-client.development.js:24514
[  855663ms] [WARNING] Image with src "/logo/logo.webp" has either width or height modified, but not the other. If you use CSS to change the size of your image, also include the styles 'width: "auto"' or 'height: "auto"' to maintain the aspect ratio. @ webpack-internal:///(app-pages-browser)/./node_modules/next/dist/shared/lib/utils/warn-once.js:15
[  856031ms] [WARNING] Image with src "/best shots/Food photo/food-chicken.webp" has "fill" and a height value of 0. This is likely because the parent element of the image has not been styled to have a set height. @ webpack-internal:///(app-pages-browser)/./node_modules/next/dist/shared/lib/utils/warn-once.js:15
[  856035ms] [WARNING] Image with src "/best shots/Food photo/food-cream-macro.webp" has "fill" and a height value of 0. This is likely because the parent element of the image has not been styled to have a set height. @ webpack-internal:///(app-pages-browser)/./node_modules/next/dist/shared/lib/utils/warn-once.js:15
[  856036ms] [WARNING] Image with src "/best shots/Food photo/food-cream.webp" has "fill" and a height value of 0. This is likely because the parent element of the image has not been styled to have a set height. @ webpack-internal:///(app-pages-browser)/./node_modules/next/dist/shared/lib/utils/warn-once.js:15
[  856038ms] [WARNING] Image with src "/best shots/Food photo/food-curry.webp" has "fill" and a height value of 0. This is likely because the parent element of the image has not been styled to have a set height. @ webpack-internal:///(app-pages-browser)/./node_modules/next/dist/shared/lib/utils/warn-once.js:15
[  856041ms] [WARNING] Image with src "/best shots/Food photo/food-mutton.webp" has "fill" and a height value of 0. This is likely because the parent element of the image has not been styled to have a set height. @ webpack-internal:///(app-pages-browser)/./node_modules/next/dist/shared/lib/utils/warn-once.js:15
[  856045ms] [WARNING] Image with src "/best shots/Food photo/indian-buffet.png" has "fill" and a height value of 0. This is likely because the parent element of the image has not been styled to have a set height. @ webpack-internal:///(app-pages-browser)/./node_modules/next/dist/shared/lib/utils/warn-once.js:15
[  856046ms] [WARNING] Image with src "/best shots/Food photo/indian-curry.png" has "fill" and a height value of 0. This is likely because the parent element of the image has not been styled to have a set height. @ webpack-internal:///(app-pages-browser)/./node_modules/next/dist/shared/lib/utils/warn-once.js:15
[  856048ms] [WARNING] Image with src "/best shots/Food photo/kashmiri-mutton.png" has "fill" and a height value of 0. This is likely because the parent element of the image has not been styled to have a set height. @ webpack-internal:///(app-pages-browser)/./node_modules/next/dist/shared/lib/utils/warn-once.js:15
[  856064ms] [WARNING] Image with src "/best shots/new-images/new-product-luxury -sandel.jpg" has "fill" and a height value of 0. This is likely because the parent element of the image has not been styled to have a set height. @ webpack-internal:///(app-pages-browser)/./node_modules/next/dist/shared/lib/utils/warn-once.js:15
[  856121ms] [WARNING] You are trying to animate backgroundColor from "rgba(0, 0, 0, 0)" to "transparent". "transparent" is not an animatable value.. For more information and steps for solving, visit https://motion.dev/troubleshooting/value-not-animatable @ webpack-internal:///(app-pages-browser)/./node_modules/motion-utils/dist/es/errors.mjs:15
[  858663ms] [WARNING] The resource http://localhost:3001/_next/image?url=%2Fbest%20shots%2FProduct%20image%2Fproduct-watch-luxury.webp&w=3840&q=75 was preloaded using link preload but not used within a few seconds from the window's load event. Please make sure it has an appropriate `as` value and it is preloaded intentionally. @ http://localhost:3001/:0
[  858663ms] [WARNING] The resource http://localhost:3001/_next/image?url=%2Flogo%2Flogo.webp&w=384&q=75 was preloaded using link preload but not used within a few seconds from the window's load event. Please make sure it has an appropriate `as` value and it is preloaded intentionally. @ http://localhost:3001/:0
[  859772ms] [ERROR] Failed to load resource: the server responded with a status of 404 () @ https://cdn.simpleicons.org/casio:0
[  859821ms] [ERROR] Failed to load resource: the server responded with a status of 404 () @ https://cdn.simpleicons.org/gq:0
[  859821ms] [ERROR] Failed to load resource: the server responded with a status of 404 () @ https://cdn.simpleicons.org/asos:0
[  859821ms] [ERROR] Failed to load resource: the server responded with a status of 404 () @ https://cdn.simpleicons.org/a24:0
[  859870ms] [ERROR] Failed to load resource: the server responded with a status of 404 () @ https://cdn.simpleicons.org/casio:0
[  859912ms] [ERROR] Failed to load resource: the server responded with a status of 404 () @ https://cdn.simpleicons.org/gq:0
[  859913ms] [ERROR] Failed to load resource: the server responded with a status of 404 () @ https://cdn.simpleicons.org/asos:0
[  859914ms] [ERROR] Failed to load resource: the server responded with a status of 404 () @ https://cdn.simpleicons.org/a24:0
[  864791ms] [WARNING] The resource http://localhost:3001/_next/image?url=%2Fbest%20shots%2FProduct%20image%2Fproduct-watch-luxury.webp&w=3840&q=75 was preloaded using link preload but not used within a few seconds from the window's load event. Please make sure it has an appropriate `as` value and it is preloaded intentionally. @ http://localhost:3001/:0
[  864791ms] [WARNING] The resource http://localhost:3001/_next/image?url=%2Flogo%2Flogo.webp&w=384&q=75 was preloaded using link preload but not used within a few seconds from the window's load event. Please make sure it has an appropriate `as` value and it is preloaded intentionally. @ http://localhost:3001/:0
[  913355ms] [WARNING] You are trying to animate backgroundColor from "rgba(0, 0, 0, 0)" to "transparent". "transparent" is not an animatable value.. For more information and steps for solving, visit https://motion.dev/troubleshooting/value-not-animatable @ webpack-internal:///(app-pages-browser)/./node_modules/motion-utils/dist/es/errors.mjs:15
[  914321ms] [WARNING] You are trying to animate backgroundColor from "rgba(0, 0, 0, 0)" to "transparent". "transparent" is not an animatable value.. For more information and steps for solving, visit https://motion.dev/troubleshooting/value-not-animatable @ webpack-internal:///(app-pages-browser)/./node_modules/motion-utils/dist/es/errors.mjs:15
[  915738ms] [WARNING] You are trying to animate backgroundColor from "rgba(0, 0, 0, 0)" to "transparent". "transparent" is not an animatable value.. For more information and steps for solving, visit https://motion.dev/troubleshooting/value-not-animatable @ webpack-internal:///(app-pages-browser)/./node_modules/motion-utils/dist/es/errors.mjs:15
[  915870ms] [WARNING] You are trying to animate backgroundColor from "rgba(0, 0, 0, 0)" to "transparent". "transparent" is not an animatable value.. For more information and steps for solving, visit https://motion.dev/troubleshooting/value-not-animatable @ webpack-internal:///(app-pages-browser)/./node_modules/motion-utils/dist/es/errors.mjs:15
[  921554ms] [WARNING] You are trying to animate backgroundColor from "rgba(0, 0, 0, 0)" to "transparent". "transparent" is not an animatable value.. For more information and steps for solving, visit https://motion.dev/troubleshooting/value-not-animatable @ webpack-internal:///(app-pages-browser)/./node_modules/motion-utils/dist/es/errors.mjs:15
[  929387ms] [WARNING] You are trying to animate backgroundColor from "rgba(0, 0, 0, 0)" to "transparent". "transparent" is not an animatable value.. For more information and steps for solving, visit https://motion.dev/troubleshooting/value-not-animatable @ webpack-internal:///(app-pages-browser)/./node_modules/motion-utils/dist/es/errors.mjs:15
[  929737ms] [WARNING] You are trying to animate backgroundColor from "transparent" to "rgba(232, 59, 44, 0.05)". "transparent" is not an animatable value.. For more information and steps for solving, visit https://motion.dev/troubleshooting/value-not-animatable @ webpack-internal:///(app-pages-browser)/./node_modules/motion-utils/dist/es/errors.mjs:15
[  929754ms] [WARNING] You are trying to animate backgroundColor from "rgba(232, 59, 44, 0.05)" to "transparent". "transparent" is not an animatable value.. For more information and steps for solving, visit https://motion.dev/troubleshooting/value-not-animatable @ webpack-internal:///(app-pages-browser)/./node_modules/motion-utils/dist/es/errors.mjs:15
[  935621ms] [WARNING] You are trying to animate backgroundColor from "rgba(0, 0, 0, 0)" to "transparent". "transparent" is not an animatable value.. For more information and steps for solving, visit https://motion.dev/troubleshooting/value-not-animatable @ webpack-internal:///(app-pages-browser)/./node_modules/motion-utils/dist/es/errors.mjs:15
[  936088ms] [WARNING] You are trying to animate backgroundColor from "rgba(0, 0, 0, 0)" to "transparent". "transparent" is not an animatable value.. For more information and steps for solving, visit https://motion.dev/troubleshooting/value-not-animatable @ webpack-internal:///(app-pages-browser)/./node_modules/motion-utils/dist/es/errors.mjs:15
[  936537ms] [WARNING] You are trying to animate backgroundColor from "rgba(0, 0, 0, 0)" to "transparent". "transparent" is not an animatable value.. For more information and steps for solving, visit https://motion.dev/troubleshooting/value-not-animatable @ webpack-internal:///(app-pages-browser)/./node_modules/motion-utils/dist/es/errors.mjs:15
[  938305ms] [WARNING] You are trying to animate backgroundColor from "rgba(0, 0, 0, 0)" to "transparent". "transparent" is not an animatable value.. For more information and steps for solving, visit https://motion.dev/troubleshooting/value-not-animatable @ webpack-internal:///(app-pages-browser)/./node_modules/motion-utils/dist/es/errors.mjs:15
[  938521ms] [WARNING] You are trying to animate backgroundColor from "rgba(0, 0, 0, 0)" to "transparent". "transparent" is not an animatable value.. For more information and steps for solving, visit https://motion.dev/troubleshooting/value-not-animatable @ webpack-internal:///(app-pages-browser)/./node_modules/motion-utils/dist/es/errors.mjs:15
[  943105ms] [WARNING] You are trying to animate backgroundColor from "rgba(0, 0, 0, 0)" to "transparent". "transparent" is not an animatable value.. For more information and steps for solving, visit https://motion.dev/troubleshooting/value-not-animatable @ webpack-internal:///(app-pages-browser)/./node_modules/motion-utils/dist/es/errors.mjs:15
[  943455ms] [WARNING] You are trying to animate backgroundColor from "rgba(0, 0, 0, 0)" to "transparent". "transparent" is not an animatable value.. For more information and steps for solving, visit https://motion.dev/troubleshooting/value-not-animatable @ webpack-internal:///(app-pages-browser)/./node_modules/motion-utils/dist/es/errors.mjs:15
[  950504ms] [WARNING] You are trying to animate backgroundColor from "rgba(0, 0, 0, 0)" to "transparent". "transparent" is not an animatable value.. For more information and steps for solving, visit https://motion.dev/troubleshooting/value-not-animatable @ webpack-internal:///(app-pages-browser)/./node_modules/motion-utils/dist/es/errors.mjs:15
[  951271ms] [WARNING] You are trying to animate backgroundColor from "rgba(0, 0, 0, 0)" to "transparent". "transparent" is not an animatable value.. For more information and steps for solving, visit https://motion.dev/troubleshooting/value-not-animatable @ webpack-internal:///(app-pages-browser)/./node_modules/motion-utils/dist/es/errors.mjs:15
[  952588ms] [WARNING] You are trying to animate backgroundColor from "rgba(0, 0, 0, 0)" to "transparent". "transparent" is not an animatable value.. For more information and steps for solving, visit https://motion.dev/troubleshooting/value-not-animatable @ webpack-internal:///(app-pages-browser)/./node_modules/motion-utils/dist/es/errors.mjs:15
[  952738ms] [WARNING] You are trying to animate backgroundColor from "rgba(0, 0, 0, 0)" to "transparent". "transparent" is not an animatable value.. For more information and steps for solving, visit https://motion.dev/troubleshooting/value-not-animatable @ webpack-internal:///(app-pages-browser)/./node_modules/motion-utils/dist/es/errors.mjs:15
[ 1317007ms] [LOG] [Fast Refresh] rebuilding @ webpack-internal:///(app-pages-browser)/./node_modules/next/dist/client/components/react-dev-overlay/app/hot-reloader-client.js:239
[ 1317353ms] [LOG] [Fast Refresh] done in 345ms @ webpack-internal:///(app-pages-browser)/./node_modules/next/dist/client/components/react-dev-overlay/app/hot-reloader-client.js:66
[ 1409616ms] [WARNING] You are trying to animate backgroundColor from "rgba(0, 0, 0, 0)" to "transparent". "transparent" is not an animatable value.. For more information and steps for solving, visit https://motion.dev/troubleshooting/value-not-animatable @ webpack-internal:///(app-pages-browser)/./node_modules/motion-utils/dist/es/errors.mjs:15
[ 1409766ms] [WARNING] You are trying to animate backgroundColor from "transparent" to "rgba(232, 59, 44, 0.05)". "transparent" is not an animatable value.. For more information and steps for solving, visit https://motion.dev/troubleshooting/value-not-animatable @ webpack-internal:///(app-pages-browser)/./node_modules/motion-utils/dist/es/errors.mjs:15
[ 1409783ms] [WARNING] You are trying to animate backgroundColor from "rgba(232, 59, 44, 0.05)" to "transparent". "transparent" is not an animatable value.. For more information and steps for solving, visit https://motion.dev/troubleshooting/value-not-animatable @ webpack-internal:///(app-pages-browser)/./node_modules/motion-utils/dist/es/errors.mjs:15
[ 1426646ms] [LOG] [Fast Refresh] rebuilding @ webpack-internal:///(app-pages-browser)/./node_modules/next/dist/client/components/react-dev-overlay/app/hot-reloader-client.js:239
[ 1427098ms] [LOG] [Fast Refresh] done in 452ms @ webpack-internal:///(app-pages-browser)/./node_modules/next/dist/client/components/react-dev-overlay/app/hot-reloader-client.js:66
