[     273ms] [INFO] %cDownload the React DevTools for a better development experience: https://react.dev/link/react-devtools font-weight:bold @ webpack-internal:///(app-pages-browser)/./node_modules/next/dist/compiled/react-dom/cjs/react-dom-client.development.js:24514
[     407ms] [WARNING] Image with src "/logo/logo.webp" has either width or height modified, but not the other. If you use CSS to change the size of your image, also include the styles 'width: "auto"' or 'height: "auto"' to maintain the aspect ratio. @ webpack-internal:///(app-pages-browser)/./node_modules/next/dist/shared/lib/utils/warn-once.js:15
[    3462ms] [WARNING] The resource http://localhost:3000/_next/image?url=%2Fbest%20shots%2FProduct%20image%2Fproduct-bodywash.webp&w=3840&q=75 was preloaded using link preload but not used within a few seconds from the window's load event. Please make sure it has an appropriate `as` value and it is preloaded intentionally. @ http://localhost:3000/:0
[    3462ms] [WARNING] The resource http://localhost:3000/_next/image?url=%2Flogo%2Flogo.webp&w=384&q=75 was preloaded using link preload but not used within a few seconds from the window's load event. Please make sure it has an appropriate `as` value and it is preloaded intentionally. @ http://localhost:3000/:0
[   11207ms] [WARNING] The resource http://localhost:3000/_next/image?url=%2Fbest%20shots%2FProduct%20image%2Fproduct-bodywash.webp&w=3840&q=75 was preloaded using link preload but not used within a few seconds from the window's load event. Please make sure it has an appropriate `as` value and it is preloaded intentionally. @ http://localhost:3000/:0
[   11208ms] [WARNING] The resource http://localhost:3000/_next/image?url=%2Flogo%2Flogo.webp&w=384&q=75 was preloaded using link preload but not used within a few seconds from the window's load event. Please make sure it has an appropriate `as` value and it is preloaded intentionally. @ http://localhost:3000/:0
[   24801ms] [WARNING] The resource http://localhost:3000/_next/image?url=%2Fbest%20shots%2FProduct%20image%2Fproduct-bodywash.webp&w=3840&q=75 was preloaded using link preload but not used within a few seconds from the window's load event. Please make sure it has an appropriate `as` value and it is preloaded intentionally. @ http://localhost:3000/:0
[   24802ms] [WARNING] The resource http://localhost:3000/_next/image?url=%2Flogo%2Flogo.webp&w=384&q=75 was preloaded using link preload but not used within a few seconds from the window's load event. Please make sure it has an appropriate `as` value and it is preloaded intentionally. @ http://localhost:3000/:0
[   33592ms] [WARNING] The resource http://localhost:3000/_next/image?url=%2Fbest%20shots%2FProduct%20image%2Fproduct-bodywash.webp&w=3840&q=75 was preloaded using link preload but not used within a few seconds from the window's load event. Please make sure it has an appropriate `as` value and it is preloaded intentionally. @ http://localhost:3000/:0
[   33592ms] [WARNING] The resource http://localhost:3000/_next/image?url=%2Flogo%2Flogo.webp&w=384&q=75 was preloaded using link preload but not used within a few seconds from the window's load event. Please make sure it has an appropriate `as` value and it is preloaded intentionally. @ http://localhost:3000/:0
[   38893ms] [WARNING] The resource http://localhost:3000/_next/image?url=%2Fbest%20shots%2FProduct%20image%2Fproduct-bodywash.webp&w=3840&q=75 was preloaded using link preload but not used within a few seconds from the window's load event. Please make sure it has an appropriate `as` value and it is preloaded intentionally. @ http://localhost:3000/:0
[   38893ms] [WARNING] The resource http://localhost:3000/_next/image?url=%2Flogo%2Flogo.webp&w=384&q=75 was preloaded using link preload but not used within a few seconds from the window's load event. Please make sure it has an appropriate `as` value and it is preloaded intentionally. @ http://localhost:3000/:0
[   48663ms] [WARNING] The resource http://localhost:3000/_next/image?url=%2Fbest%20shots%2FProduct%20image%2Fproduct-bodywash.webp&w=3840&q=75 was preloaded using link preload but not used within a few seconds from the window's load event. Please make sure it has an appropriate `as` value and it is preloaded intentionally. @ http://localhost:3000/:0
[   48663ms] [WARNING] The resource http://localhost:3000/_next/image?url=%2Flogo%2Flogo.webp&w=384&q=75 was preloaded using link preload but not used within a few seconds from the window's load event. Please make sure it has an appropriate `as` value and it is preloaded intentionally. @ http://localhost:3000/:0
[   54397ms] [LOG] changeSection called: from 0 to 1 @ webpack-internal:///(app-pages-browser)/./src/components/sections/FullScreenSlideshow.tsx:176
[   54730ms] [LOG] changeSection called: from 1 to 2 @ webpack-internal:///(app-pages-browser)/./src/components/sections/FullScreenSlideshow.tsx:176
[   54746ms] [LOG] changeSection called: from 1 to 2 @ webpack-internal:///(app-pages-browser)/./src/components/sections/FullScreenSlideshow.tsx:176
[   54763ms] [LOG] changeSection called: from 1 to 2 @ webpack-internal:///(app-pages-browser)/./src/components/sections/FullScreenSlideshow.tsx:176
[   54780ms] [LOG] changeSection called: from 1 to 2 @ webpack-internal:///(app-pages-browser)/./src/components/sections/FullScreenSlideshow.tsx:176
[   54796ms] [LOG] changeSection called: from 1 to 2 @ webpack-internal:///(app-pages-browser)/./src/components/sections/FullScreenSlideshow.tsx:176
[   54813ms] [LOG] changeSection called: from 1 to 2 @ webpack-internal:///(app-pages-browser)/./src/components/sections/FullScreenSlideshow.tsx:176
[   54829ms] [LOG] changeSection called: from 1 to 2 @ webpack-internal:///(app-pages-browser)/./src/components/sections/FullScreenSlideshow.tsx:176
[   54846ms] [LOG] changeSection called: from 1 to 2 @ webpack-internal:///(app-pages-browser)/./src/components/sections/FullScreenSlideshow.tsx:176
[   54863ms] [LOG] changeSection called: from 1 to 2 @ webpack-internal:///(app-pages-browser)/./src/components/sections/FullScreenSlideshow.tsx:176
[   54879ms] [LOG] changeSection called: from 1 to 2 @ webpack-internal:///(app-pages-browser)/./src/components/sections/FullScreenSlideshow.tsx:176
[   54896ms] [LOG] changeSection called: from 1 to 2 @ webpack-internal:///(app-pages-browser)/./src/components/sections/FullScreenSlideshow.tsx:176
[   54913ms] [LOG] changeSection called: from 1 to 2 @ webpack-internal:///(app-pages-browser)/./src/components/sections/FullScreenSlideshow.tsx:176
[   54929ms] [LOG] changeSection called: from 1 to 2 @ webpack-internal:///(app-pages-browser)/./src/components/sections/FullScreenSlideshow.tsx:176
[   54946ms] [LOG] changeSection called: from 1 to 2 @ webpack-internal:///(app-pages-browser)/./src/components/sections/FullScreenSlideshow.tsx:176
[   54963ms] [LOG] changeSection called: from 1 to 2 @ webpack-internal:///(app-pages-browser)/./src/components/sections/FullScreenSlideshow.tsx:176
[   54980ms] [LOG] changeSection called: from 1 to 2 @ webpack-internal:///(app-pages-browser)/./src/components/sections/FullScreenSlideshow.tsx:176
[   54997ms] [LOG] changeSection called: from 1 to 3 @ webpack-internal:///(app-pages-browser)/./src/components/sections/FullScreenSlideshow.tsx:176
[   55013ms] [LOG] changeSection called: from 1 to 3 @ webpack-internal:///(app-pages-browser)/./src/components/sections/FullScreenSlideshow.tsx:176
[   55030ms] [LOG] changeSection called: from 1 to 3 @ webpack-internal:///(app-pages-browser)/./src/components/sections/FullScreenSlideshow.tsx:176
[   55046ms] [LOG] changeSection called: from 1 to 3 @ webpack-internal:///(app-pages-browser)/./src/components/sections/FullScreenSlideshow.tsx:176
[   55063ms] [LOG] changeSection called: from 1 to 3 @ webpack-internal:///(app-pages-browser)/./src/components/sections/FullScreenSlideshow.tsx:176
[   55080ms] [LOG] changeSection called: from 1 to 3 @ webpack-internal:///(app-pages-browser)/./src/components/sections/FullScreenSlideshow.tsx:176
[   55097ms] [LOG] changeSection called: from 1 to 3 @ webpack-internal:///(app-pages-browser)/./src/components/sections/FullScreenSlideshow.tsx:176
[   55113ms] [LOG] changeSection called: from 1 to 3 @ webpack-internal:///(app-pages-browser)/./src/components/sections/FullScreenSlideshow.tsx:176
[   55130ms] [LOG] changeSection called: from 1 to 3 @ webpack-internal:///(app-pages-browser)/./src/components/sections/FullScreenSlideshow.tsx:176
[   55146ms] [LOG] changeSection called: from 1 to 3 @ webpack-internal:///(app-pages-browser)/./src/components/sections/FullScreenSlideshow.tsx:176
[   55163ms] [LOG] changeSection called: from 1 to 3 @ webpack-internal:///(app-pages-browser)/./src/components/sections/FullScreenSlideshow.tsx:176
[   55164ms] [WARNING] The resource http://localhost:3000/_next/image?url=%2Fbest%20shots%2FProduct%20image%2Fproduct-bodywash.webp&w=3840&q=75 was preloaded using link preload but not used within a few seconds from the window's load event. Please make sure it has an appropriate `as` value and it is preloaded intentionally. @ http://localhost:3000/:0
[   55164ms] [WARNING] The resource http://localhost:3000/_next/image?url=%2Flogo%2Flogo.webp&w=384&q=75 was preloaded using link preload but not used within a few seconds from the window's load event. Please make sure it has an appropriate `as` value and it is preloaded intentionally. @ http://localhost:3000/:0
[   55179ms] [LOG] changeSection called: from 1 to 3 @ webpack-internal:///(app-pages-browser)/./src/components/sections/FullScreenSlideshow.tsx:176
[   55196ms] [LOG] changeSection called: from 1 to 3 @ webpack-internal:///(app-pages-browser)/./src/components/sections/FullScreenSlideshow.tsx:176
[   55263ms] [LOG] changeSection called: from 3 to 4 @ webpack-internal:///(app-pages-browser)/./src/components/sections/FullScreenSlideshow.tsx:176
[   55280ms] [LOG] changeSection called: from 3 to 4 @ webpack-internal:///(app-pages-browser)/./src/components/sections/FullScreenSlideshow.tsx:176
[   55297ms] [LOG] changeSection called: from 3 to 4 @ webpack-internal:///(app-pages-browser)/./src/components/sections/FullScreenSlideshow.tsx:176
[   55313ms] [LOG] changeSection called: from 3 to 4 @ webpack-internal:///(app-pages-browser)/./src/components/sections/FullScreenSlideshow.tsx:176
[   55330ms] [LOG] changeSection called: from 3 to 4 @ webpack-internal:///(app-pages-browser)/./src/components/sections/FullScreenSlideshow.tsx:176
[   55346ms] [LOG] changeSection called: from 3 to 4 @ webpack-internal:///(app-pages-browser)/./src/components/sections/FullScreenSlideshow.tsx:176
[   55363ms] [LOG] changeSection called: from 3 to 4 @ webpack-internal:///(app-pages-browser)/./src/components/sections/FullScreenSlideshow.tsx:176
[   55380ms] [LOG] changeSection called: from 3 to 4 @ webpack-internal:///(app-pages-browser)/./src/components/sections/FullScreenSlideshow.tsx:176
[   55396ms] [LOG] changeSection called: from 3 to 4 @ webpack-internal:///(app-pages-browser)/./src/components/sections/FullScreenSlideshow.tsx:176
[   55413ms] [LOG] changeSection called: from 3 to 4 @ webpack-internal:///(app-pages-browser)/./src/components/sections/FullScreenSlideshow.tsx:176
[   55430ms] [LOG] changeSection called: from 3 to 4 @ webpack-internal:///(app-pages-browser)/./src/components/sections/FullScreenSlideshow.tsx:176
[   55446ms] [LOG] changeSection called: from 3 to 4 @ webpack-internal:///(app-pages-browser)/./src/components/sections/FullScreenSlideshow.tsx:176
[   55463ms] [LOG] changeSection called: from 3 to 4 @ webpack-internal:///(app-pages-browser)/./src/components/sections/FullScreenSlideshow.tsx:176
[   55480ms] [LOG] changeSection called: from 3 to 4 @ webpack-internal:///(app-pages-browser)/./src/components/sections/FullScreenSlideshow.tsx:176
[   55496ms] [LOG] changeSection called: from 3 to 4 @ webpack-internal:///(app-pages-browser)/./src/components/sections/FullScreenSlideshow.tsx:176
[   55513ms] [LOG] changeSection called: from 3 to 5 @ webpack-internal:///(app-pages-browser)/./src/components/sections/FullScreenSlideshow.tsx:176
[   55530ms] [LOG] changeSection called: from 3 to 5 @ webpack-internal:///(app-pages-browser)/./src/components/sections/FullScreenSlideshow.tsx:176
[   55546ms] [LOG] changeSection called: from 3 to 5 @ webpack-internal:///(app-pages-browser)/./src/components/sections/FullScreenSlideshow.tsx:176
[   55563ms] [LOG] changeSection called: from 3 to 5 @ webpack-internal:///(app-pages-browser)/./src/components/sections/FullScreenSlideshow.tsx:176
[   55579ms] [LOG] changeSection called: from 3 to 5 @ webpack-internal:///(app-pages-browser)/./src/components/sections/FullScreenSlideshow.tsx:176
[   55596ms] [LOG] changeSection called: from 3 to 5 @ webpack-internal:///(app-pages-browser)/./src/components/sections/FullScreenSlideshow.tsx:176
[   55613ms] [LOG] changeSection called: from 3 to 5 @ webpack-internal:///(app-pages-browser)/./src/components/sections/FullScreenSlideshow.tsx:176
[   55629ms] [LOG] changeSection called: from 3 to 5 @ webpack-internal:///(app-pages-browser)/./src/components/sections/FullScreenSlideshow.tsx:176
[   55646ms] [LOG] changeSection called: from 3 to 5 @ webpack-internal:///(app-pages-browser)/./src/components/sections/FullScreenSlideshow.tsx:176
[   55663ms] [LOG] changeSection called: from 3 to 5 @ webpack-internal:///(app-pages-browser)/./src/components/sections/FullScreenSlideshow.tsx:176
[   55679ms] [LOG] changeSection called: from 3 to 5 @ webpack-internal:///(app-pages-browser)/./src/components/sections/FullScreenSlideshow.tsx:176
[   55696ms] [LOG] changeSection called: from 3 to 5 @ webpack-internal:///(app-pages-browser)/./src/components/sections/FullScreenSlideshow.tsx:176
[   55713ms] [LOG] changeSection called: from 3 to 5 @ webpack-internal:///(app-pages-browser)/./src/components/sections/FullScreenSlideshow.tsx:176
[   55730ms] [LOG] changeSection called: from 3 to 5 @ webpack-internal:///(app-pages-browser)/./src/components/sections/FullScreenSlideshow.tsx:176
[   55746ms] [LOG] changeSection called: from 3 to 5 @ webpack-internal:///(app-pages-browser)/./src/components/sections/FullScreenSlideshow.tsx:176
[   55763ms] [LOG] changeSection called: from 3 to 5 @ webpack-internal:///(app-pages-browser)/./src/components/sections/FullScreenSlideshow.tsx:176
[   55780ms] [LOG] changeSection called: from 3 to 5 @ webpack-internal:///(app-pages-browser)/./src/components/sections/FullScreenSlideshow.tsx:176
[   55796ms] [LOG] changeSection called: from 3 to 6 @ webpack-internal:///(app-pages-browser)/./src/components/sections/FullScreenSlideshow.tsx:176
[   55813ms] [LOG] changeSection called: from 3 to 6 @ webpack-internal:///(app-pages-browser)/./src/components/sections/FullScreenSlideshow.tsx:176
[   55830ms] [LOG] changeSection called: from 3 to 6 @ webpack-internal:///(app-pages-browser)/./src/components/sections/FullScreenSlideshow.tsx:176
[   55846ms] [LOG] changeSection called: from 3 to 6 @ webpack-internal:///(app-pages-browser)/./src/components/sections/FullScreenSlideshow.tsx:176
[   55863ms] [LOG] changeSection called: from 3 to 6 @ webpack-internal:///(app-pages-browser)/./src/components/sections/FullScreenSlideshow.tsx:176
[   55880ms] [LOG] changeSection called: from 3 to 6 @ webpack-internal:///(app-pages-browser)/./src/components/sections/FullScreenSlideshow.tsx:176
[   55896ms] [LOG] changeSection called: from 3 to 6 @ webpack-internal:///(app-pages-browser)/./src/components/sections/FullScreenSlideshow.tsx:176
[   55913ms] [LOG] changeSection called: from 3 to 6 @ webpack-internal:///(app-pages-browser)/./src/components/sections/FullScreenSlideshow.tsx:176
[   55930ms] [LOG] changeSection called: from 3 to 6 @ webpack-internal:///(app-pages-browser)/./src/components/sections/FullScreenSlideshow.tsx:176
[   55946ms] [LOG] changeSection called: from 3 to 6 @ webpack-internal:///(app-pages-browser)/./src/components/sections/FullScreenSlideshow.tsx:176
[   55963ms] [LOG] changeSection called: from 3 to 6 @ webpack-internal:///(app-pages-browser)/./src/components/sections/FullScreenSlideshow.tsx:176
[   55980ms] [LOG] changeSection called: from 3 to 6 @ webpack-internal:///(app-pages-browser)/./src/components/sections/FullScreenSlideshow.tsx:176
[   55996ms] [LOG] changeSection called: from 3 to 6 @ webpack-internal:///(app-pages-browser)/./src/components/sections/FullScreenSlideshow.tsx:176
[   56113ms] [LOG] changeSection called: from 6 to 7 @ webpack-internal:///(app-pages-browser)/./src/components/sections/FullScreenSlideshow.tsx:176
[   56130ms] [LOG] changeSection called: from 6 to 7 @ webpack-internal:///(app-pages-browser)/./src/components/sections/FullScreenSlideshow.tsx:176
[   56146ms] [LOG] changeSection called: from 6 to 7 @ webpack-internal:///(app-pages-browser)/./src/components/sections/FullScreenSlideshow.tsx:176
[   56163ms] [LOG] changeSection called: from 6 to 7 @ webpack-internal:///(app-pages-browser)/./src/components/sections/FullScreenSlideshow.tsx:176
[   56180ms] [LOG] changeSection called: from 6 to 7 @ webpack-internal:///(app-pages-browser)/./src/components/sections/FullScreenSlideshow.tsx:176
[   56196ms] [LOG] changeSection called: from 6 to 7 @ webpack-internal:///(app-pages-browser)/./src/components/sections/FullScreenSlideshow.tsx:176
[   56213ms] [LOG] changeSection called: from 6 to 7 @ webpack-internal:///(app-pages-browser)/./src/components/sections/FullScreenSlideshow.tsx:176
[   56230ms] [LOG] changeSection called: from 6 to 7 @ webpack-internal:///(app-pages-browser)/./src/components/sections/FullScreenSlideshow.tsx:176
[   56247ms] [LOG] changeSection called: from 6 to 7 @ webpack-internal:///(app-pages-browser)/./src/components/sections/FullScreenSlideshow.tsx:176
[   56263ms] [LOG] changeSection called: from 6 to 7 @ webpack-internal:///(app-pages-browser)/./src/components/sections/FullScreenSlideshow.tsx:176
[   56280ms] [LOG] changeSection called: from 6 to 7 @ webpack-internal:///(app-pages-browser)/./src/components/sections/FullScreenSlideshow.tsx:176
[   56296ms] [LOG] changeSection called: from 6 to 7 @ webpack-internal:///(app-pages-browser)/./src/components/sections/FullScreenSlideshow.tsx:176
[   56313ms] [LOG] changeSection called: from 6 to 7 @ webpack-internal:///(app-pages-browser)/./src/components/sections/FullScreenSlideshow.tsx:176
[   56330ms] [LOG] changeSection called: from 6 to 7 @ webpack-internal:///(app-pages-browser)/./src/components/sections/FullScreenSlideshow.tsx:176
[   56346ms] [LOG] changeSection called: from 6 to 7 @ webpack-internal:///(app-pages-browser)/./src/components/sections/FullScreenSlideshow.tsx:176
[   56363ms] [LOG] changeSection called: from 6 to 7 @ webpack-internal:///(app-pages-browser)/./src/components/sections/FullScreenSlideshow.tsx:176
[   56380ms] [LOG] changeSection called: from 6 to 8 @ webpack-internal:///(app-pages-browser)/./src/components/sections/FullScreenSlideshow.tsx:176
[   56396ms] [LOG] changeSection called: from 6 to 8 @ webpack-internal:///(app-pages-browser)/./src/components/sections/FullScreenSlideshow.tsx:176
[   56413ms] [LOG] changeSection called: from 6 to 8 @ webpack-internal:///(app-pages-browser)/./src/components/sections/FullScreenSlideshow.tsx:176
[   56430ms] [LOG] changeSection called: from 6 to 8 @ webpack-internal:///(app-pages-browser)/./src/components/sections/FullScreenSlideshow.tsx:176
[   56446ms] [LOG] changeSection called: from 6 to 8 @ webpack-internal:///(app-pages-browser)/./src/components/sections/FullScreenSlideshow.tsx:176
[   56463ms] [LOG] changeSection called: from 6 to 8 @ webpack-internal:///(app-pages-browser)/./src/components/sections/FullScreenSlideshow.tsx:176
[   56480ms] [LOG] changeSection called: from 6 to 8 @ webpack-internal:///(app-pages-browser)/./src/components/sections/FullScreenSlideshow.tsx:176
[   56496ms] [LOG] changeSection called: from 6 to 8 @ webpack-internal:///(app-pages-browser)/./src/components/sections/FullScreenSlideshow.tsx:176
[   56513ms] [LOG] changeSection called: from 6 to 8 @ webpack-internal:///(app-pages-browser)/./src/components/sections/FullScreenSlideshow.tsx:176
[   56530ms] [LOG] changeSection called: from 6 to 8 @ webpack-internal:///(app-pages-browser)/./src/components/sections/FullScreenSlideshow.tsx:176
[   56546ms] [LOG] changeSection called: from 6 to 8 @ webpack-internal:///(app-pages-browser)/./src/components/sections/FullScreenSlideshow.tsx:176
[   56563ms] [LOG] changeSection called: from 6 to 8 @ webpack-internal:///(app-pages-browser)/./src/components/sections/FullScreenSlideshow.tsx:176
[   56580ms] [LOG] changeSection called: from 6 to 8 @ webpack-internal:///(app-pages-browser)/./src/components/sections/FullScreenSlideshow.tsx:176
[   56596ms] [LOG] changeSection called: from 6 to 8 @ webpack-internal:///(app-pages-browser)/./src/components/sections/FullScreenSlideshow.tsx:176
[   56613ms] [LOG] changeSection called: from 6 to 8 @ webpack-internal:///(app-pages-browser)/./src/components/sections/FullScreenSlideshow.tsx:176
[   56629ms] [LOG] changeSection called: from 6 to 8 @ webpack-internal:///(app-pages-browser)/./src/components/sections/FullScreenSlideshow.tsx:176
[   56646ms] [LOG] changeSection called: from 6 to 9 @ webpack-internal:///(app-pages-browser)/./src/components/sections/FullScreenSlideshow.tsx:176
[   56663ms] [LOG] changeSection called: from 6 to 9 @ webpack-internal:///(app-pages-browser)/./src/components/sections/FullScreenSlideshow.tsx:176
[   56679ms] [LOG] changeSection called: from 6 to 9 @ webpack-internal:///(app-pages-browser)/./src/components/sections/FullScreenSlideshow.tsx:176
[   56696ms] [LOG] changeSection called: from 6 to 9 @ webpack-internal:///(app-pages-browser)/./src/components/sections/FullScreenSlideshow.tsx:176
[   56713ms] [LOG] changeSection called: from 6 to 9 @ webpack-internal:///(app-pages-browser)/./src/components/sections/FullScreenSlideshow.tsx:176
[   56730ms] [LOG] changeSection called: from 6 to 9 @ webpack-internal:///(app-pages-browser)/./src/components/sections/FullScreenSlideshow.tsx:176
[   56746ms] [LOG] changeSection called: from 6 to 9 @ webpack-internal:///(app-pages-browser)/./src/components/sections/FullScreenSlideshow.tsx:176
[   56763ms] [LOG] changeSection called: from 6 to 9 @ webpack-internal:///(app-pages-browser)/./src/components/sections/FullScreenSlideshow.tsx:176
[   56780ms] [LOG] changeSection called: from 6 to 9 @ webpack-internal:///(app-pages-browser)/./src/components/sections/FullScreenSlideshow.tsx:176
[   56796ms] [LOG] changeSection called: from 6 to 9 @ webpack-internal:///(app-pages-browser)/./src/components/sections/FullScreenSlideshow.tsx:176
[   56813ms] [LOG] changeSection called: from 6 to 9 @ webpack-internal:///(app-pages-browser)/./src/components/sections/FullScreenSlideshow.tsx:176
[   59163ms] [LOG] changeSection called: from 9 to 8 @ webpack-internal:///(app-pages-browser)/./src/components/sections/FullScreenSlideshow.tsx:176
[   59696ms] [LOG] changeSection called: from 8 to 7 @ webpack-internal:///(app-pages-browser)/./src/components/sections/FullScreenSlideshow.tsx:176
[   59713ms] [LOG] changeSection called: from 8 to 7 @ webpack-internal:///(app-pages-browser)/./src/components/sections/FullScreenSlideshow.tsx:176
[   59729ms] [LOG] changeSection called: from 8 to 7 @ webpack-internal:///(app-pages-browser)/./src/components/sections/FullScreenSlideshow.tsx:176
[   59746ms] [LOG] changeSection called: from 8 to 7 @ webpack-internal:///(app-pages-browser)/./src/components/sections/FullScreenSlideshow.tsx:176
[   59763ms] [LOG] changeSection called: from 8 to 7 @ webpack-internal:///(app-pages-browser)/./src/components/sections/FullScreenSlideshow.tsx:176
[   59780ms] [LOG] changeSection called: from 8 to 7 @ webpack-internal:///(app-pages-browser)/./src/components/sections/FullScreenSlideshow.tsx:176
[   59796ms] [LOG] changeSection called: from 8 to 7 @ webpack-internal:///(app-pages-browser)/./src/components/sections/FullScreenSlideshow.tsx:176
[   59813ms] [LOG] changeSection called: from 8 to 7 @ webpack-internal:///(app-pages-browser)/./src/components/sections/FullScreenSlideshow.tsx:176
[   59829ms] [LOG] changeSection called: from 8 to 7 @ webpack-internal:///(app-pages-browser)/./src/components/sections/FullScreenSlideshow.tsx:176
[   59846ms] [LOG] changeSection called: from 8 to 7 @ webpack-internal:///(app-pages-browser)/./src/components/sections/FullScreenSlideshow.tsx:176
[   59863ms] [LOG] changeSection called: from 8 to 7 @ webpack-internal:///(app-pages-browser)/./src/components/sections/FullScreenSlideshow.tsx:176
[   59879ms] [LOG] changeSection called: from 8 to 7 @ webpack-internal:///(app-pages-browser)/./src/components/sections/FullScreenSlideshow.tsx:176
[   59896ms] [LOG] changeSection called: from 8 to 7 @ webpack-internal:///(app-pages-browser)/./src/components/sections/FullScreenSlideshow.tsx:176
[   59913ms] [LOG] changeSection called: from 8 to 7 @ webpack-internal:///(app-pages-browser)/./src/components/sections/FullScreenSlideshow.tsx:176
[   59929ms] [LOG] changeSection called: from 8 to 7 @ webpack-internal:///(app-pages-browser)/./src/components/sections/FullScreenSlideshow.tsx:176
[   59939ms] [WARNING] The resource http://localhost:3000/_next/image?url=%2Fbest%20shots%2FProduct%20image%2Fproduct-bodywash.webp&w=3840&q=75 was preloaded using link preload but not used within a few seconds from the window's load event. Please make sure it has an appropriate `as` value and it is preloaded intentionally. @ http://localhost:3000/:0
[   59939ms] [WARNING] The resource http://localhost:3000/_next/image?url=%2Flogo%2Flogo.webp&w=384&q=75 was preloaded using link preload but not used within a few seconds from the window's load event. Please make sure it has an appropriate `as` value and it is preloaded intentionally. @ http://localhost:3000/:0
[   59946ms] [LOG] changeSection called: from 8 to 7 @ webpack-internal:///(app-pages-browser)/./src/components/sections/FullScreenSlideshow.tsx:176
[   59963ms] [LOG] changeSection called: from 8 to 7 @ webpack-internal:///(app-pages-browser)/./src/components/sections/FullScreenSlideshow.tsx:176
[   59979ms] [LOG] changeSection called: from 8 to 7 @ webpack-internal:///(app-pages-browser)/./src/components/sections/FullScreenSlideshow.tsx:176
[   60146ms] [LOG] changeSection called: from 7 to 6 @ webpack-internal:///(app-pages-browser)/./src/components/sections/FullScreenSlideshow.tsx:176
[   60167ms] [LOG] changeSection called: from 7 to 6 @ webpack-internal:///(app-pages-browser)/./src/components/sections/FullScreenSlideshow.tsx:176
[   60180ms] [LOG] changeSection called: from 7 to 6 @ webpack-internal:///(app-pages-browser)/./src/components/sections/FullScreenSlideshow.tsx:176
[   60196ms] [LOG] changeSection called: from 7 to 6 @ webpack-internal:///(app-pages-browser)/./src/components/sections/FullScreenSlideshow.tsx:176
[   60213ms] [LOG] changeSection called: from 7 to 6 @ webpack-internal:///(app-pages-browser)/./src/components/sections/FullScreenSlideshow.tsx:176
[   60230ms] [LOG] changeSection called: from 7 to 6 @ webpack-internal:///(app-pages-browser)/./src/components/sections/FullScreenSlideshow.tsx:176
[   60247ms] [LOG] changeSection called: from 7 to 6 @ webpack-internal:///(app-pages-browser)/./src/components/sections/FullScreenSlideshow.tsx:176
[   60263ms] [LOG] changeSection called: from 7 to 6 @ webpack-internal:///(app-pages-browser)/./src/components/sections/FullScreenSlideshow.tsx:176
[   60280ms] [LOG] changeSection called: from 7 to 6 @ webpack-internal:///(app-pages-browser)/./src/components/sections/FullScreenSlideshow.tsx:176
[   60296ms] [LOG] changeSection called: from 7 to 6 @ webpack-internal:///(app-pages-browser)/./src/components/sections/FullScreenSlideshow.tsx:176
[   60313ms] [LOG] changeSection called: from 7 to 6 @ webpack-internal:///(app-pages-browser)/./src/components/sections/FullScreenSlideshow.tsx:176
[   60330ms] [LOG] changeSection called: from 7 to 6 @ webpack-internal:///(app-pages-browser)/./src/components/sections/FullScreenSlideshow.tsx:176
[   60346ms] [LOG] changeSection called: from 7 to 6 @ webpack-internal:///(app-pages-browser)/./src/components/sections/FullScreenSlideshow.tsx:176
[   60363ms] [LOG] changeSection called: from 7 to 6 @ webpack-internal:///(app-pages-browser)/./src/components/sections/FullScreenSlideshow.tsx:176
[   60379ms] [LOG] changeSection called: from 7 to 6 @ webpack-internal:///(app-pages-browser)/./src/components/sections/FullScreenSlideshow.tsx:176
[   60396ms] [LOG] changeSection called: from 7 to 6 @ webpack-internal:///(app-pages-browser)/./src/components/sections/FullScreenSlideshow.tsx:176
[   60413ms] [LOG] changeSection called: from 7 to 6 @ webpack-internal:///(app-pages-browser)/./src/components/sections/FullScreenSlideshow.tsx:176
[   60430ms] [LOG] changeSection called: from 7 to 6 @ webpack-internal:///(app-pages-browser)/./src/components/sections/FullScreenSlideshow.tsx:176
[   60446ms] [LOG] changeSection called: from 7 to 6 @ webpack-internal:///(app-pages-browser)/./src/components/sections/FullScreenSlideshow.tsx:176
[   60463ms] [LOG] changeSection called: from 7 to 5 @ webpack-internal:///(app-pages-browser)/./src/components/sections/FullScreenSlideshow.tsx:176
[   60480ms] [LOG] changeSection called: from 7 to 5 @ webpack-internal:///(app-pages-browser)/./src/components/sections/FullScreenSlideshow.tsx:176
[   60496ms] [LOG] changeSection called: from 7 to 5 @ webpack-internal:///(app-pages-browser)/./src/components/sections/FullScreenSlideshow.tsx:176
[   60513ms] [LOG] changeSection called: from 7 to 5 @ webpack-internal:///(app-pages-browser)/./src/components/sections/FullScreenSlideshow.tsx:176
[   60530ms] [LOG] changeSection called: from 7 to 5 @ webpack-internal:///(app-pages-browser)/./src/components/sections/FullScreenSlideshow.tsx:176
[   60546ms] [LOG] changeSection called: from 7 to 5 @ webpack-internal:///(app-pages-browser)/./src/components/sections/FullScreenSlideshow.tsx:176
[   60563ms] [LOG] changeSection called: from 7 to 5 @ webpack-internal:///(app-pages-browser)/./src/components/sections/FullScreenSlideshow.tsx:176
[   60580ms] [LOG] changeSection called: from 7 to 5 @ webpack-internal:///(app-pages-browser)/./src/components/sections/FullScreenSlideshow.tsx:176
[   60596ms] [LOG] changeSection called: from 7 to 5 @ webpack-internal:///(app-pages-browser)/./src/components/sections/FullScreenSlideshow.tsx:176
[   60613ms] [LOG] changeSection called: from 7 to 5 @ webpack-internal:///(app-pages-browser)/./src/components/sections/FullScreenSlideshow.tsx:176
[   60629ms] [LOG] changeSection called: from 7 to 5 @ webpack-internal:///(app-pages-browser)/./src/components/sections/FullScreenSlideshow.tsx:176
[   60646ms] [LOG] changeSection called: from 7 to 5 @ webpack-internal:///(app-pages-browser)/./src/components/sections/FullScreenSlideshow.tsx:176
[   60663ms] [LOG] changeSection called: from 7 to 5 @ webpack-internal:///(app-pages-browser)/./src/components/sections/FullScreenSlideshow.tsx:176
[   60680ms] [LOG] changeSection called: from 7 to 5 @ webpack-internal:///(app-pages-browser)/./src/components/sections/FullScreenSlideshow.tsx:176
[   60696ms] [LOG] changeSection called: from 7 to 5 @ webpack-internal:///(app-pages-browser)/./src/components/sections/FullScreenSlideshow.tsx:176
[   60713ms] [LOG] changeSection called: from 7 to 5 @ webpack-internal:///(app-pages-browser)/./src/components/sections/FullScreenSlideshow.tsx:176
[   60730ms] [LOG] changeSection called: from 7 to 5 @ webpack-internal:///(app-pages-browser)/./src/components/sections/FullScreenSlideshow.tsx:176
[   60746ms] [LOG] changeSection called: from 7 to 5 @ webpack-internal:///(app-pages-browser)/./src/components/sections/FullScreenSlideshow.tsx:176
[   60763ms] [LOG] changeSection called: from 7 to 5 @ webpack-internal:///(app-pages-browser)/./src/components/sections/FullScreenSlideshow.tsx:176
[   60779ms] [LOG] changeSection called: from 7 to 5 @ webpack-internal:///(app-pages-browser)/./src/components/sections/FullScreenSlideshow.tsx:176
[   60863ms] [LOG] changeSection called: from 5 to 4 @ webpack-internal:///(app-pages-browser)/./src/components/sections/FullScreenSlideshow.tsx:176
[   60880ms] [LOG] changeSection called: from 5 to 4 @ webpack-internal:///(app-pages-browser)/./src/components/sections/FullScreenSlideshow.tsx:176
[   60896ms] [LOG] changeSection called: from 5 to 4 @ webpack-internal:///(app-pages-browser)/./src/components/sections/FullScreenSlideshow.tsx:176
[   60913ms] [LOG] changeSection called: from 5 to 4 @ webpack-internal:///(app-pages-browser)/./src/components/sections/FullScreenSlideshow.tsx:176
[   60930ms] [LOG] changeSection called: from 5 to 4 @ webpack-internal:///(app-pages-browser)/./src/components/sections/FullScreenSlideshow.tsx:176
[   60947ms] [LOG] changeSection called: from 5 to 4 @ webpack-internal:///(app-pages-browser)/./src/components/sections/FullScreenSlideshow.tsx:176
[   60963ms] [LOG] changeSection called: from 5 to 4 @ webpack-internal:///(app-pages-browser)/./src/components/sections/FullScreenSlideshow.tsx:176
[   60980ms] [LOG] changeSection called: from 5 to 4 @ webpack-internal:///(app-pages-browser)/./src/components/sections/FullScreenSlideshow.tsx:176
[   60997ms] [LOG] changeSection called: from 5 to 4 @ webpack-internal:///(app-pages-browser)/./src/components/sections/FullScreenSlideshow.tsx:176
[   61013ms] [LOG] changeSection called: from 5 to 4 @ webpack-internal:///(app-pages-browser)/./src/components/sections/FullScreenSlideshow.tsx:176
[   61030ms] [LOG] changeSection called: from 5 to 4 @ webpack-internal:///(app-pages-browser)/./src/components/sections/FullScreenSlideshow.tsx:176
[   61047ms] [LOG] changeSection called: from 5 to 4 @ webpack-internal:///(app-pages-browser)/./src/components/sections/FullScreenSlideshow.tsx:176
[   61063ms] [LOG] changeSection called: from 5 to 4 @ webpack-internal:///(app-pages-browser)/./src/components/sections/FullScreenSlideshow.tsx:176
[   61080ms] [LOG] changeSection called: from 5 to 4 @ webpack-internal:///(app-pages-browser)/./src/components/sections/FullScreenSlideshow.tsx:176
[   61096ms] [LOG] changeSection called: from 5 to 4 @ webpack-internal:///(app-pages-browser)/./src/components/sections/FullScreenSlideshow.tsx:176
[   61113ms] [LOG] changeSection called: from 5 to 4 @ webpack-internal:///(app-pages-browser)/./src/components/sections/FullScreenSlideshow.tsx:176
[   61130ms] [LOG] changeSection called: from 5 to 4 @ webpack-internal:///(app-pages-browser)/./src/components/sections/FullScreenSlideshow.tsx:176
[   61146ms] [LOG] changeSection called: from 5 to 4 @ webpack-internal:///(app-pages-browser)/./src/components/sections/FullScreenSlideshow.tsx:176
[   61163ms] [LOG] changeSection called: from 5 to 4 @ webpack-internal:///(app-pages-browser)/./src/components/sections/FullScreenSlideshow.tsx:176
[   61180ms] [LOG] changeSection called: from 5 to 4 @ webpack-internal:///(app-pages-browser)/./src/components/sections/FullScreenSlideshow.tsx:176
[   61196ms] [LOG] changeSection called: from 5 to 3 @ webpack-internal:///(app-pages-browser)/./src/components/sections/FullScreenSlideshow.tsx:176
[   61213ms] [LOG] changeSection called: from 5 to 3 @ webpack-internal:///(app-pages-browser)/./src/components/sections/FullScreenSlideshow.tsx:176
[   61230ms] [LOG] changeSection called: from 5 to 3 @ webpack-internal:///(app-pages-browser)/./src/components/sections/FullScreenSlideshow.tsx:176
[   61246ms] [LOG] changeSection called: from 5 to 3 @ webpack-internal:///(app-pages-browser)/./src/components/sections/FullScreenSlideshow.tsx:176
[   61263ms] [LOG] changeSection called: from 5 to 3 @ webpack-internal:///(app-pages-browser)/./src/components/sections/FullScreenSlideshow.tsx:176
[   61280ms] [LOG] changeSection called: from 5 to 3 @ webpack-internal:///(app-pages-browser)/./src/components/sections/FullScreenSlideshow.tsx:176
[   61296ms] [LOG] changeSection called: from 5 to 3 @ webpack-internal:///(app-pages-browser)/./src/components/sections/FullScreenSlideshow.tsx:176
[   61313ms] [LOG] changeSection called: from 5 to 3 @ webpack-internal:///(app-pages-browser)/./src/components/sections/FullScreenSlideshow.tsx:176
[   61329ms] [LOG] changeSection called: from 5 to 3 @ webpack-internal:///(app-pages-browser)/./src/components/sections/FullScreenSlideshow.tsx:176
[   61347ms] [LOG] changeSection called: from 5 to 3 @ webpack-internal:///(app-pages-browser)/./src/components/sections/FullScreenSlideshow.tsx:176
[   61363ms] [LOG] changeSection called: from 5 to 3 @ webpack-internal:///(app-pages-browser)/./src/components/sections/FullScreenSlideshow.tsx:176
[   61380ms] [LOG] changeSection called: from 5 to 3 @ webpack-internal:///(app-pages-browser)/./src/components/sections/FullScreenSlideshow.tsx:176
[   61396ms] [LOG] changeSection called: from 5 to 3 @ webpack-internal:///(app-pages-browser)/./src/components/sections/FullScreenSlideshow.tsx:176
[   61413ms] [LOG] changeSection called: from 5 to 3 @ webpack-internal:///(app-pages-browser)/./src/components/sections/FullScreenSlideshow.tsx:176
[   61429ms] [LOG] changeSection called: from 5 to 3 @ webpack-internal:///(app-pages-browser)/./src/components/sections/FullScreenSlideshow.tsx:176
[   61446ms] [LOG] changeSection called: from 5 to 3 @ webpack-internal:///(app-pages-browser)/./src/components/sections/FullScreenSlideshow.tsx:176
[   61463ms] [LOG] changeSection called: from 5 to 3 @ webpack-internal:///(app-pages-browser)/./src/components/sections/FullScreenSlideshow.tsx:176
[   61480ms] [LOG] changeSection called: from 5 to 3 @ webpack-internal:///(app-pages-browser)/./src/components/sections/FullScreenSlideshow.tsx:176
[   61496ms] [LOG] changeSection called: from 5 to 3 @ webpack-internal:///(app-pages-browser)/./src/components/sections/FullScreenSlideshow.tsx:176
[   61513ms] [LOG] changeSection called: from 5 to 3 @ webpack-internal:///(app-pages-browser)/./src/components/sections/FullScreenSlideshow.tsx:176
[   61530ms] [LOG] changeSection called: from 5 to 3 @ webpack-internal:///(app-pages-browser)/./src/components/sections/FullScreenSlideshow.tsx:176
[   61546ms] [LOG] changeSection called: from 5 to 3 @ webpack-internal:///(app-pages-browser)/./src/components/sections/FullScreenSlideshow.tsx:176
[   61563ms] [LOG] changeSection called: from 5 to 3 @ webpack-internal:///(app-pages-browser)/./src/components/sections/FullScreenSlideshow.tsx:176
[   61580ms] [LOG] changeSection called: from 5 to 3 @ webpack-internal:///(app-pages-browser)/./src/components/sections/FullScreenSlideshow.tsx:176
[   61630ms] [LOG] changeSection called: from 3 to 2 @ webpack-internal:///(app-pages-browser)/./src/components/sections/FullScreenSlideshow.tsx:176
[   61647ms] [LOG] changeSection called: from 3 to 2 @ webpack-internal:///(app-pages-browser)/./src/components/sections/FullScreenSlideshow.tsx:176
[   61663ms] [LOG] changeSection called: from 3 to 2 @ webpack-internal:///(app-pages-browser)/./src/components/sections/FullScreenSlideshow.tsx:176
[   61680ms] [LOG] changeSection called: from 3 to 2 @ webpack-internal:///(app-pages-browser)/./src/components/sections/FullScreenSlideshow.tsx:176
[   61697ms] [LOG] changeSection called: from 3 to 2 @ webpack-internal:///(app-pages-browser)/./src/components/sections/FullScreenSlideshow.tsx:176
[   61713ms] [LOG] changeSection called: from 3 to 2 @ webpack-internal:///(app-pages-browser)/./src/components/sections/FullScreenSlideshow.tsx:176
[   61730ms] [LOG] changeSection called: from 3 to 2 @ webpack-internal:///(app-pages-browser)/./src/components/sections/FullScreenSlideshow.tsx:176
[   61747ms] [LOG] changeSection called: from 3 to 2 @ webpack-internal:///(app-pages-browser)/./src/components/sections/FullScreenSlideshow.tsx:176
[   61763ms] [LOG] changeSection called: from 3 to 2 @ webpack-internal:///(app-pages-browser)/./src/components/sections/FullScreenSlideshow.tsx:176
[   61780ms] [LOG] changeSection called: from 3 to 2 @ webpack-internal:///(app-pages-browser)/./src/components/sections/FullScreenSlideshow.tsx:176
[   61797ms] [LOG] changeSection called: from 3 to 2 @ webpack-internal:///(app-pages-browser)/./src/components/sections/FullScreenSlideshow.tsx:176
[   61813ms] [LOG] changeSection called: from 3 to 2 @ webpack-internal:///(app-pages-browser)/./src/components/sections/FullScreenSlideshow.tsx:176
[   61830ms] [LOG] changeSection called: from 3 to 2 @ webpack-internal:///(app-pages-browser)/./src/components/sections/FullScreenSlideshow.tsx:176
[   61847ms] [LOG] changeSection called: from 3 to 2 @ webpack-internal:///(app-pages-browser)/./src/components/sections/FullScreenSlideshow.tsx:176
[   61863ms] [LOG] changeSection called: from 3 to 2 @ webpack-internal:///(app-pages-browser)/./src/components/sections/FullScreenSlideshow.tsx:176
[   61880ms] [LOG] changeSection called: from 3 to 2 @ webpack-internal:///(app-pages-browser)/./src/components/sections/FullScreenSlideshow.tsx:176
[   61897ms] [LOG] changeSection called: from 3 to 2 @ webpack-internal:///(app-pages-browser)/./src/components/sections/FullScreenSlideshow.tsx:176
[   61913ms] [LOG] changeSection called: from 3 to 2 @ webpack-internal:///(app-pages-browser)/./src/components/sections/FullScreenSlideshow.tsx:176
[   61930ms] [LOG] changeSection called: from 3 to 2 @ webpack-internal:///(app-pages-browser)/./src/components/sections/FullScreenSlideshow.tsx:176
[   61947ms] [LOG] changeSection called: from 3 to 2 @ webpack-internal:///(app-pages-browser)/./src/components/sections/FullScreenSlideshow.tsx:176
[   61963ms] [LOG] changeSection called: from 3 to 2 @ webpack-internal:///(app-pages-browser)/./src/components/sections/FullScreenSlideshow.tsx:176
[   61980ms] [LOG] changeSection called: from 3 to 1 @ webpack-internal:///(app-pages-browser)/./src/components/sections/FullScreenSlideshow.tsx:176
[   61997ms] [LOG] changeSection called: from 3 to 1 @ webpack-internal:///(app-pages-browser)/./src/components/sections/FullScreenSlideshow.tsx:176
[   62013ms] [LOG] changeSection called: from 3 to 1 @ webpack-internal:///(app-pages-browser)/./src/components/sections/FullScreenSlideshow.tsx:176
[   62029ms] [LOG] changeSection called: from 3 to 1 @ webpack-internal:///(app-pages-browser)/./src/components/sections/FullScreenSlideshow.tsx:176
[   62046ms] [LOG] changeSection called: from 3 to 1 @ webpack-internal:///(app-pages-browser)/./src/components/sections/FullScreenSlideshow.tsx:176
[   62063ms] [LOG] changeSection called: from 3 to 1 @ webpack-internal:///(app-pages-browser)/./src/components/sections/FullScreenSlideshow.tsx:176
[   62080ms] [LOG] changeSection called: from 3 to 1 @ webpack-internal:///(app-pages-browser)/./src/components/sections/FullScreenSlideshow.tsx:176
[   62096ms] [LOG] changeSection called: from 3 to 1 @ webpack-internal:///(app-pages-browser)/./src/components/sections/FullScreenSlideshow.tsx:176
[   62113ms] [LOG] changeSection called: from 3 to 1 @ webpack-internal:///(app-pages-browser)/./src/components/sections/FullScreenSlideshow.tsx:176
[   62130ms] [LOG] changeSection called: from 3 to 1 @ webpack-internal:///(app-pages-browser)/./src/components/sections/FullScreenSlideshow.tsx:176
[   62146ms] [LOG] changeSection called: from 3 to 1 @ webpack-internal:///(app-pages-browser)/./src/components/sections/FullScreenSlideshow.tsx:176
[   62163ms] [LOG] changeSection called: from 3 to 1 @ webpack-internal:///(app-pages-browser)/./src/components/sections/FullScreenSlideshow.tsx:176
[   62180ms] [LOG] changeSection called: from 3 to 1 @ webpack-internal:///(app-pages-browser)/./src/components/sections/FullScreenSlideshow.tsx:176
[   62197ms] [LOG] changeSection called: from 3 to 1 @ webpack-internal:///(app-pages-browser)/./src/components/sections/FullScreenSlideshow.tsx:176
[   62213ms] [LOG] changeSection called: from 3 to 1 @ webpack-internal:///(app-pages-browser)/./src/components/sections/FullScreenSlideshow.tsx:176
[   62230ms] [LOG] changeSection called: from 3 to 1 @ webpack-internal:///(app-pages-browser)/./src/components/sections/FullScreenSlideshow.tsx:176
[   62246ms] [LOG] changeSection called: from 3 to 1 @ webpack-internal:///(app-pages-browser)/./src/components/sections/FullScreenSlideshow.tsx:176
[   62263ms] [LOG] changeSection called: from 3 to 1 @ webpack-internal:///(app-pages-browser)/./src/components/sections/FullScreenSlideshow.tsx:176
[   62280ms] [LOG] changeSection called: from 3 to 1 @ webpack-internal:///(app-pages-browser)/./src/components/sections/FullScreenSlideshow.tsx:176
[   62297ms] [LOG] changeSection called: from 3 to 1 @ webpack-internal:///(app-pages-browser)/./src/components/sections/FullScreenSlideshow.tsx:176
[   62313ms] [LOG] changeSection called: from 3 to 1 @ webpack-internal:///(app-pages-browser)/./src/components/sections/FullScreenSlideshow.tsx:176
[   62330ms] [LOG] changeSection called: from 3 to 1 @ webpack-internal:///(app-pages-browser)/./src/components/sections/FullScreenSlideshow.tsx:176
[   62346ms] [LOG] changeSection called: from 3 to 0 @ webpack-internal:///(app-pages-browser)/./src/components/sections/FullScreenSlideshow.tsx:176
[   62363ms] [LOG] changeSection called: from 3 to 0 @ webpack-internal:///(app-pages-browser)/./src/components/sections/FullScreenSlideshow.tsx:176
[   62380ms] [LOG] changeSection called: from 3 to 0 @ webpack-internal:///(app-pages-browser)/./src/components/sections/FullScreenSlideshow.tsx:176
[   86471ms] [LOG] [Fast Refresh] rebuilding @ webpack-internal:///(app-pages-browser)/./node_modules/next/dist/client/components/react-dev-overlay/app/hot-reloader-client.js:239
[   86814ms] [LOG] [Fast Refresh] done in 343ms @ webpack-internal:///(app-pages-browser)/./node_modules/next/dist/client/components/react-dev-overlay/app/hot-reloader-client.js:66
[   89880ms] [WARNING] The resource http://localhost:3000/_next/image?url=%2Fbest%20shots%2FProduct%20image%2Fproduct-bodywash.webp&w=3840&q=75 was preloaded using link preload but not used within a few seconds from the window's load event. Please make sure it has an appropriate `as` value and it is preloaded intentionally. @ http://localhost:3000/:0
[   89880ms] [WARNING] The resource http://localhost:3000/_next/image?url=%2Flogo%2Flogo.webp&w=384&q=75 was preloaded using link preload but not used within a few seconds from the window's load event. Please make sure it has an appropriate `as` value and it is preloaded intentionally. @ http://localhost:3000/:0
