[     306ms] [INFO] %cDownload the React DevTools for a better development experience: https://react.dev/link/react-devtools font-weight:bold @ webpack-internal:///(app-pages-browser)/./node_modules/next/dist/compiled/react-dom/cjs/react-dom-client.development.js:24514
[     455ms] [LOG] useEffect running. showLoading: true @ webpack-internal:///(app-pages-browser)/./src/components/sections/FullScreenSlideshow.tsx:198
[     477ms] [WARNING] Image with src "/logo/logo.webp" has either width or height modified, but not the other. If you use CSS to change the size of your image, also include the styles 'width: "auto"' or 'height: "auto"' to maintain the aspect ratio. @ webpack-internal:///(app-pages-browser)/./node_modules/next/dist/shared/lib/utils/warn-once.js:15
[    2048ms] [LOG] useEffect running. showLoading: false @ webpack-internal:///(app-pages-browser)/./src/components/sections/FullScreenSlideshow.tsx:198
[    2048ms] [LOG] Loading finished, initializing ScrollTrigger @ webpack-internal:///(app-pages-browser)/./src/components/sections/FullScreenSlideshow.tsx:201
[    2049ms] [LOG] Refs check: {wrapRef: true, fixedSection: true, fixedContainer: true, bgContainer: true, header: true} @ webpack-internal:///(app-pages-browser)/./src/components/sections/FullScreenSlideshow.tsx:217
[    3514ms] [WARNING] The resource http://localhost:3000/_next/image?url=%2Fbest%20shots%2FProduct%20image%2Fproduct-bodywash.webp&w=3840&q=75 was preloaded using link preload but not used within a few seconds from the window's load event. Please make sure it has an appropriate `as` value and it is preloaded intentionally. @ http://localhost:3000/:0
[    3514ms] [WARNING] The resource http://localhost:3000/_next/image?url=%2Flogo%2Flogo.webp&w=384&q=75 was preloaded using link preload but not used within a few seconds from the window's load event. Please make sure it has an appropriate `as` value and it is preloaded intentionally. @ http://localhost:3000/:0
[    8480ms] [WARNING] The resource http://localhost:3000/_next/image?url=%2Fbest%20shots%2FProduct%20image%2Fproduct-bodywash.webp&w=3840&q=75 was preloaded using link preload but not used within a few seconds from the window's load event. Please make sure it has an appropriate `as` value and it is preloaded intentionally. @ http://localhost:3000/:0
[    8480ms] [WARNING] The resource http://localhost:3000/_next/image?url=%2Flogo%2Flogo.webp&w=384&q=75 was preloaded using link preload but not used within a few seconds from the window's load event. Please make sure it has an appropriate `as` value and it is preloaded intentionally. @ http://localhost:3000/:0
[   31548ms] [LOG] [Fast Refresh] rebuilding @ webpack-internal:///(app-pages-browser)/./node_modules/next/dist/client/components/react-dev-overlay/app/hot-reloader-client.js:239
[   31838ms] [LOG] [Fast Refresh] done in 291ms @ webpack-internal:///(app-pages-browser)/./node_modules/next/dist/client/components/react-dev-overlay/app/hot-reloader-client.js:66
[   34857ms] [WARNING] The resource http://localhost:3000/_next/image?url=%2Fbest%20shots%2FProduct%20image%2Fproduct-bodywash.webp&w=3840&q=75 was preloaded using link preload but not used within a few seconds from the window's load event. Please make sure it has an appropriate `as` value and it is preloaded intentionally. @ http://localhost:3000/:0
[   34857ms] [WARNING] The resource http://localhost:3000/_next/image?url=%2Flogo%2Flogo.webp&w=384&q=75 was preloaded using link preload but not used within a few seconds from the window's load event. Please make sure it has an appropriate `as` value and it is preloaded intentionally. @ http://localhost:3000/:0
[   84810ms] [LOG] [Fast Refresh] rebuilding @ webpack-internal:///(app-pages-browser)/./node_modules/next/dist/client/components/react-dev-overlay/app/hot-reloader-client.js:239
[   85021ms] [LOG] [Fast Refresh] done in 212ms @ webpack-internal:///(app-pages-browser)/./node_modules/next/dist/client/components/react-dev-overlay/app/hot-reloader-client.js:66
[   88081ms] [WARNING] The resource http://localhost:3000/_next/image?url=%2Fbest%20shots%2FProduct%20image%2Fproduct-bodywash.webp&w=3840&q=75 was preloaded using link preload but not used within a few seconds from the window's load event. Please make sure it has an appropriate `as` value and it is preloaded intentionally. @ http://localhost:3000/:0
[   88081ms] [WARNING] The resource http://localhost:3000/_next/image?url=%2Flogo%2Flogo.webp&w=384&q=75 was preloaded using link preload but not used within a few seconds from the window's load event. Please make sure it has an appropriate `as` value and it is preloaded intentionally. @ http://localhost:3000/:0
[  102312ms] [LOG] [Fast Refresh] rebuilding @ webpack-internal:///(app-pages-browser)/./node_modules/next/dist/client/components/react-dev-overlay/app/hot-reloader-client.js:239
[  102547ms] [LOG] [Fast Refresh] done in 235ms @ webpack-internal:///(app-pages-browser)/./node_modules/next/dist/client/components/react-dev-overlay/app/hot-reloader-client.js:66
[  105565ms] [WARNING] The resource http://localhost:3000/_next/image?url=%2Fbest%20shots%2FProduct%20image%2Fproduct-bodywash.webp&w=3840&q=75 was preloaded using link preload but not used within a few seconds from the window's load event. Please make sure it has an appropriate `as` value and it is preloaded intentionally. @ http://localhost:3000/:0
[  105565ms] [WARNING] The resource http://localhost:3000/_next/image?url=%2Flogo%2Flogo.webp&w=384&q=75 was preloaded using link preload but not used within a few seconds from the window's load event. Please make sure it has an appropriate `as` value and it is preloaded intentionally. @ http://localhost:3000/:0
[  142067ms] [LOG] [Fast Refresh] rebuilding @ webpack-internal:///(app-pages-browser)/./node_modules/next/dist/client/components/react-dev-overlay/app/hot-reloader-client.js:239
[  142342ms] [LOG] [Fast Refresh] done in 274ms @ webpack-internal:///(app-pages-browser)/./node_modules/next/dist/client/components/react-dev-overlay/app/hot-reloader-client.js:66
[  145399ms] [WARNING] The resource http://localhost:3000/_next/image?url=%2Fbest%20shots%2FProduct%20image%2Fproduct-bodywash.webp&w=3840&q=75 was preloaded using link preload but not used within a few seconds from the window's load event. Please make sure it has an appropriate `as` value and it is preloaded intentionally. @ http://localhost:3000/:0
[  145399ms] [WARNING] The resource http://localhost:3000/_next/image?url=%2Flogo%2Flogo.webp&w=384&q=75 was preloaded using link preload but not used within a few seconds from the window's load event. Please make sure it has an appropriate `as` value and it is preloaded intentionally. @ http://localhost:3000/:0
[  173929ms] [LOG] [Fast Refresh] rebuilding @ webpack-internal:///(app-pages-browser)/./node_modules/next/dist/client/components/react-dev-overlay/app/hot-reloader-client.js:239
[  174310ms] [LOG] [Fast Refresh] done in 380ms @ webpack-internal:///(app-pages-browser)/./node_modules/next/dist/client/components/react-dev-overlay/app/hot-reloader-client.js:66
[  177333ms] [WARNING] The resource http://localhost:3000/_next/image?url=%2Fbest%20shots%2FProduct%20image%2Fproduct-bodywash.webp&w=3840&q=75 was preloaded using link preload but not used within a few seconds from the window's load event. Please make sure it has an appropriate `as` value and it is preloaded intentionally. @ http://localhost:3000/:0
[  177333ms] [WARNING] The resource http://localhost:3000/_next/image?url=%2Flogo%2Flogo.webp&w=384&q=75 was preloaded using link preload but not used within a few seconds from the window's load event. Please make sure it has an appropriate `as` value and it is preloaded intentionally. @ http://localhost:3000/:0
[  248894ms] [LOG] [Fast Refresh] rebuilding @ webpack-internal:///(app-pages-browser)/./node_modules/next/dist/client/components/react-dev-overlay/app/hot-reloader-client.js:239
[  249295ms] [LOG] [Fast Refresh] done in 401ms @ webpack-internal:///(app-pages-browser)/./node_modules/next/dist/client/components/react-dev-overlay/app/hot-reloader-client.js:66
[  252319ms] [WARNING] The resource http://localhost:3000/_next/image?url=%2Fbest%20shots%2FProduct%20image%2Fproduct-bodywash.webp&w=3840&q=75 was preloaded using link preload but not used within a few seconds from the window's load event. Please make sure it has an appropriate `as` value and it is preloaded intentionally. @ http://localhost:3000/:0
[  252319ms] [WARNING] The resource http://localhost:3000/_next/image?url=%2Flogo%2Flogo.webp&w=384&q=75 was preloaded using link preload but not used within a few seconds from the window's load event. Please make sure it has an appropriate `as` value and it is preloaded intentionally. @ http://localhost:3000/:0
