[     217ms] [INFO] %cDownload the React DevTools for a better development experience: https://react.dev/link/react-devtools font-weight:bold @ webpack-internal:///(app-pages-browser)/./node_modules/next/dist/compiled/react-dom/cjs/react-dom-client.development.js:24514
[     386ms] [WARNING] Image with src "/logo/logo.webp" has either width or height modified, but not the other. If you use CSS to change the size of your image, also include the styles 'width: "auto"' or 'height: "auto"' to maintain the aspect ratio. @ webpack-internal:///(app-pages-browser)/./node_modules/next/dist/shared/lib/utils/warn-once.js:15
[    3386ms] [WARNING] The resource http://localhost:3000/_next/image?url=%2Fbest%20shots%2FProduct%20image%2Fproduct-molton-brown.webp&w=3840&q=75 was preloaded using link preload but not used within a few seconds from the window's load event. Please make sure it has an appropriate `as` value and it is preloaded intentionally. @ http://localhost:3000/:0
[    3386ms] [WARNING] The resource http://localhost:3000/_next/image?url=%2Flogo%2Flogo.webp&w=384&q=75 was preloaded using link preload but not used within a few seconds from the window's load event. Please make sure it has an appropriate `as` value and it is preloaded intentionally. @ http://localhost:3000/:0
[    8633ms] [WARNING] The resource http://localhost:3000/_next/image?url=%2Fbest%20shots%2FProduct%20image%2Fproduct-molton-brown.webp&w=3840&q=75 was preloaded using link preload but not used within a few seconds from the window's load event. Please make sure it has an appropriate `as` value and it is preloaded intentionally. @ http://localhost:3000/:0
[    8633ms] [WARNING] The resource http://localhost:3000/_next/image?url=%2Flogo%2Flogo.webp&w=384&q=75 was preloaded using link preload but not used within a few seconds from the window's load event. Please make sure it has an appropriate `as` value and it is preloaded intentionally. @ http://localhost:3000/:0
[   18400ms] [WARNING] The resource http://localhost:3000/_next/image?url=%2Fbest%20shots%2FProduct%20image%2Fproduct-molton-brown.webp&w=3840&q=75 was preloaded using link preload but not used within a few seconds from the window's load event. Please make sure it has an appropriate `as` value and it is preloaded intentionally. @ http://localhost:3000/:0
[   18400ms] [WARNING] The resource http://localhost:3000/_next/image?url=%2Flogo%2Flogo.webp&w=384&q=75 was preloaded using link preload but not used within a few seconds from the window's load event. Please make sure it has an appropriate `as` value and it is preloaded intentionally. @ http://localhost:3000/:0
[   23651ms] [WARNING] The resource http://localhost:3000/_next/image?url=%2Fbest%20shots%2FProduct%20image%2Fproduct-molton-brown.webp&w=3840&q=75 was preloaded using link preload but not used within a few seconds from the window's load event. Please make sure it has an appropriate `as` value and it is preloaded intentionally. @ http://localhost:3000/:0
[   23651ms] [WARNING] The resource http://localhost:3000/_next/image?url=%2Flogo%2Flogo.webp&w=384&q=75 was preloaded using link preload but not used within a few seconds from the window's load event. Please make sure it has an appropriate `as` value and it is preloaded intentionally. @ http://localhost:3000/:0
[   33475ms] [WARNING] The resource http://localhost:3000/_next/image?url=%2Fbest%20shots%2FProduct%20image%2Fproduct-molton-brown.webp&w=3840&q=75 was preloaded using link preload but not used within a few seconds from the window's load event. Please make sure it has an appropriate `as` value and it is preloaded intentionally. @ http://localhost:3000/:0
[   33475ms] [WARNING] The resource http://localhost:3000/_next/image?url=%2Flogo%2Flogo.webp&w=384&q=75 was preloaded using link preload but not used within a few seconds from the window's load event. Please make sure it has an appropriate `as` value and it is preloaded intentionally. @ http://localhost:3000/:0
[   38731ms] [WARNING] The resource http://localhost:3000/_next/image?url=%2Fbest%20shots%2FProduct%20image%2Fproduct-molton-brown.webp&w=3840&q=75 was preloaded using link preload but not used within a few seconds from the window's load event. Please make sure it has an appropriate `as` value and it is preloaded intentionally. @ http://localhost:3000/:0
[   38731ms] [WARNING] The resource http://localhost:3000/_next/image?url=%2Flogo%2Flogo.webp&w=384&q=75 was preloaded using link preload but not used within a few seconds from the window's load event. Please make sure it has an appropriate `as` value and it is preloaded intentionally. @ http://localhost:3000/:0
[   48552ms] [WARNING] The resource http://localhost:3000/_next/image?url=%2Fbest%20shots%2FProduct%20image%2Fproduct-molton-brown.webp&w=3840&q=75 was preloaded using link preload but not used within a few seconds from the window's load event. Please make sure it has an appropriate `as` value and it is preloaded intentionally. @ http://localhost:3000/:0
[   48552ms] [WARNING] The resource http://localhost:3000/_next/image?url=%2Flogo%2Flogo.webp&w=384&q=75 was preloaded using link preload but not used within a few seconds from the window's load event. Please make sure it has an appropriate `as` value and it is preloaded intentionally. @ http://localhost:3000/:0
[   53817ms] [WARNING] The resource http://localhost:3000/_next/image?url=%2Fbest%20shots%2FProduct%20image%2Fproduct-molton-brown.webp&w=3840&q=75 was preloaded using link preload but not used within a few seconds from the window's load event. Please make sure it has an appropriate `as` value and it is preloaded intentionally. @ http://localhost:3000/:0
[   53817ms] [WARNING] The resource http://localhost:3000/_next/image?url=%2Flogo%2Flogo.webp&w=384&q=75 was preloaded using link preload but not used within a few seconds from the window's load event. Please make sure it has an appropriate `as` value and it is preloaded intentionally. @ http://localhost:3000/:0
[   59440ms] [WARNING] The resource http://localhost:3000/_next/image?url=%2Fbest%20shots%2FProduct%20image%2Fproduct-molton-brown.webp&w=3840&q=75 was preloaded using link preload but not used within a few seconds from the window's load event. Please make sure it has an appropriate `as` value and it is preloaded intentionally. @ http://localhost:3000/:0
[   59441ms] [WARNING] The resource http://localhost:3000/_next/image?url=%2Flogo%2Flogo.webp&w=384&q=75 was preloaded using link preload but not used within a few seconds from the window's load event. Please make sure it has an appropriate `as` value and it is preloaded intentionally. @ http://localhost:3000/:0
[   78422ms] [WARNING] You are trying to animate backgroundColor from "rgba(0, 0, 0, 0)" to "transparent". "transparent" is not an animatable value.. For more information and steps for solving, visit https://motion.dev/troubleshooting/value-not-animatable @ webpack-internal:///(app-pages-browser)/./node_modules/motion-utils/dist/es/errors.mjs:15
[   78521ms] [WARNING] You are trying to animate backgroundColor from "transparent" to "#111111". "transparent" is not an animatable value.. For more information and steps for solving, visit https://motion.dev/troubleshooting/value-not-animatable @ webpack-internal:///(app-pages-browser)/./node_modules/motion-utils/dist/es/errors.mjs:15
[   78805ms] [WARNING] You are trying to animate backgroundColor from "rgba(0, 0, 0, 0)" to "transparent". "transparent" is not an animatable value.. For more information and steps for solving, visit https://motion.dev/troubleshooting/value-not-animatable @ webpack-internal:///(app-pages-browser)/./node_modules/motion-utils/dist/es/errors.mjs:15
[   78838ms] [WARNING] You are trying to animate backgroundColor from "transparent" to "#111111". "transparent" is not an animatable value.. For more information and steps for solving, visit https://motion.dev/troubleshooting/value-not-animatable @ webpack-internal:///(app-pages-browser)/./node_modules/motion-utils/dist/es/errors.mjs:15
[  191791ms] [WARNING] You are trying to animate backgroundColor from "#111111" to "transparent". "transparent" is not an animatable value.. For more information and steps for solving, visit https://motion.dev/troubleshooting/value-not-animatable @ webpack-internal:///(app-pages-browser)/./node_modules/motion-utils/dist/es/errors.mjs:15
[  193941ms] [WARNING] You are trying to animate backgroundColor from "transparent" to "#111111". "transparent" is not an animatable value.. For more information and steps for solving, visit https://motion.dev/troubleshooting/value-not-animatable @ webpack-internal:///(app-pages-browser)/./node_modules/motion-utils/dist/es/errors.mjs:15
[  194458ms] [WARNING] You are trying to animate backgroundColor from "#111111" to "transparent". "transparent" is not an animatable value.. For more information and steps for solving, visit https://motion.dev/troubleshooting/value-not-animatable @ webpack-internal:///(app-pages-browser)/./node_modules/motion-utils/dist/es/errors.mjs:15
[  195141ms] [WARNING] You are trying to animate backgroundColor from "rgba(0, 0, 0, 0)" to "transparent". "transparent" is not an animatable value.. For more information and steps for solving, visit https://motion.dev/troubleshooting/value-not-animatable @ webpack-internal:///(app-pages-browser)/./node_modules/motion-utils/dist/es/errors.mjs:15
[  355237ms] [LOG] [Fast Refresh] rebuilding @ webpack-internal:///(app-pages-browser)/./node_modules/next/dist/client/components/react-dev-overlay/app/hot-reloader-client.js:239
[  355420ms] [LOG] [Fast Refresh] rebuilding @ webpack-internal:///(app-pages-browser)/./node_modules/next/dist/client/components/react-dev-overlay/app/hot-reloader-client.js:239
[  355434ms] [LOG] [Fast Refresh] done in 14ms @ webpack-internal:///(app-pages-browser)/./node_modules/next/dist/client/components/react-dev-overlay/app/hot-reloader-client.js:66
[  355558ms] [LOG] [Fast Refresh] done in 138ms @ webpack-internal:///(app-pages-browser)/./node_modules/next/dist/client/components/react-dev-overlay/app/hot-reloader-client.js:66
[  358578ms] [WARNING] The resource http://localhost:3000/_next/image?url=%2Fbest%20shots%2FProduct%20image%2Fproduct-molton-brown.webp&w=3840&q=75 was preloaded using link preload but not used within a few seconds from the window's load event. Please make sure it has an appropriate `as` value and it is preloaded intentionally. @ http://localhost:3000/:0
[  358578ms] [WARNING] The resource http://localhost:3000/_next/image?url=%2Flogo%2Flogo.webp&w=384&q=75 was preloaded using link preload but not used within a few seconds from the window's load event. Please make sure it has an appropriate `as` value and it is preloaded intentionally. @ http://localhost:3000/:0
[  436157ms] [LOG] [Fast Refresh] rebuilding @ webpack-internal:///(app-pages-browser)/./node_modules/next/dist/client/components/react-dev-overlay/app/hot-reloader-client.js:239
[  436336ms] [LOG] [Fast Refresh] done in 180ms @ webpack-internal:///(app-pages-browser)/./node_modules/next/dist/client/components/react-dev-overlay/app/hot-reloader-client.js:66
[  439363ms] [WARNING] The resource http://localhost:3000/_next/image?url=%2Fbest%20shots%2FProduct%20image%2Fproduct-molton-brown.webp&w=3840&q=75 was preloaded using link preload but not used within a few seconds from the window's load event. Please make sure it has an appropriate `as` value and it is preloaded intentionally. @ http://localhost:3000/:0
[  439363ms] [WARNING] The resource http://localhost:3000/_next/image?url=%2Flogo%2Flogo.webp&w=384&q=75 was preloaded using link preload but not used within a few seconds from the window's load event. Please make sure it has an appropriate `as` value and it is preloaded intentionally. @ http://localhost:3000/:0
[  464321ms] [LOG] [Fast Refresh] rebuilding @ webpack-internal:///(app-pages-browser)/./node_modules/next/dist/client/components/react-dev-overlay/app/hot-reloader-client.js:239
[  464414ms] [LOG] [Fast Refresh] rebuilding @ webpack-internal:///(app-pages-browser)/./node_modules/next/dist/client/components/react-dev-overlay/app/hot-reloader-client.js:239
[  464432ms] [LOG] [Fast Refresh] done in 18ms @ webpack-internal:///(app-pages-browser)/./node_modules/next/dist/client/components/react-dev-overlay/app/hot-reloader-client.js:66
[  464527ms] [LOG] [Fast Refresh] done in 114ms @ webpack-internal:///(app-pages-browser)/./node_modules/next/dist/client/components/react-dev-overlay/app/hot-reloader-client.js:66
[  467564ms] [WARNING] The resource http://localhost:3000/_next/static/css/app/layout.css?v=1780917247605 was preloaded using link preload but not used within a few seconds from the window's load event. Please make sure it has an appropriate `as` value and it is preloaded intentionally. @ http://localhost:3000/:0
[  467564ms] [WARNING] The resource http://localhost:3000/_next/image?url=%2Flogo%2Flogo.webp&w=384&q=75 was preloaded using link preload but not used within a few seconds from the window's load event. Please make sure it has an appropriate `as` value and it is preloaded intentionally. @ http://localhost:3000/:0
[  467564ms] [WARNING] The resource http://localhost:3000/_next/static/css/app/page.css?v=1780917247605 was preloaded using link preload but not used within a few seconds from the window's load event. Please make sure it has an appropriate `as` value and it is preloaded intentionally. @ http://localhost:3000/:0
[  467564ms] [WARNING] The resource http://localhost:3000/_next/image?url=%2Fbest%20shots%2FProduct%20image%2Fproduct-molton-brown.webp&w=3840&q=75 was preloaded using link preload but not used within a few seconds from the window's load event. Please make sure it has an appropriate `as` value and it is preloaded intentionally. @ http://localhost:3000/:0
[  537008ms] [LOG] [Fast Refresh] rebuilding @ webpack-internal:///(app-pages-browser)/./node_modules/next/dist/client/components/react-dev-overlay/app/hot-reloader-client.js:239
[  537448ms] [ERROR] Failed to fetch RSC payload for http://localhost:3000/. Falling back to browser navigation. TypeError: Cannot read properties of undefined (reading 'call')
    at options.factory (http://localhost:3000/_next/static/chunks/webpack.js?v=1780916783152:713:31)
    at __webpack_require__ (http://localhost:3000/_next/static/chunks/webpack.js?v=1780916783152:37:33)
    at fn (http://localhost:3000/_next/static/chunks/webpack.js?v=1780916783152:369:21)
    at requireAsyncModule (webpack-internal:///(app-pages-browser)/./node_modules/next/dist/compiled/react-server-dom-webpack/cjs/react-server-dom-webpack-client.browser.development.js:65:21)
    at preloadModule (webpack-internal:///(app-pages-browser)/./node_modules/next/dist/compiled/react-server-dom-webpack/cjs/react-server-dom-webpack-client.browser.development.js:100:13)
    at resolveModule (webpack-internal:///(app-pages-browser)/./node_modules/next/dist/compiled/react-server-dom-webpack/cjs/react-server-dom-webpack-client.browser.development.js:1553:20)
    at processFullStringRow (webpack-internal:///(app-pages-browser)/./node_modules/next/dist/compiled/react-server-dom-webpack/cjs/react-server-dom-webpack-client.browser.development.js:2060:11)
    at processFullBinaryRow (webpack-internal:///(app-pages-browser)/./node_modules/next/dist/compiled/react-server-dom-webpack/cjs/react-server-dom-webpack-client.browser.development.js:2055:7)
    at progress (webpack-internal:///(app-pages-browser)/./node_modules/next/dist/compiled/react-server-dom-webpack/cjs/react-server-dom-webpack-client.browser.development.js:2258:17) @ webpack-internal:///(app-pages-browser)/./node_modules/next/dist/client/components/globals/intercept-console-error.js:28
[  537456ms] [LOG] [Fast Refresh] done in 447ms @ webpack-internal:///(app-pages-browser)/./node_modules/next/dist/client/components/react-dev-overlay/app/hot-reloader-client.js:66
[  537959ms] [INFO] %cDownload the React DevTools for a better development experience: https://react.dev/link/react-devtools font-weight:bold @ webpack-internal:///(app-pages-browser)/./node_modules/next/dist/compiled/react-dom/cjs/react-dom-client.development.js:24514
[  538127ms] [WARNING] Image with src "/logo/logo.webp" has either width or height modified, but not the other. If you use CSS to change the size of your image, also include the styles 'width: "auto"' or 'height: "auto"' to maintain the aspect ratio. @ webpack-internal:///(app-pages-browser)/./node_modules/next/dist/shared/lib/utils/warn-once.js:15
[  541231ms] [WARNING] The resource http://localhost:3000/_next/image?url=%2Fbest%20shots%2FProduct%20image%2Fproduct-bodywash.webp&w=3840&q=75 was preloaded using link preload but not used within a few seconds from the window's load event. Please make sure it has an appropriate `as` value and it is preloaded intentionally. @ http://localhost:3000/:0
[  541231ms] [WARNING] The resource http://localhost:3000/_next/image?url=%2Flogo%2Flogo.webp&w=384&q=75 was preloaded using link preload but not used within a few seconds from the window's load event. Please make sure it has an appropriate `as` value and it is preloaded intentionally. @ http://localhost:3000/:0
[  546140ms] [WARNING] The resource http://localhost:3000/_next/image?url=%2Fbest%20shots%2FProduct%20image%2Fproduct-bodywash.webp&w=3840&q=75 was preloaded using link preload but not used within a few seconds from the window's load event. Please make sure it has an appropriate `as` value and it is preloaded intentionally. @ http://localhost:3000/:0
[  546140ms] [WARNING] The resource http://localhost:3000/_next/image?url=%2Flogo%2Flogo.webp&w=384&q=75 was preloaded using link preload but not used within a few seconds from the window's load event. Please make sure it has an appropriate `as` value and it is preloaded intentionally. @ http://localhost:3000/:0
[  555916ms] [WARNING] The resource http://localhost:3000/_next/image?url=%2Fbest%20shots%2FProduct%20image%2Fproduct-bodywash.webp&w=3840&q=75 was preloaded using link preload but not used within a few seconds from the window's load event. Please make sure it has an appropriate `as` value and it is preloaded intentionally. @ http://localhost:3000/:0
[  555916ms] [WARNING] The resource http://localhost:3000/_next/image?url=%2Flogo%2Flogo.webp&w=384&q=75 was preloaded using link preload but not used within a few seconds from the window's load event. Please make sure it has an appropriate `as` value and it is preloaded intentionally. @ http://localhost:3000/:0
[  561149ms] [WARNING] The resource http://localhost:3000/_next/image?url=%2Fbest%20shots%2FProduct%20image%2Fproduct-bodywash.webp&w=3840&q=75 was preloaded using link preload but not used within a few seconds from the window's load event. Please make sure it has an appropriate `as` value and it is preloaded intentionally. @ http://localhost:3000/:0
[  561149ms] [WARNING] The resource http://localhost:3000/_next/image?url=%2Flogo%2Flogo.webp&w=384&q=75 was preloaded using link preload but not used within a few seconds from the window's load event. Please make sure it has an appropriate `as` value and it is preloaded intentionally. @ http://localhost:3000/:0
[  570980ms] [WARNING] The resource http://localhost:3000/_next/image?url=%2Fbest%20shots%2FProduct%20image%2Fproduct-bodywash.webp&w=3840&q=75 was preloaded using link preload but not used within a few seconds from the window's load event. Please make sure it has an appropriate `as` value and it is preloaded intentionally. @ http://localhost:3000/:0
[  570980ms] [WARNING] The resource http://localhost:3000/_next/image?url=%2Flogo%2Flogo.webp&w=384&q=75 was preloaded using link preload but not used within a few seconds from the window's load event. Please make sure it has an appropriate `as` value and it is preloaded intentionally. @ http://localhost:3000/:0
[  576216ms] [WARNING] The resource http://localhost:3000/_next/image?url=%2Fbest%20shots%2FProduct%20image%2Fproduct-bodywash.webp&w=3840&q=75 was preloaded using link preload but not used within a few seconds from the window's load event. Please make sure it has an appropriate `as` value and it is preloaded intentionally. @ http://localhost:3000/:0
[  576216ms] [WARNING] The resource http://localhost:3000/_next/image?url=%2Flogo%2Flogo.webp&w=384&q=75 was preloaded using link preload but not used within a few seconds from the window's load event. Please make sure it has an appropriate `as` value and it is preloaded intentionally. @ http://localhost:3000/:0
