[      31ms] [ERROR] Failed to load resource: the server responded with a status of 500 (Internal Server Error) @ http://localhost:3000/:0
[     172ms] [INFO] %cDownload the React DevTools for a better development experience: https://react.dev/link/react-devtools font-weight:bold @ webpack-internal:///./node_modules/react-dom/cjs/react-dom-client.development.js:24514
[     202ms] ModuleBuildError: Module build failed (from ./node_modules/next/dist/build/webpack/loaders/next-swc-loader.js):
Error:   x You're importing a component that needs `useRef`. This React hook only works in a client component. To fix, mark the file (or its parent) with the `"use client"` directive.
  | 
  |  Learn more: https://nextjs.org/docs/app/building-your-application/rendering/client-components
  | 
  | 
   ,-[C:\Users\Rahul\Downloads\data\new-design\src\components\LightRays.tsx:1:1]
 1 | import { useRef, useEffect, useState } from 'react';
   :          ^^^^^^
 2 | import { Renderer, Program, Triangle, Mesh } from 'ogl';
 3 | import './LightRays.css';
   `----
  x You're importing a component that needs `useEffect`. This React hook only works in a client component. To fix, mark the file (or its parent) with the `"use client"` directive.
  | 
  |  Learn more: https://nextjs.org/docs/app/building-your-application/rendering/client-components
  | 
  | 
   ,-[C:\Users\Rahul\Downloads\data\new-design\src\components\LightRays.tsx:1:1]
 1 | import { useRef, useEffect, useState } from 'react';
   :                  ^^^^^^^^^
 2 | import { Renderer, Program, Triangle, Mesh } from 'ogl';
 3 | import './LightRays.css';
   `----
  x You're importing a component that needs `useState`. This React hook only works in a client component. To fix, mark the file (or its parent) with the `"use client"` directive.
  | 
  |  Learn more: https://nextjs.org/docs/app/building-your-application/rendering/client-components
  | 
  | 
   ,-[C:\Users\Rahul\Downloads\data\new-design\src\components\LightRays.tsx:1:1]
 1 | import { useRef, useEffect, useState } from 'react';
   :                             ^^^^^^^^
 2 | import { Renderer, Program, Triangle, Mesh } from 'ogl';
 3 | import './LightRays.css';
   `----

    at processResult (file://C:\Users\Rahul\Downloads\data\new-design\node_modules\next\dist\compiled\webpack\bundle5.js:28:400616)
    at <unknown> (file://C:\Users\Rahul\Downloads\data\new-design\node_modules\next\dist\compiled\webpack\bundle5.js:28:402328)
    at <unknown> (file://C:\Users\Rahul\Downloads\data\new-design\node_modules\next\dist\compiled\loader-runner\LoaderRunner.js:1:8645)
    at <unknown> (file://C:\Users\Rahul\Downloads\data\new-design\node_modules\next\dist\compiled\loader-runner\LoaderRunner.js:1:5019)
    at r.callback (file://C:\Users\Rahul\Downloads\data\new-design\node_modules\next\dist\compiled\loader-runner\LoaderRunner.js:1:4039)
[     200ms] [LOG] [HMR] connected @ webpack-internal:///./node_modules/next/dist/client/components/react-dev-overlay/pages/websocket.js:41
[     202ms] [ERROR] ./src/components/LightRays.tsx
Error:   x You're importing a component that needs `useRef`. This React hook only works in a client component. To fix, mark the file (or its parent) with the `"use client"` directive.
  | 
  |  Learn more: https://nextjs.org/docs/app/building-your-application/rendering/client-components
  | 
  | 
   ,-[C:\Users\Rahul\Downloads\data\new-design\src\components\LightRays.tsx:1:1]
 1 | import { useRef, useEffect, useState } from 'react';
   :          ^^^^^^
 2 | import { Renderer, Program, Triangle, Mesh } from 'ogl';
 3 | import './LightRays.css';
   `----
  x You're importing a component that needs `useEffect`. This React hook only works in a client component. To fix, mark the file (or its parent) with the `"use client"` directive.
  | 
  |  Learn more: https://nextjs.org/docs/app/building-your-application/rendering/client-components
  | 
  | 
   ,-[C:\Users\Rahul\Downloads\data\new-design\src\components\LightRays.tsx:1:1]
 1 | import { useRef, useEffect, useState } from 'react';
   :                  ^^^^^^^^^
 2 | import { Renderer, Program, Triangle, Mesh } from 'ogl';
 3 | import './LightRays.css';
   `----
  x You're importing a component that needs `useState`. This React hook only works in a client component. To fix, mark the file (or its parent) with the `"use client"` directive.
  | 
  |  Learn more: https://nextjs.org/docs/app/building-your-application/rendering/client-components
  | 
  | 
   ,-[C:\Users\Rahul\Downloads\data\new-design\src\components\LightRays.tsx:1:1]
 1 | import { useRef, useEffect, useState } from 'react';
   :                             ^^^^^^^^
 2 | import { Renderer, Program, Triangle, Mesh } from 'ogl';
 3 | import './LightRays.css';
   `---- @ webpack-internal:///./node_modules/next/dist/client/components/react-dev-overlay/pages/client.js:84
[   15647ms] [LOG] [Fast Refresh] rebuilding @ webpack-internal:///./node_modules/next/dist/client/components/react-dev-overlay/pages/hot-reloader-client.js:221
[   16368ms] [LOG] [Fast Refresh] rebuilding @ webpack-internal:///./node_modules/next/dist/client/components/react-dev-overlay/pages/hot-reloader-client.js:221
[   16639ms] [ERROR] Failed to load resource: the server responded with a status of 404 (Not Found) @ http://localhost:3000/_next/static/webpack/aa40b0468955aef8.webpack.hot-update.json:0
[   16640ms] [WARNING] [Fast Refresh] performing full reload because your application had an unrecoverable error @ webpack-internal:///./node_modules/next/dist/client/components/react-dev-overlay/pages/hot-reloader-client.js:352
[   17172ms] [INFO] %cDownload the React DevTools for a better development experience: https://react.dev/link/react-devtools font-weight:bold @ webpack-internal:///(app-pages-browser)/./node_modules/next/dist/compiled/react-dom/cjs/react-dom-client.development.js:24514
[   17300ms] [WARNING] Image with src "/logo/logo.webp" has either width or height modified, but not the other. If you use CSS to change the size of your image, also include the styles 'width: "auto"' or 'height: "auto"' to maintain the aspect ratio. @ webpack-internal:///(app-pages-browser)/./node_modules/next/dist/shared/lib/utils/warn-once.js:15
[   17354ms] [WARNING] Image with src "/best shots/Product image/product-molton-brown.webp" has "fill" but is missing "sizes" prop. Please add it to improve page performance. Read more: https://nextjs.org/docs/api-reference/next/image#sizes @ webpack-internal:///(app-pages-browser)/./node_modules/next/dist/shared/lib/utils/warn-once.js:15
[   20519ms] [WARNING] The resource http://localhost:3000/_next/image?url=%2Fbest%20shots%2FProduct%20image%2Fproduct-molton-brown.webp&w=3840&q=75 was preloaded using link preload but not used within a few seconds from the window's load event. Please make sure it has an appropriate `as` value and it is preloaded intentionally. @ http://localhost:3000/:0
[   20519ms] [WARNING] The resource http://localhost:3000/_next/image?url=%2Flogo%2Flogo.webp&w=384&q=75 was preloaded using link preload but not used within a few seconds from the window's load event. Please make sure it has an appropriate `as` value and it is preloaded intentionally. @ http://localhost:3000/:0
